Component: ARM Compiler 5.05 update 1 (build 106) Tool: armlink [4d0efa]

==============================================================================

Section Cross References

    main.o(.text) refers to adc.o(.text) for Get_Adc_Average
    main.o(.text) refers to motor.o(.text) for Motor_Contrl
    main.o(.text) refers to bee.o(.text) for Bee_Contrl
    main.o(.text) refers to power.o(.text) for Power_Contrl
    main.o(.text) refers to stm32f10x_adc.o(.text) for ADC_Cmd
    main.o(.text) refers to stm32f10x_rcc.o(.text) for RCC_APB2PeriphClockCmd
    main.o(.text) refers to stm32f10x_usart.o(.text) for USART_Cmd
    main.o(.text) refers to wkup.o(.text) for Sys_Enter_Standby
    main.o(.text) refers to os_time.o(.text) for OSTimeDlyHMSM
    main.o(.text) refers to usart3.o(.text) for usart_scan
    main.o(.text) refers to delay.o(.text) for delay_ms
    main.o(.text) refers to os_sem.o(.text) for OSSemPend
    main.o(.text) refers to os_tmr.o(.text) for OSTmrStop
    main.o(.text) refers to main.o(.data) for led_red_flag
    main.o(.text) refers to main.o(.bss) for NegativeSem
    main.o(.text) refers to f2d.o(x$fpl$f2d) for __aeabi_f2d
    main.o(.text) refers to daddsub_clz.o(x$fpl$dadd) for __aeabi_dadd
    main.o(.text) refers to dfixu.o(x$fpl$dfixu) for __aeabi_d2uiz
    main.o(.text) refers to 24cxx.o(.text) for Data_Store
    main.o(.text) refers to exti.o(.text) for EXTIX_Init
    main.o(.text) refers to stm32f10x_gpio.o(.text) for GPIO_EXTILineConfig
    main.o(.text) refers to stm32f10x_exti.o(.text) for EXTI_Init
    main.o(.text) refers to ds1302.o(.text) for DS1302_GPIO_Init
    main.o(.text) refers to fflt_clz.o(x$fpl$ffltu) for __aeabi_ui2f
    main.o(.text) refers to ds1302.o(.data) for disp
    main.o(.text) refers to ddiv.o(x$fpl$ddiv) for __aeabi_ddiv
    main.o(.text) refers to d2f.o(x$fpl$d2f) for __aeabi_d2f
    main.o(.text) refers to faddsub_clz.o(x$fpl$frsb) for __aeabi_frsub
    main.o(.text) refers to cpu_core.o(.text) for CPU_Init
    main.o(.text) refers to os_stat.o(.text) for OSStatTaskCPUUsageInit
    main.o(.text) refers to os_core.o(.text) for OSSchedRoundRobinCfg
    main.o(.text) refers to cpu_a.o(.text) for CPU_SR_Save
    main.o(.text) refers to os_task.o(.text) for OSTaskCreate
    main.o(.text) refers to os_var.o(.data) for OSSchedLockNestingCtr
    main.o(.text) refers to myiic.o(.text) for IIC_Off
    main.o(.text) refers to misc.o(.text) for NVIC_PriorityGroupConfig
    main.o(.text) refers to usart.o(.text) for uart_init
    main.o(.text) refers to gpio.o(.text) for Gpio_Init
    main.o(.text) refers to led.o(.text) for LED_Init
    system_stm32f10x.o(.text) refers to system_stm32f10x.o(.data) for SystemCoreClock
    led.o(.text) refers to stm32f10x_rcc.o(.text) for RCC_APB2PeriphClockCmd
    led.o(.text) refers to stm32f10x_gpio.o(.text) for GPIO_Init
    adc.o(.text) refers to stm32f10x_rcc.o(.text) for RCC_APB2PeriphClockCmd
    adc.o(.text) refers to stm32f10x_gpio.o(.text) for GPIO_Init
    adc.o(.text) refers to stm32f10x_adc.o(.text) for ADC_DeInit
    adc.o(.text) refers to delay.o(.text) for delay_ms
    adc.o(.text) refers to fflt_clz.o(x$fpl$ffltu) for __aeabi_ui2f
    adc.o(.text) refers to f2d.o(x$fpl$f2d) for __aeabi_f2d
    adc.o(.text) refers to dmul.o(x$fpl$dmul) for __aeabi_dmul
    adc.o(.text) refers to d2f.o(x$fpl$d2f) for __aeabi_d2f
    adc.o(.text) refers to ffixu.o(x$fpl$ffixu) for __aeabi_f2uiz
    adc.o(.text) refers to faddsub_clz.o(x$fpl$frsb) for __aeabi_frsub
    adc.o(.text) refers to fmul.o(x$fpl$fmul) for __aeabi_fmul
    exti.o(.text) refers to stm32f10x_rcc.o(.text) for RCC_APB2PeriphClockCmd
    exti.o(.text) refers to key.o(.text) for KEY_Init
    exti.o(.text) refers to stm32f10x_gpio.o(.text) for GPIO_EXTILineConfig
    exti.o(.text) refers to stm32f10x_exti.o(.text) for EXTI_Init
    exti.o(.text) refers to misc.o(.text) for NVIC_Init
    exti.o(.text) refers to os_core.o(.text) for OSIntEnter
    exti.o(.text) refers to delay.o(.text) for delay_ms
    exti.o(.text) refers to system_stm32f10x.o(.text) for SystemInit
    exti.o(.text) refers to usart.o(.text) for uart_init
    exti.o(.text) refers to usart3.o(.text) for uart3_init
    exti.o(.text) refers to main.o(.data) for bluetooth_on
    key.o(.text) refers to stm32f10x_rcc.o(.text) for RCC_APB2PeriphClockCmd
    key.o(.text) refers to stm32f10x_gpio.o(.text) for GPIO_PinRemapConfig
    24cxx.o(.text) refers to myiic.o(.text) for IIC_Init
    24cxx.o(.text) refers to delay.o(.text) for delay_ms
    24cxx.o(.text) refers to ds1302.o(.text) for DS1302_GPIO_Init
    24cxx.o(.text) refers to rt_memclr.o(.text) for __aeabi_memclr
    24cxx.o(.text) refers to noretval__2printf.o(.text) for __2printf
    24cxx.o(.text) refers to ds1302.o(.data) for disp
    24cxx.o(.text) refers to 24cxx.o(.bss) for store_stack
    myiic.o(.text) refers to stm32f10x_rcc.o(.text) for RCC_APB2PeriphClockCmd
    myiic.o(.text) refers to stm32f10x_gpio.o(.text) for GPIO_Init
[...]
    SysTick_CLKSourceConfig                  0x08002cb7   Thumb Code    40  misc.o(.text)
    GPIO_DeInit                              0x08002cf5   Thumb Code   172  stm32f10x_gpio.o(.text)
    GPIO_AFIODeInit                          0x08002da1   Thumb Code    20  stm32f10x_gpio.o(.text)
    GPIO_Init                                0x08002db5   Thumb Code   278  stm32f10x_gpio.o(.text)
    GPIO_StructInit                          0x08002ecb   Thumb Code    16  stm32f10x_gpio.o(.text)
    GPIO_ReadInputDataBit                    0x08002edb   Thumb Code    18  stm32f10x_gpio.o(.text)
    GPIO_ReadInputData                       0x08002eed   Thumb Code     8  stm32f10x_gpio.o(.text)
    GPIO_ReadOutputDataBit                   0x08002ef5   Thumb Code    18  stm32f10x_gpio.o(.text)
    GPIO_ReadOutputData                      0x08002f07   Thumb Code     8  stm32f10x_gpio.o(.text)
    GPIO_SetBits                             0x08002f0f   Thumb Code     4  stm32f10x_gpio.o(.text)
    GPIO_ResetBits                           0x08002f13   Thumb Code     4  stm32f10x_gpio.o(.text)
    GPIO_WriteBit                            0x08002f17   Thumb Code    10  stm32f10x_gpio.o(.text)
    GPIO_Write                               0x08002f21   Thumb Code     4  stm32f10x_gpio.o(.text)
    GPIO_PinLockConfig                       0x08002f25   Thumb Code    18  stm32f10x_gpio.o(.text)
    GPIO_EventOutputConfig                   0x08002f37   Thumb Code    26  stm32f10x_gpio.o(.text)
    GPIO_EventOutputCmd                      0x08002f51   Thumb Code     6  stm32f10x_gpio.o(.text)
    GPIO_PinRemapConfig                      0x08002f57   Thumb Code   138  stm32f10x_gpio.o(.text)
    GPIO_EXTILineConfig                      0x08002fe1   Thumb Code    66  stm32f10x_gpio.o(.text)
    GPIO_ETH_MediaInterfaceConfig            0x08003023   Thumb Code     8  stm32f10x_gpio.o(.text)
    USART_DeInit                             0x08003051   Thumb Code   134  stm32f10x_usart.o(.text)
    USART_Init                               0x080030d7   Thumb Code   210  stm32f10x_usart.o(.text)
    USART_StructInit                         0x080031a9   Thumb Code    24  stm32f10x_usart.o(.text)
    USART_ClockInit                          0x080031c1   Thumb Code    34  stm32f10x_usart.o(.text)
    USART_ClockStructInit                    0x080031e3   Thumb Code    12  stm32f10x_usart.o(.text)
    USART_Cmd                                0x080031ef   Thumb Code    24  stm32f10x_usart.o(.text)
    USART_ITConfig                           0x08003207   Thumb Code    74  stm32f10x_usart.o(.text)
    USART_DMACmd                             0x08003251   Thumb Code    18  stm32f10x_usart.o(.text)
    USART_SetAddress                         0x08003263   Thumb Code    18  stm32f10x_usart.o(.text)
    USART_WakeUpConfig                       0x08003275   Thumb Code    18  stm32f10x_usart.o(.text)
    USART_ReceiverWakeUpCmd                  0x08003287   Thumb Code    24  stm32f10x_usart.o(.text)
    USART_LINBreakDetectLengthConfig         0x0800329f   Thumb Code    18  stm32f10x_usart.o(.text)
    USART_LINCmd                             0x080032b1   Thumb Code    24  stm32f10x_usart.o(.text)
    USART_SendData                           0x080032c9   Thumb Code     8  stm32f10x_usart.o(.text)
    USART_ReceiveData                        0x080032d1   Thumb Code    10  stm32f10x_usart.o(.text)
    USART_SendBreak                          0x080032db   Thumb Code    10  stm32f10x_usart.o(.text)
    USART_SetGuardTime                       0x080032e5   Thumb Code    16  stm32f10x_usart.o(.text)
    USART_SetPrescaler                       0x080032f5   Thumb Code    16  stm32f10x_usart.o(.text)
    USART_SmartCardCmd                       0x08003305   Thumb Code    24  stm32f10x_usart.o(.text)
    USART_SmartCardNACKCmd                   0x0800331d   Thumb Code    24  stm32f10x_usart.o(.text)
    USART_HalfDuplexCmd                      0x08003335   Thumb Code    24  stm32f10x_usart.o(.text)
    USART_OverSampling8Cmd                   0x0800334d   Thumb Code    22  stm32f10x_usart.o(.text)
    USART_OneBitMethodCmd                    0x08003363   Thumb Code    24  stm32f10x_usart.o(.text)
    USART_IrDAConfig                         0x0800337b   Thumb Code    18  stm32f10x_usart.o(.text)
    USART_IrDACmd                            0x0800338d   Thumb Code    24  stm32f10x_usart.o(.text)
    USART_GetFlagStatus                      0x080033a5   Thumb Code    26  stm32f10x_usart.o(.text)
    USART_ClearFlag                          0x080033bf   Thumb Code    18  stm32f10x_usart.o(.text)
    USART_GetITStatus                        0x080033d1   Thumb Code    84  stm32f10x_usart.o(.text)
    USART_ClearITPendingBit                  0x08003425   Thumb Code    52  stm32f10x_usart.o(.text)
    RCC_DeInit                               0x08003459   Thumb Code    64  stm32f10x_rcc.o(.text)
    RCC_HSEConfig                            0x08003499   Thumb Code    70  stm32f10x_rcc.o(.text)
    RCC_GetFlagStatus                        0x080034df   Thumb Code    56  stm32f10x_rcc.o(.text)
    RCC_WaitForHSEStartUp                    0x08003517   Thumb Code    56  stm32f10x_rcc.o(.text)
    RCC_AdjustHSICalibrationValue            0x0800354f   Thumb Code    20  stm32f10x_rcc.o(.text)
    RCC_HSICmd                               0x08003563   Thumb Code     6  stm32f10x_rcc.o(.text)
    RCC_PLLConfig                            0x08003569   Thumb Code    24  stm32f10x_rcc.o(.text)
    RCC_PLLCmd                               0x08003581   Thumb Code     6  stm32f10x_rcc.o(.text)
    RCC_SYSCLKConfig                         0x08003587   Thumb Code    18  stm32f10x_rcc.o(.text)
    RCC_GetSYSCLKSource                      0x08003599   Thumb Code    10  stm32f10x_rcc.o(.text)
    RCC_HCLKConfig                           0x080035a3   Thumb Code    18  stm32f10x_rcc.o(.text)
    RCC_PCLK1Config                          0x080035b5   Thumb Code    18  stm32f10x_rcc.o(.text)
    RCC_PCLK2Config                          0x080035c7   Thumb Code    20  stm32f10x_rcc.o(.text)
    RCC_ITConfig                             0x080035db   Thumb Code    26  stm32f10x_rcc.o(.text)
    RCC_USBCLKConfig                         0x080035f5   Thumb Code     8  stm32f10x_rcc.o(.text)
    RCC_ADCCLKConfig                         0x080035fd   Thumb Code    18  stm32f10x_rcc.o(.text)
    RCC_LSEConfig                            0x0800360f   Thumb Code    50  stm32f10x_rcc.o(.text)
    RCC_LSICmd                               0x08003641   Thumb Code     6  stm32f10x_rcc.o(.text)
    RCC_RTCCLKConfig                         0x08003647   Thumb Code    12  stm32f10x_rcc.o(.text)
    RCC_RTCCLKCmd                            0x08003653   Thumb Code     8  stm32f10x_rcc.o(.text)
    RCC_GetClocksFreq                        0x0800365b   Thumb Code   192  stm32f10x_rcc.o(.text)
    RCC_AHBPeriphClockCmd                    0x0800371b   Thumb Code    26  stm32f10x_rcc.o(.text)
    RCC_APB2PeriphClockCmd                   0x08003735   Thumb Code    26  stm32f10x_rcc.o(.text)
    RCC_APB1PeriphClockCmd                   0x0800374f   Thumb Code    26  stm32f10x_rcc.o(.text)
    RCC_APB2PeriphResetCmd                   0x08003769   Thumb Code    26  stm32f10x_rcc.o(.text)
    RCC_APB1PeriphResetCmd                   0x08003783   Thumb Code    26  stm32f10x_rcc.o(.text)
    RCC_BackupResetCmd                       0x0800379d   Thumb Code     8  stm32f10x_rcc.o(.text)
    RCC_ClockSecuritySystemCmd               0x080037a5   Thumb Code     6  stm32f10x_rcc.o(.text)
    RCC_MCOConfig                            0x080037ab   Thumb Code     6  stm32f10x_rcc.o(.text)
    RCC_ClearFlag                            0x080037b1   Thumb Code    14  stm32f10x_rcc.o(.text)
    RCC_GetITStatus                          0x080037bf   Thumb Code    20  stm32f10x_rcc.o(.text)
    RCC_ClearITPendingBit                    0x080037d3   Thumb Code     6  stm32f10x_rcc.o(.text)
    ADC_DeInit                               0x080037fd   Thumb Code    78  stm32f10x_adc.o(.text)
    ADC_Init                                 0x0800384b   Thumb Code    70  stm32f10x_adc.o(.text)
    ADC_StructInit                           0x08003891   Thumb Code    18  stm32f10x_adc.o(.text)
    ADC_Cmd                                  0x080038a3   Thumb Code    22  stm32f10x_adc.o(.text)
    ADC_DMACmd                               0x080038b9   Thumb Code    22  stm32f10x_adc.o(.text)
    ADC_ITConfig                             0x080038cf   Thumb Code    24  stm32f10x_adc.o(.text)
    ADC_ResetCalibration                     0x080038e7   Thumb Code    10  stm32f10x_adc.o(.text)
    ADC_GetResetCalibrationStatus            0x080038f1   Thumb Code    20  stm32f10x_adc.o(.text)
    ADC_StartCalibration                     0x08003905   Thumb Code    10  stm32f10x_adc.o(.text)
    ADC_GetCalibrationStatus                 0x0800390f   Thumb Code    20  stm32f10x_adc.o(.text)
    ADC_SoftwareStartConvCmd                 0x08003923   Thumb Code    22  stm32f10x_adc.o(.text)
    ADC_GetSoftwareStartConvStatus           0x08003939   Thumb Code    20  stm32f10x_adc.o(.text)
    ADC_DiscModeChannelCountConfig           0x0800394d   Thumb Code    24  stm32f10x_adc.o(.text)
    ADC_DiscModeCmd                          0x08003965   Thumb Code    22  stm32f10x_adc.o(.text)
    ADC_RegularChannelConfig                 0x0800397b   Thumb Code   184  stm32f10x_adc.o(.text)
    ADC_ExternalTrigConvCmd                  0x08003a33   Thumb Code    22  stm32f10x_adc.o(.text)
    ADC_GetConversionValue                   0x08003a49   Thumb Code     8  stm32f10x_adc.o(.text)
    ADC_GetDualModeConversionValue           0x08003a51   Thumb Code     8  stm32f10x_adc.o(.text)
    ADC_AutoInjectedConvCmd                  0x08003a59   Thumb Code    22  stm32f10x_adc.o(.text)
    ADC_InjectedDiscModeCmd                  0x08003a6f   Thumb Code    22  stm32f10x_adc.o(.text)
    ADC_ExternalTrigInjectedConvConfig       0x08003a85   Thumb Code    16  stm32f10x_adc.o(.text)
    ADC_ExternalTrigInjectedConvCmd          0x08003a95   Thumb Code    22  stm32f10x_adc.o(.text)
    ADC_SoftwareStartInjectedConvCmd         0x08003aab   Thumb Code    22  stm32f10x_adc.o(.text)
    ADC_GetSoftwareStartInjectedConvCmdStatus 0x08003ac1   Thumb Code    20  stm32f10x_adc.o(.text)
    ADC_InjectedChannelConfig                0x08003ad5   Thumb Code   130  stm32f10x_adc.o(.text)
    ADC_InjectedSequencerLengthConfig        0x08003b57   Thumb Code    24  stm32f10x_adc.o(.text)
    ADC_SetInjectedOffset                    0x08003b6f   Thumb Code    20  stm32f10x_adc.o(.text)
    ADC_GetInjectedConversionValue           0x08003b83   Thumb Code    28  stm32f10x_adc.o(.text)
    ADC_AnalogWatchdogCmd                    0x08003b9f   Thumb Code    16  stm32f10x_adc.o(.text)
    ADC_AnalogWatchdogThresholdsConfig       0x08003baf   Thumb Code     6  stm32f10x_adc.o(.text)
    ADC_AnalogWatchdogSingleChannelConfig    0x08003bb5   Thumb Code    16  stm32f10x_adc.o(.text)
    ADC_TempSensorVrefintCmd                 0x08003bc5   Thumb Code    64  stm32f10x_adc.o(.text)
    ADC_GetFlagStatus                        0x08003c05   Thumb Code    18  stm32f10x_adc.o(.text)
    ADC_ClearFlag                            0x08003c17   Thumb Code     6  stm32f10x_adc.o(.text)
    ADC_GetITStatus                          0x08003c1d   Thumb Code    36  stm32f10x_adc.o(.text)
    ADC_ClearITPendingBit                    0x08003c41   Thumb Code    10  stm32f10x_adc.o(.text)
    EXTI_DeInit                              0x08003c4d   Thumb Code    28  stm32f10x_exti.o(.text)
    EXTI_Init                                0x08003c69   Thumb Code   142  stm32f10x_exti.o(.text)
    EXTI_StructInit                          0x08003cf7   Thumb Code    16  stm32f10x_exti.o(.text)
    EXTI_GenerateSWInterrupt                 0x08003d07   Thumb Code    16  stm32f10x_exti.o(.text)
    EXTI_GetFlagStatus                       0x08003d17   Thumb Code    22  stm32f10x_exti.o(.text)
    EXTI_ClearFlag                           0x08003d2d   Thumb Code     8  stm32f10x_exti.o(.text)
    EXTI_GetITStatus                         0x08003d35   Thumb Code    34  stm32f10x_exti.o(.text)
    EXTI_ClearITPendingBit                   0x08003d57   Thumb Code     8  stm32f10x_exti.o(.text)
    PWR_DeInit                               0x08003d69   Thumb Code    22  stm32f10x_pwr.o(.text)
    PWR_BackupAccessCmd                      0x08003d7f   Thumb Code     6  stm32f10x_pwr.o(.text)
    PWR_PVDCmd                               0x08003d85   Thumb Code     6  stm32f10x_pwr.o(.text)
    PWR_PVDLevelConfig                       0x08003d8b   Thumb Code    18  stm32f10x_pwr.o(.text)
    PWR_WakeUpPinCmd                         0x08003d9d   Thumb Code     8  stm32f10x_pwr.o(.text)
    PWR_EnterSTOPMode                        0x08003da5   Thumb Code    54  stm32f10x_pwr.o(.text)
    PWR_EnterSTANDBYMode                     0x08003ddb   Thumb Code    42  stm32f10x_pwr.o(.text)
    PWR_GetFlagStatus                        0x08003e05   Thumb Code    20  stm32f10x_pwr.o(.text)
    PWR_ClearFlag                            0x08003e19   Thumb Code    14  stm32f10x_pwr.o(.text)
    BSP_CPU_ClkFreq                          0x08003e35   Thumb Code    16  bsp.o(.text)
    CPU_TS_TmrInit                           0x08003e45   Thumb Code    44  bsp.o(.text)
    CPU_TS_TmrRd                             0x08003e71   Thumb Code     6  bsp.o(.text)
    CPU_TS32_to_uSec                         0x08003e77   Thumb Code    54  bsp.o(.text)
    CPU_NameClr                              0x08003eb9   Thumb Code    42  cpu_core.o(.text)
    CPU_Init                                 0x08003ef9   Thumb Code    12  cpu_core.o(.text)
    CPU_SW_Exception                         0x08003f05   Thumb Code     4  cpu_core.o(.text)
    CPU_NameGet                              0x08003f09   Thumb Code    70  cpu_core.o(.text)
    CPU_NameSet                              0x08003f4f   Thumb Code    96  cpu_core.o(.text)
    CPU_TS_Get32                             0x08003faf   Thumb Code    12  cpu_core.o(.text)
    CPU_TS_Update                            0x08003fbb   Thumb Code     2  cpu_core.o(.text)
    CPU_TS_TmrFreqGet                        0x08003fbd   Thumb Code    30  cpu_core.o(.text)
    CPU_TS_TmrFreqSet                        0x08003fdb   Thumb Code     6  cpu_core.o(.text)
    CPU_CntLeadZeros08                       0x08003fe1   Thumb Code    18  cpu_core.o(.text)
    CPU_CntLeadZeros16                       0x08003ff3   Thumb Code    18  cpu_core.o(.text)
    CPU_CntLeadZeros32                       0x08004005   Thumb Code    18  cpu_core.o(.text)
    CPU_CntLeadZeros64                       0x08004017   Thumb Code   188  cpu_core.o(.text)
    CPU_CntTrailZeros08                      0x080040d3   Thumb Code    22  cpu_core.o(.text)
    CPU_CntTrailZeros16                      0x080040e9   Thumb Code    22  cpu_core.o(.text)
    CPU_CntTrailZeros32                      0x080040ff   Thumb Code    22  cpu_core.o(.text)
    CPU_CntTrailZeros64                      0x08004115   Thumb Code    62  cpu_core.o(.text)
    CPU_IntDis                               0x08004161   Thumb Code     0  cpu_a.o(.text)
    CPU_IntEn                                0x08004165   Thumb Code     0  cpu_a.o(.text)
    CPU_SR_Save                              0x08004169   Thumb Code     0  cpu_a.o(.text)
    CPU_SR_Restore                           0x08004171   Thumb Code     0  cpu_a.o(.text)
    CPU_WaitForInt                           0x08004177   Thumb Code     0  cpu_a.o(.text)
    CPU_WaitForExcept                        0x0800417b   Thumb Code     0  cpu_a.o(.text)
    CPU_CntLeadZeros                         0x0800417f   Thumb Code     0  cpu_a.o(.text)
    CPU_CntTrailZeros                        0x08004185   Thumb Code     0  cpu_a.o(.text)
    CPU_RevBits                              0x0800418f   Thumb Code     0  cpu_a.o(.text)
    ASCII_IsAlpha                            0x08004195   Thumb Code    48  lib_ascii.o(.text)
    ASCII_IsAlphaNum                         0x080041c5   Thumb Code    76  lib_ascii.o(.text)
    ASCII_IsLower                            0x08004211   Thumb Code    20  lib_ascii.o(.text)
    ASCII_IsUpper                            0x08004225   Thumb Code    20  lib_ascii.o(.text)
    ASCII_IsDig                              0x08004239   Thumb Code    20  lib_ascii.o(.text)
    ASCII_IsDigOct                           0x0800424d   Thumb Code    20  lib_ascii.o(.text)
    ASCII_IsDigHex                           0x08004261   Thumb Code    36  lib_ascii.o(.text)
    ASCII_IsBlank                            0x08004285   Thumb Code    20  lib_ascii.o(.text)
    ASCII_IsSpace                            0x08004299   Thumb Code    36  lib_ascii.o(.text)
    ASCII_IsPrint                            0x080042bd   Thumb Code    20  lib_ascii.o(.text)
    ASCII_IsGraph                            0x080042d1   Thumb Code    20  lib_ascii.o(.text)
    ASCII_IsPunct                            0x080042e5   Thumb Code   134  lib_ascii.o(.text)
    ASCII_IsCtrl                             0x0800436b   Thumb Code    26  lib_ascii.o(.text)
    ASCII_ToLower                            0x08004385   Thumb Code    32  lib_ascii.o(.text)
    ASCII_ToUpper                            0x080043a5   Thumb Code    32  lib_ascii.o(.text)
    ASCII_Cmp                                0x080043c5   Thumb Code    38  lib_ascii.o(.text)
    Mem_Init                                 0x080043ed   Thumb Code    54  lib_mem.o(.text)
    Mem_Set                                  0x08004423   Thumb Code    84  lib_mem.o(.text)
    Mem_Clr                                  0x08004477   Thumb Code    18  lib_mem.o(.text)
    Mem_Move                                 0x08004489   Thumb Code   186  lib_mem.o(.text)
    Mem_Cmp                                  0x08004543   Thumb Code   192  lib_mem.o(.text)
    Mem_HeapAlloc                            0x0800467b   Thumb Code   168  lib_mem.o(.text)
    Mem_SegGetSizeRem                        0x08004723   Thumb Code   108  lib_mem.o(.text)
    Mem_HeapGetSizeRem                       0x0800478f   Thumb Code    22  lib_mem.o(.text)
    Mem_PoolClr                              0x080047a5   Thumb Code    80  lib_mem.o(.text)
    Mem_PoolCreate                           0x080047f5   Thumb Code   838  lib_mem.o(.text)
    Mem_PoolBlkGetNbrAvail                   0x08004b3b   Thumb Code    52  lib_mem.o(.text)
    Mem_PoolBlkGet                           0x08004b6f   Thumb Code   126  lib_mem.o(.text)
    Mem_PoolBlkGetUsedAtIx                   0x08004bed   Thumb Code   140  lib_mem.o(.text)
    Mem_PoolBlkFree                          0x08004c79   Thumb Code   152  lib_mem.o(.text)
    Mem_PoolBlkIxGet                         0x08004d11   Thumb Code   162  lib_mem.o(.text)
    Str_Len_N                                0x08004db5   Thumb Code    28  lib_str.o(.text)
    Str_Len                                  0x08004dd1   Thumb Code    20  lib_str.o(.text)
    Str_Copy_N                               0x08004de5   Thumb Code    70  lib_str.o(.text)
    Str_Copy                                 0x08004e2b   Thumb Code    24  lib_str.o(.text)
    Str_Cat_N                                0x08004e43   Thumb Code    90  lib_str.o(.text)
    Str_Cat                                  0x08004e9d   Thumb Code    24  lib_str.o(.text)
    Str_Cmp_N                                0x08004eb5   Thumb Code   156  lib_str.o(.text)
    Str_Cmp                                  0x08004f51   Thumb Code    24  lib_str.o(.text)
    Str_CmpIgnoreCase_N                      0x08004f69   Thumb Code   264  lib_str.o(.text)
    Str_CmpIgnoreCase                        0x08005071   Thumb Code    24  lib_str.o(.text)
    Str_Char_N                               0x08005089   Thumb Code    74  lib_str.o(.text)
    Str_Char                                 0x080050d3   Thumb Code    24  lib_str.o(.text)
    Str_Char_Last_N                          0x080050eb   Thumb Code    76  lib_str.o(.text)
    Str_Char_Last                            0x08005137   Thumb Code    24  lib_str.o(.text)
    Str_Char_Replace_N                       0x0800514f   Thumb Code    52  lib_str.o(.text)
    Str_Char_Replace                         0x08005183   Thumb Code    28  lib_str.o(.text)
    Str_Str_N                                0x0800519f   Thumb Code   182  lib_str.o(.text)
    Str_Str                                  0x08005255   Thumb Code    24  lib_str.o(.text)
    Str_FmtNbr_Int32U                        0x08005449   Thumb Code    46  lib_str.o(.text)
    Str_FmtNbr_Int32S                        0x08005477   Thumb Code    62  lib_str.o(.text)
    Str_ParseNbr_Int32U                      0x08005673   Thumb Code    30  lib_str.o(.text)
    Str_ParseNbr_Int32S                      0x08005691   Thumb Code    74  lib_str.o(.text)
    Mem_Copy                                 0x080056e1   Thumb Code     0  lib_mem_a.o(.text)
    OSCfg_Init                               0x08005901   Thumb Code    86  os_cfg_app.o(.text)
    OS_IdleTask                              0x080059fd   Thumb Code    60  os_core.o(.text)
    OS_IdleTaskInit                          0x08005a39   Thumb Code    68  os_core.o(.text)
    OS_RdyListInit                           0x08005a7d   Thumb Code    32  os_core.o(.text)
    OSInit                                   0x08005a9d   Thumb Code   300  os_core.o(.text)
    OSIntEnter                               0x08005bc9   Thumb Code    34  os_core.o(.text)
    OSIntExit                                0x08005beb   Thumb Code   192  os_core.o(.text)
    OSSched                                  0x08005cab   Thumb Code   134  os_core.o(.text)
    OS_SchedLockTimeMeasStart                0x08005d31   Thumb Code    20  os_core.o(.text)
    OSSchedLock                              0x08005d45   Thumb Code   104  os_core.o(.text)
    OS_SchedLockTimeMeasStop                 0x08005dad   Thumb Code    44  os_core.o(.text)
    OSSchedUnlock                            0x08005dd9   Thumb Code   290  os_core.o(.text)
    OSSchedRoundRobinCfg                     0x08005efb   Thumb Code    88  os_core.o(.text)
    OS_RdyListMoveHeadToTail                 0x08005f53   Thumb Code    68  os_core.o(.text)
    OSSchedRoundRobinYield                   0x08005f97   Thumb Code   164  os_core.o(.text)
    OSStart                                  0x0800603b   Thumb Code    78  os_core.o(.text)
    OSVersion                                0x08006089   Thumb Code    12  os_core.o(.text)
    OS_PendDbgNameAdd                        0x08006095   Thumb Code    66  os_core.o(.text)
    OS_PendListInsertPrio                    0x080060d7   Thumb Code   102  os_core.o(.text)
    OS_PendDataInit                          0x0800613d   Thumb Code    38  os_core.o(.text)
    OS_RdyListRemove                         0x08006163   Thumb Code    86  os_core.o(.text)
    OS_TaskBlock                             0x080061b9   Thumb Code    56  os_core.o(.text)
    OS_Pend                                  0x080061f1   Thumb Code    98  os_core.o(.text)
    OS_PendListRemove1                       0x08006253   Thumb Code   134  os_core.o(.text)
    OS_PendListRemove                        0x080062d9   Thumb Code    48  os_core.o(.text)
    OS_PendAbort1                            0x08006309   Thumb Code    36  os_core.o(.text)
    OS_RdyListInsertHead                     0x0800632d   Thumb Code    58  os_core.o(.text)
    OS_RdyListInsertTail                     0x08006367   Thumb Code    56  os_core.o(.text)
    OS_RdyListInsert                         0x0800639f   Thumb Code    40  os_core.o(.text)
    OS_TaskRdy                               0x080063c7   Thumb Code    28  os_core.o(.text)
    OS_PendAbort                             0x080063e3   Thumb Code   166  os_core.o(.text)
    OS_PendDbgNameRemove                     0x08006489   Thumb Code    34  os_core.o(.text)
    OS_PendListChangePrio                    0x080064ab   Thumb Code    70  os_core.o(.text)
    OS_PendListInit                          0x080064f1   Thumb Code    10  os_core.o(.text)
    OS_PendListInsertHead                    0x080064fb   Thumb Code    32  os_core.o(.text)
    OS_PendObjDel1                           0x0800651b   Thumb Code    36  os_core.o(.text)
    OS_PendObjDel                            0x0800653f   Thumb Code   162  os_core.o(.text)
    OS_Post1                                 0x080065e1   Thumb Code    42  os_core.o(.text)
    OS_Post                                  0x0800660b   Thumb Code   192  os_core.o(.text)
    OS_Sched0                                0x080066cb   Thumb Code   102  os_core.o(.text)
    OS_SchedRoundRobin                       0x08006731   Thumb Code   190  os_core.o(.text)
    OS_Dbg_Init                              0x08006801   Thumb Code   146  os_dbg.o(.text)
    OS_FlagDbgListAdd                        0x080069b1   Thumb Code    38  os_flag.o(.text)
    OSFlagCreate                             0x080069d7   Thumb Code   172  os_flag.o(.text)
    OS_FlagClr                               0x08006a83   Thumb Code    28  os_flag.o(.text)
    OS_FlagDbgListRemove                     0x08006a9f   Thumb Code    44  os_flag.o(.text)
    OSFlagDel                                0x08006acb   Thumb Code   594  os_flag.o(.text)
    OS_FlagBlock                             0x08006d1d   Thumb Code    58  os_flag.o(.text)
    OSFlagPend                               0x08006d57   Thumb Code  1488  os_flag.o(.text)
    OSFlagPendAbort                          0x08007327   Thumb Code   292  os_flag.o(.text)
    OSFlagPendGetFlagsRdy                    0x0800744b   Thumb Code    68  os_flag.o(.text)
    OS_FlagTaskRdy                           0x0800748f   Thumb Code    86  os_flag.o(.text)
    OS_FlagPost                              0x080074e5   Thumb Code   570  os_flag.o(.text)
    OSFlagPost                               0x0800771f   Thumb Code   146  os_flag.o(.text)
    OS_FlagInit                              0x080077b1   Thumb Code    14  os_flag.o(.text)
    OS_IntQPost                              0x080077d9   Thumb Code   216  os_int.o(.text)
    OS_IntQRePost                            0x080078b1   Thumb Code   360  os_int.o(.text)
    OS_IntQTask                              0x08007a19   Thumb Code   162  os_int.o(.text)
    OS_IntQTaskInit                          0x08007abb   Thumb Code   208  os_int.o(.text)
    OS_MemDbgListAdd                         0x08007c1d   Thumb Code    34  os_mem.o(.text)
    OSMemCreate                              0x08007c3f   Thumb Code   288  os_mem.o(.text)
    OSMemGet                                 0x08007d5f   Thumb Code   100  os_mem.o(.text)
    OSMemPut                                 0x08007dc3   Thumb Code   112  os_mem.o(.text)
    OS_MemInit                               0x08007e33   Thumb Code    14  os_mem.o(.text)
    OS_MsgPoolCreate                         0x08007e55   Thumb Code    54  os_msg.o(.text)
    OS_MsgPoolInit                           0x08007e8b   Thumb Code    70  os_msg.o(.text)
    OS_MsgQFreeAll                           0x08007ed1   Thumb Code    62  os_msg.o(.text)
    OS_MsgQInit                              0x08007f0f   Thumb Code    14  os_msg.o(.text)
    OS_MsgQGet                               0x08007f1d   Thumb Code    98  os_msg.o(.text)
    OS_MsgQPut                               0x08007f7f   Thumb Code   246  os_msg.o(.text)
    OS_MutexDbgListAdd                       0x08008081   Thumb Code    38  os_mutex.o(.text)
    OSMutexCreate                            0x080080a7   Thumb Code   178  os_mutex.o(.text)
    OS_MutexClr                              0x08008159   Thumb Code    38  os_mutex.o(.text)
    OS_MutexDbgListRemove                    0x0800817f   Thumb Code    44  os_mutex.o(.text)
    OSMutexDel                               0x080081ab   Thumb Code   842  os_mutex.o(.text)
    OSMutexPend                              0x080084f5   Thumb Code   706  os_mutex.o(.text)
    OSMutexPendAbort                         0x080087b7   Thumb Code   314  os_mutex.o(.text)
    OSMutexPost                              0x080088f1   Thumb Code   564  os_mutex.o(.text)
    OS_MutexInit                             0x08008b25   Thumb Code    14  os_mutex.o(.text)
    OS_PrioInit                              0x08008b55   Thumb Code    20  os_prio.o(.text)
    OS_PrioGetHighest                        0x08008b69   Thumb Code    36  os_prio.o(.text)
    OS_PrioInsert                            0x08008b8d   Thumb Code    32  os_prio.o(.text)
    OS_PrioRemove                            0x08008bad   Thumb Code    32  os_prio.o(.text)
    OS_QDbgListAdd                           0x08008bd1   Thumb Code    38  os_q.o(.text)
    OSQCreate                                0x08008bf7   Thumb Code   186  os_q.o(.text)
    OS_QClr                                  0x08008cb1   Thumb Code    40  os_q.o(.text)
    OS_QDbgListRemove                        0x08008cd9   Thumb Code    44  os_q.o(.text)
    OSQDel                                   0x08008d05   Thumb Code   362  os_q.o(.text)
    OSQFlush                                 0x08008e6f   Thumb Code   210  os_q.o(.text)
    OSQPend                                  0x08008f41   Thumb Code   538  os_q.o(.text)
    OSQPendAbort                             0x0800915b   Thumb Code   292  os_q.o(.text)
    OS_QPost                                 0x0800927f   Thumb Code   324  os_q.o(.text)
    OSQPost                                  0x080093c3   Thumb Code   198  os_q.o(.text)
    OS_QInit                                 0x08009489   Thumb Code    14  os_q.o(.text)
    OS_SemDbgListAdd                         0x080094a9   Thumb Code    38  os_sem.o(.text)
    OSSemCreate                              0x080094cf   Thumb Code   172  os_sem.o(.text)
    OS_SemClr                                0x0800957b   Thumb Code    28  os_sem.o(.text)
    OS_SemDbgListRemove                      0x08009597   Thumb Code    44  os_sem.o(.text)
    OSSemDel                                 0x080095c3   Thumb Code   362  os_sem.o(.text)
    OSSemPend                                0x0800972d   Thumb Code   504  os_sem.o(.text)
    OSSemPendAbort                           0x08009925   Thumb Code   292  os_sem.o(.text)
    OS_SemPost                               0x08009a49   Thumb Code   350  os_sem.o(.text)
    OSSemPost                                0x08009ba7   Thumb Code   144  os_sem.o(.text)
    OSSemSet                                 0x08009c37   Thumb Code   138  os_sem.o(.text)
    OS_SemInit                               0x08009cc1   Thumb Code    14  os_sem.o(.text)
    OSStatReset                              0x08009cd9   Thumb Code   270  os_stat.o(.text)
    OSStatTaskCPUUsageInit                   0x08009de7   Thumb Code   212  os_stat.o(.text)
    OS_StatTask                              0x08009ebb   Thumb Code   888  os_stat.o(.text)
    OS_StatTaskInit                          0x0800a233   Thumb Code   138  os_stat.o(.text)
    OSTaskChangePrio                         0x0800a311   Thumb Code   416  os_task.o(.text)
    OS_TaskDbgListAdd                        0x0800a4b1   Thumb Code    42  os_task.o(.text)
    OS_TaskInitTCB                           0x0800a4db   Thumb Code   186  os_task.o(.text)
    OSTaskCreate                             0x0800a595   Thumb Code   616  os_task.o(.text)
    OS_TaskDbgListRemove                     0x0800a7fd   Thumb Code    64  os_task.o(.text)
    OSTaskDel                                0x0800a83d   Thumb Code   424  os_task.o(.text)
    OSTaskQFlush                             0x0800a9e5   Thumb Code   214  os_task.o(.text)
    OSTaskQPend                              0x0800aabb   Thumb Code   554  os_task.o(.text)
    OSTaskQPendAbort                         0x0800ace5   Thumb Code   242  os_task.o(.text)
    OS_TaskQPost                             0x0800add7   Thumb Code   526  os_task.o(.text)
    OSTaskQPost                              0x0800afe5   Thumb Code   114  os_task.o(.text)
    OSTaskRegGet                             0x0800b057   Thumb Code    78  os_task.o(.text)
    OSTaskRegGetID                           0x0800b0a5   Thumb Code    84  os_task.o(.text)
    OSTaskRegSet                             0x0800b0f9   Thumb Code    78  os_task.o(.text)
    OS_TaskResume                            0x0800b147   Thumb Code   314  os_task.o(.text)
    OSTaskResume                             0x0800b281   Thumb Code   112  os_task.o(.text)
    OSTaskSemPend                            0x0800b2f1   Thumb Code   550  os_task.o(.text)
    OSTaskSemPendAbort                       0x0800b517   Thumb Code   270  os_task.o(.text)
    OS_TaskSemPost                           0x0800b625   Thumb Code  1224  os_task.o(.text)
    OSTaskSemPost                            0x0800baed   Thumb Code    98  os_task.o(.text)
    OSTaskSemSet                             0x0800bb4f   Thumb Code    80  os_task.o(.text)
    OSTaskStkChk                             0x0800bb9f   Thumb Code   224  os_task.o(.text)
    OS_TaskSuspend                           0x0800bc7f   Thumb Code   328  os_task.o(.text)
    OSTaskSuspend                            0x0800bdc7   Thumb Code    78  os_task.o(.text)
    OSTaskTimeQuantaSet                      0x0800be15   Thumb Code    96  os_task.o(.text)
    OS_TaskInit                              0x0800be75   Thumb Code    18  os_task.o(.text)
    OS_TaskReturn                            0x0800be87   Thumb Code    20  os_task.o(.text)
    OS_TickListRemove                        0x0800bec5   Thumb Code    56  os_tick.o(.text)
    OS_TickListUpdate                        0x0800befd   Thumb Code   480  os_tick.o(.text)
    OS_TickTask                              0x0800c0dd   Thumb Code    38  os_tick.o(.text)
    OS_TickListInit                          0x0800c103   Thumb Code    32  os_tick.o(.text)
    OS_TickTaskInit                          0x0800c123   Thumb Code   130  os_tick.o(.text)
    OS_TickListInsert                        0x0800c1a5   Thumb Code   502  os_tick.o(.text)
    OS_TickListResetPeak                     0x0800c39b   Thumb Code    28  os_tick.o(.text)
    OSTimeDly                                0x0800c3c1   Thumb Code   266  os_time.o(.text)
    OSTimeDlyHMSM                            0x0800c4cb   Thumb Code   480  os_time.o(.text)
    OSTimeDlyResume                          0x0800c6ab   Thumb Code   466  os_time.o(.text)
    OSTimeGet                                0x0800c87d   Thumb Code    46  os_time.o(.text)
    OSTimeSet                                0x0800c8ab   Thumb Code    46  os_time.o(.text)
    OSTimeTick                               0x0800c8d9   Thumb Code    54  os_time.o(.text)
    OS_TmrDbgListAdd                         0x0800c925   Thumb Code    34  os_tmr.o(.text)
    OSTmrCreate                              0x0800c947   Thumb Code   248  os_tmr.o(.text)
    OS_TmrClr                                0x0800ca3f   Thumb Code    36  os_tmr.o(.text)
    OS_TmrUnlink                             0x0800ca63   Thumb Code    72  os_tmr.o(.text)
    OS_TmrDbgListRemove                      0x0800caab   Thumb Code    44  os_tmr.o(.text)
    OSTmrDel                                 0x0800cad7   Thumb Code   176  os_tmr.o(.text)
    OSTmrRemainGet                           0x0800cb87   Thumb Code   184  os_tmr.o(.text)
    OS_TmrLink                               0x0800cc3f   Thumb Code   196  os_tmr.o(.text)
    OSTmrStart                               0x0800cd03   Thumb Code   210  os_tmr.o(.text)
    OSTmrStateGet                            0x0800cdd5   Thumb Code   134  os_tmr.o(.text)
    OSTmrStop                                0x0800ce5b   Thumb Code   232  os_tmr.o(.text)
    OS_TmrTask                               0x0800cf43   Thumb Code   176  os_tmr.o(.text)
    OS_TmrInit                               0x0800cff3   Thumb Code   208  os_tmr.o(.text)
    OS_TmrResetPeak                          0x0800d0c3   Thumb Code    28  os_tmr.o(.text)
    OSIdleTaskHook                           0x0800d13d   Thumb Code    16  os_cpu_c.o(.text)
    OSInitHook                               0x0800d14d   Thumb Code    42  os_cpu_c.o(.text)
    OSStatTaskHook                           0x0800d177   Thumb Code    16  os_cpu_c.o(.text)
    OSTaskCreateHook                         0x0800d187   Thumb Code    20  os_cpu_c.o(.text)
    OSTaskDelHook                            0x0800d19b   Thumb Code    20  os_cpu_c.o(.text)
    OSTaskReturnHook                         0x0800d1af   Thumb Code    20  os_cpu_c.o(.text)
    OSTaskStkInit                            0x0800d1c3   Thumb Code   188  os_cpu_c.o(.text)
    OSTaskSwHook                             0x0800d27f   Thumb Code   120  os_cpu_c.o(.text)
    OSTimeTickHook                           0x0800d2f7   Thumb Code    16  os_cpu_c.o(.text)
    OS_CPU_SysTickHandler                    0x0800d307   Thumb Code    52  os_cpu_c.o(.text)
    OS_CPU_SysTickInit                       0x0800d33b   Thumb Code    44  os_cpu_c.o(.text)
    __use_no_semihosting                     0x0800d3a9   Thumb Code     2  use_no_semi_2.o(.text)
    __aeabi_uldivmod                         0x0800d3ab   Thumb Code     0  lludivv7m.o(.text)
    _ll_udiv                                 0x0800d3ab   Thumb Code   238  lludivv7m.o(.text)
    __2printf                                0x0800d499   Thumb Code    20  noretval__2printf.o(.text)
    __printf                                 0x0800d4b1   Thumb Code   104  __printf.o(.text)
    _printf_int_dec                          0x0800d519   Thumb Code   104  _printf_dec.o(.text)
    strncmp                                  0x0800d591   Thumb Code   150  strncmp.o(.text)
    __aeabi_memclr                           0x0800d627   Thumb Code     0  rt_memclr.o(.text)
    __rt_memclr                              0x0800d627   Thumb Code    68  rt_memclr.o(.text)
    _memset                                  0x0800d62b   Thumb Code     0  rt_memclr.o(.text)
    __aeabi_memclr4                          0x0800d66b   Thumb Code     0  rt_memclr_w.o(.text)
    __aeabi_memclr8                          0x0800d66b   Thumb Code     0  rt_memclr_w.o(.text)
    __rt_memclr_w                            0x0800d66b   Thumb Code    78  rt_memclr_w.o(.text)
    _memset_w                                0x0800d66f   Thumb Code     0  rt_memclr_w.o(.text)
    __use_two_region_memory                  0x0800d6b9   Thumb Code     2  heapauxi.o(.text)
    __rt_heap_escrow$2region                 0x0800d6bb   Thumb Code     2  heapauxi.o(.text)
    __rt_heap_expand$2region                 0x0800d6bd   Thumb Code     2  heapauxi.o(.text)
    __I$use$semihosting                      0x0800d6bf   Thumb Code     0  use_no_semi.o(.text)
    __use_no_semihosting_swi                 0x0800d6bf   Thumb Code     2  use_no_semi.o(.text)
    _printf_int_common                       0x0800d6c1   Thumb Code   178  _printf_intcommon.o(.text)
    _printf_char_file                        0x0800d775   Thumb Code    32  _printf_char_file.o(.text)
    _printf_char_common                      0x0800d7a3   Thumb Code    32  _printf_char_common.o(.text)
    ferror                                   0x0800d7c9   Thumb Code     8  ferror.o(.text)
    __user_setup_stackheap                   0x0800d7d1   Thumb Code    74  sys_stackheap_outer.o(.text)
    exit                                     0x0800d81b   Thumb Code    12  exit.o(.text)
    __user_libspace                          0x0800d829   Thumb Code     8  libspace.o(.text)
    __user_perproc_libspace                  0x0800d829   Thumb Code     0  libspace.o(.text)
    __user_perthread_libspace                0x0800d829   Thumb Code     0  libspace.o(.text)
    OSStartHighRdy                           0x0800d831   Thumb Code     0  os_cpu_a.o(CODE)
    PendSV_Handler                           0x0800d867   Thumb Code     0  os_cpu_a.o(CODE)
    __aeabi_d2f                              0x0800d8c9   Thumb Code     0  d2f.o(x$fpl$d2f)
    _d2f                                     0x0800d8c9   Thumb Code    98  d2f.o(x$fpl$d2f)
    __aeabi_dadd                             0x0800d92d   Thumb Code     0  daddsub_clz.o(x$fpl$dadd)
    _dadd                                    0x0800d92d   Thumb Code   332  daddsub_clz.o(x$fpl$dadd)
    __aeabi_ddiv                             0x0800da7d   Thumb Code     0  ddiv.o(x$fpl$ddiv)
    _ddiv                                    0x0800da7d   Thumb Code   552  ddiv.o(x$fpl$ddiv)
    __aeabi_d2uiz                            0x0800dd2d   Thumb Code     0  dfixu.o(x$fpl$dfixu)
    _dfixu                                   0x0800dd2d   Thumb Code    90  dfixu.o(x$fpl$dfixu)
    __aeabi_dmul                             0x0800dd89   Thumb Code     0  dmul.o(x$fpl$dmul)
    _dmul                                    0x0800dd89   Thumb Code   332  dmul.o(x$fpl$dmul)
    __fpl_dnaninf                            0x0800dedd   Thumb Code   156  dnaninf.o(x$fpl$dnaninf)
    __fpl_dretinf                            0x0800df79   Thumb Code    12  dretinf.o(x$fpl$dretinf)
    __aeabi_dsub                             0x0800df85   Thumb Code     0  daddsub_clz.o(x$fpl$dsub)
    _dsub                                    0x0800df85   Thumb Code   464  daddsub_clz.o(x$fpl$dsub)
    __aeabi_f2d                              0x0800e159   Thumb Code     0  f2d.o(x$fpl$f2d)
    _f2d                                     0x0800e159   Thumb Code    86  f2d.o(x$fpl$f2d)
    __aeabi_fadd                             0x0800e1b1   Thumb Code     0  faddsub_clz.o(x$fpl$fadd)
    _fadd                                    0x0800e1b1   Thumb Code   196  faddsub_clz.o(x$fpl$fadd)
    __aeabi_f2uiz                            0x0800e275   Thumb Code     0  ffixu.o(x$fpl$ffixu)
    _ffixu                                   0x0800e275   Thumb Code    62  ffixu.o(x$fpl$ffixu)
    __aeabi_ui2f                             0x0800e2b5   Thumb Code     0  fflt_clz.o(x$fpl$ffltu)
    _ffltu                                   0x0800e2b5   Thumb Code    38  fflt_clz.o(x$fpl$ffltu)
    __aeabi_fmul                             0x0800e2dd   Thumb Code     0  fmul.o(x$fpl$fmul)
    _fmul                                    0x0800e2dd   Thumb Code   258  fmul.o(x$fpl$fmul)
    __fpl_fnaninf                            0x0800e3df   Thumb Code   140  fnaninf.o(x$fpl$fnaninf)
    __fpl_fretinf                            0x0800e46b   Thumb Code    10  fretinf.o(x$fpl$fretinf)
    __aeabi_frsub                            0x0800e475   Thumb Code     0  faddsub_clz.o(x$fpl$frsb)
    _frsb                                    0x0800e475   Thumb Code    20  faddsub_clz.o(x$fpl$frsb)
    __aeabi_fsub                             0x0800e489   Thumb Code     0  faddsub_clz.o(x$fpl$fsub)
    _fsub                                    0x0800e489   Thumb Code   234  faddsub_clz.o(x$fpl$fsub)
    __I$use$fp                               0x0800e572   Number         0  usenofp.o(x$fpl$usenofp)
    CPU_EndiannessTest                       0x0800e674   Data           4  cpu_core.o(.constdata)
    OSCfg_IdleTaskStkBasePtr                 0x0800e70c   Data           4  os_cfg_app.o(.constdata)
    OSCfg_IdleTaskStkLimit                   0x0800e710   Data           4  os_cfg_app.o(.constdata)
    OSCfg_IdleTaskStkSize                    0x0800e714   Data           4  os_cfg_app.o(.constdata)
    OSCfg_IdleTaskStkSizeRAM                 0x0800e718   Data           4  os_cfg_app.o(.constdata)
    OSCfg_IntQBasePtr                        0x0800e71c   Data           4  os_cfg_app.o(.constdata)
    OSCfg_IntQSize                           0x0800e720   Data           2  os_cfg_app.o(.constdata)
    OSCfg_IntQSizeRAM                        0x0800e724   Data           4  os_cfg_app.o(.constdata)
    OSCfg_IntQTaskStkBasePtr                 0x0800e728   Data           4  os_cfg_app.o(.constdata)
    OSCfg_IntQTaskStkLimit                   0x0800e72c   Data           4  os_cfg_app.o(.constdata)
    OSCfg_IntQTaskStkSize                    0x0800e730   Data           4  os_cfg_app.o(.constdata)
    OSCfg_IntQTaskStkSizeRAM                 0x0800e734   Data           4  os_cfg_app.o(.constdata)
    OSCfg_ISRStkBasePtr                      0x0800e738   Data           4  os_cfg_app.o(.constdata)
    OSCfg_ISRStkSize                         0x0800e73c   Data           4  os_cfg_app.o(.constdata)
    OSCfg_ISRStkSizeRAM                      0x0800e740   Data           4  os_cfg_app.o(.constdata)
    OSCfg_MsgPoolSize                        0x0800e744   Data           2  os_cfg_app.o(.constdata)
    OSCfg_MsgPoolSizeRAM                     0x0800e748   Data           4  os_cfg_app.o(.constdata)
    OSCfg_MsgPoolBasePtr                     0x0800e74c   Data           4  os_cfg_app.o(.constdata)
    OSCfg_StatTaskPrio                       0x0800e750   Data           1  os_cfg_app.o(.constdata)
    OSCfg_StatTaskRate_Hz                    0x0800e754   Data           4  os_cfg_app.o(.constdata)
    OSCfg_StatTaskStkBasePtr                 0x0800e758   Data           4  os_cfg_app.o(.constdata)
    OSCfg_StatTaskStkLimit                   0x0800e75c   Data           4  os_cfg_app.o(.constdata)
    OSCfg_StatTaskStkSize                    0x0800e760   Data           4  os_cfg_app.o(.constdata)
    OSCfg_StatTaskStkSizeRAM                 0x0800e764   Data           4  os_cfg_app.o(.constdata)
    OSCfg_StkSizeMin                         0x0800e768   Data           4  os_cfg_app.o(.constdata)
    OSCfg_TickRate_Hz                        0x0800e76c   Data           4  os_cfg_app.o(.constdata)
    OSCfg_TickTaskPrio                       0x0800e770   Data           1  os_cfg_app.o(.constdata)
    OSCfg_TickTaskStkBasePtr                 0x0800e774   Data           4  os_cfg_app.o(.constdata)
    OSCfg_TickTaskStkLimit                   0x0800e778   Data           4  os_cfg_app.o(.constdata)
    OSCfg_TickTaskStkSize                    0x0800e77c   Data           4  os_cfg_app.o(.constdata)
    OSCfg_TickTaskStkSizeRAM                 0x0800e780   Data           4  os_cfg_app.o(.constdata)
    OSCfg_TickWheelSize                      0x0800e784   Data           2  os_cfg_app.o(.constdata)
    OSCfg_TickWheelSizeRAM                   0x0800e788   Data           4  os_cfg_app.o(.constdata)
    OSCfg_TmrTaskPrio                        0x0800e78c   Data           1  os_cfg_app.o(.constdata)
    OSCfg_TmrTaskRate_Hz                     0x0800e790   Data           4  os_cfg_app.o(.constdata)
    OSCfg_TmrTaskStkBasePtr                  0x0800e794   Data           4  os_cfg_app.o(.constdata)
    OSCfg_TmrTaskStkLimit                    0x0800e798   Data           4  os_cfg_app.o(.constdata)
    OSCfg_TmrTaskStkSize                     0x0800e79c   Data           4  os_cfg_app.o(.constdata)
    OSCfg_TmrTaskStkSizeRAM                  0x0800e7a0   Data           4  os_cfg_app.o(.constdata)
    OSCfg_TmrWheelSize                       0x0800e7a4   Data           2  os_cfg_app.o(.constdata)
    OSCfg_TmrWheelSizeRAM                    0x0800e7a8   Data           4  os_cfg_app.o(.constdata)
    OSCfg_DataSizeRAM                        0x0800e7ac   Data           4  os_cfg_app.o(.constdata)
    OSDbg_DbgEn                              0x0800e7b0   Data           2  os_dbg.o(.constdata)
    OSDbg_ArgChkEn                           0x0800e7b2   Data           1  os_dbg.o(.constdata)
    OSDbg_AppHooksEn                         0x0800e7b3   Data           1  os_dbg.o(.constdata)
    OSDbg_EndiannessTest                     0x0800e7b4   Data           4  os_dbg.o(.constdata)
    OSDbg_CalledFromISRChkEn                 0x0800e7b8   Data           1  os_dbg.o(.constdata)
    OSDbg_FlagEn                             0x0800e7b9   Data           1  os_dbg.o(.constdata)
    OSDbg_FlagGrp                            0x0800e7bc   Data          40  os_dbg.o(.constdata)
    OSDbg_FlagDelEn                          0x0800e7e4   Data           1  os_dbg.o(.constdata)
    OSDbg_FlagModeClrEn                      0x0800e7e5   Data           1  os_dbg.o(.constdata)
    OSDbg_FlagPendAbortEn                    0x0800e7e6   Data           1  os_dbg.o(.constdata)
    OSDbg_FlagGrpSize                        0x0800e7e8   Data           2  os_dbg.o(.constdata)
    OSDbg_FlagWidth                          0x0800e7ea   Data           2  os_dbg.o(.constdata)
    OSDbg_IntQ                               0x0800e7ec   Data           2  os_dbg.o(.constdata)
    OSDbg_ISRPostDeferredEn                  0x0800e7ee   Data           1  os_dbg.o(.constdata)
    OSDbg_Mem                                0x0800e7f0   Data          32  os_dbg.o(.constdata)
    OSDbg_MemEn                              0x0800e810   Data           1  os_dbg.o(.constdata)
    OSDbg_MemSize                            0x0800e812   Data           2  os_dbg.o(.constdata)
    OSDbg_MsgEn                              0x0800e814   Data           1  os_dbg.o(.constdata)
    OSDbg_MsgSize                            0x0800e816   Data           2  os_dbg.o(.constdata)
    OSDbg_MsgPoolSize                        0x0800e818   Data           2  os_dbg.o(.constdata)
    OSDbg_MsgQSize                           0x0800e81a   Data           2  os_dbg.o(.constdata)
    OSDbg_Mutex                              0x0800e81c   Data          44  os_dbg.o(.constdata)
    OSDbg_MutexEn                            0x0800e848   Data           1  os_dbg.o(.constdata)
    OSDbg_MutexDelEn                         0x0800e849   Data           1  os_dbg.o(.constdata)
    OSDbg_MutexPendAbortEn                   0x0800e84a   Data           1  os_dbg.o(.constdata)
    OSDbg_MutexSize                          0x0800e84c   Data           2  os_dbg.o(.constdata)
    OSDbg_ObjTypeChkEn                       0x0800e84e   Data           1  os_dbg.o(.constdata)
    OSDbg_PendMultiEn                        0x0800e84f   Data           1  os_dbg.o(.constdata)
    OSDbg_PendDataSize                       0x0800e850   Data           2  os_dbg.o(.constdata)
    OSDbg_PendListSize                       0x0800e852   Data           2  os_dbg.o(.constdata)
    OSDbg_PendObjSize                        0x0800e854   Data           2  os_dbg.o(.constdata)
    OSDbg_PrioMax                            0x0800e856   Data           2  os_dbg.o(.constdata)
    OSDbg_PrioTblSize                        0x0800e858   Data           2  os_dbg.o(.constdata)
    OSDbg_PtrSize                            0x0800e85a   Data           2  os_dbg.o(.constdata)
    OSDbg_Q                                  0x0800e85c   Data          48  os_dbg.o(.constdata)
    OSDbg_QEn                                0x0800e88c   Data           1  os_dbg.o(.constdata)
    OSDbg_QDelEn                             0x0800e88d   Data           1  os_dbg.o(.constdata)
    OSDbg_QFlushEn                           0x0800e88e   Data           1  os_dbg.o(.constdata)
    OSDbg_QPendAbortEn                       0x0800e88f   Data           1  os_dbg.o(.constdata)
    OSDbg_QSize                              0x0800e890   Data           2  os_dbg.o(.constdata)
    OSDbg_SchedRoundRobinEn                  0x0800e892   Data           1  os_dbg.o(.constdata)
    OSDbg_Sem                                0x0800e894   Data          40  os_dbg.o(.constdata)
    OSDbg_SemEn                              0x0800e8bc   Data           1  os_dbg.o(.constdata)
    OSDbg_SemDelEn                           0x0800e8bd   Data           1  os_dbg.o(.constdata)
    OSDbg_SemPendAbortEn                     0x0800e8be   Data           1  os_dbg.o(.constdata)
    OSDbg_SemSetEn                           0x0800e8bf   Data           1  os_dbg.o(.constdata)
    OSDbg_SemSize                            0x0800e8c0   Data           2  os_dbg.o(.constdata)
    OSDbg_RdyList                            0x0800e8c2   Data           2  os_dbg.o(.constdata)
    OSDbg_RdyListSize                        0x0800e8c4   Data           4  os_dbg.o(.constdata)
    OSDbg_StkWidth                           0x0800e8c8   Data           1  os_dbg.o(.constdata)
    OSDbg_StatTaskEn                         0x0800e8c9   Data           1  os_dbg.o(.constdata)
    OSDbg_StatTaskStkChkEn                   0x0800e8ca   Data           1  os_dbg.o(.constdata)
    OSDbg_TaskChangePrioEn                   0x0800e8cb   Data           1  os_dbg.o(.constdata)
    OSDbg_TaskDelEn                          0x0800e8cc   Data           1  os_dbg.o(.constdata)
    OSDbg_TaskQEn                            0x0800e8cd   Data           1  os_dbg.o(.constdata)
    OSDbg_TaskQPendAbortEn                   0x0800e8ce   Data           1  os_dbg.o(.constdata)
    OSDbg_TaskProfileEn                      0x0800e8cf   Data           1  os_dbg.o(.constdata)
    OSDbg_TaskRegTblSize                     0x0800e8d0   Data           2  os_dbg.o(.constdata)
    OSDbg_TaskSemPendAbortEn                 0x0800e8d2   Data           1  os_dbg.o(.constdata)
    OSDbg_TaskSuspendEn                      0x0800e8d3   Data           1  os_dbg.o(.constdata)
    OSDbg_TCBSize                            0x0800e8d4   Data           2  os_dbg.o(.constdata)
    OSDbg_TickSpokeSize                      0x0800e8d6   Data           2  os_dbg.o(.constdata)
    OSDbg_TimeDlyHMSMEn                      0x0800e8d8   Data           1  os_dbg.o(.constdata)
    OSDbg_TimeDlyResumeEn                    0x0800e8d9   Data           1  os_dbg.o(.constdata)
    OSDbg_TLS_TblSize                        0x0800e8da   Data           2  os_dbg.o(.constdata)
    OSDbg_Tmr                                0x0800e8dc   Data          52  os_dbg.o(.constdata)
    OSDbg_TmrEn                              0x0800e910   Data           1  os_dbg.o(.constdata)
    OSDbg_TmrDelEn                           0x0800e911   Data           1  os_dbg.o(.constdata)
    OSDbg_TmrSize                            0x0800e912   Data           2  os_dbg.o(.constdata)
    OSDbg_TmrSpokeSize                       0x0800e914   Data           2  os_dbg.o(.constdata)
    OSDbg_VersionNbr                         0x0800e916   Data           2  os_dbg.o(.constdata)
    OSDbg_DataSize                           0x0800e918   Data           4  os_dbg.o(.constdata)
    Region$$Table$$Base                      0x0800e91c   Number         0  anon$$obj.o(Region$$Table)
    Region$$Table$$Limit                     0x0800e93c   Number         0  anon$$obj.o(Region$$Table)
    seattime                                 0x20000000   Data           2  main.o(.data)
    power_flag                               0x20000002   Data           1  main.o(.data)
    active_flag                              0x20000003   Data           1  main.o(.data)
    negative_flag                            0x20000004   Data           1  main.o(.data)
    timeout_flag                             0x20000005   Data           1  main.o(.data)
    sport_flag                               0x20000006   Data           1  main.o(.data)
    strain_on                                0x20000007   Data           1  main.o(.data)
    bluetooth_on                             0x20000008   Data           1  main.o(.data)
    motor_flag                               0x20000009   Data           1  main.o(.data)
    bee_flag                                 0x2000000a   Data           1  main.o(.data)
    adc_count_flag                           0x2000000b   Data           1  main.o(.data)
    lowpower_flag                            0x2000000c   Data           1  main.o(.data)
    led_green_flag                           0x2000000d   Data           1  main.o(.data)
    led_red_flag                             0x2000000e   Data           1  main.o(.data)
    store_hour_flag                          0x2000000f   Data           1  main.o(.data)
    tmr_active_correct                       0x20000010   Data           4  main.o(.data)
    balance_level                            0x20000014   Data           5  main.o(.data)
    tmr_active_count                         0x2000001a   Data           2  main.o(.data)
    tmr_active_push                          0x2000001c   Data           2  main.o(.data)
    tmr_active_timeout                       0x2000001e   Data           1  main.o(.data)
    tmr_negative_count                       0x2000001f   Data           1  main.o(.data)
    tmr_negative_timeout                     0x20000020   Data           1  main.o(.data)
    tmr_timeout_count                        0x20000021   Data           1  main.o(.data)
    tmr_timeout_timeout                      0x20000022   Data           1  main.o(.data)
    tmr_sport_count                          0x20000023   Data           1  main.o(.data)
    tmr_sport_timeout                        0x20000024   Data           1  main.o(.data)
    tmr_store_count                          0x20000026   Data           2  main.o(.data)
    tmr_store_timeout                        0x20000028   Data           1  main.o(.data)
    SystemCoreClock                          0x2000002c   Data           4  system_stm32f10x.o(.data)
    AHBPrescTable                            0x20000030   Data          16  system_stm32f10x.o(.data)
    time_data                                0x20000040   Data           7  ds1302.o(.data)
    read_data                                0x20000047   Data           7  ds1302.o(.data)
    write_add                                0x2000004e   Data           7  ds1302.o(.data)
    read_add                                 0x20000055   Data           7  ds1302.o(.data)
    disp                                     0x2000005c   Data           6  ds1302.o(.data)
    __stdout                                 0x20000068   Data           4  usart.o(.data)
    USART_RX_STA                             0x2000006c   Data           2  usart.o(.data)
    USART3_RX_STA                            0x2000006e   Data           2  usart3.o(.data)
    CPU_TS_TmrFreq_Hz                        0x20000084   Data           4  cpu_core.o(.data)
    Mem_PoolTbl                              0x20000088   Data           4  lib_mem.o(.data)
    OSPrioTbl                                0x2000008c   Data           8  os_prio.o(.data)
    OS_AppTaskCreateHookPtr                  0x20000094   Data           4  os_var.o(.data)
    OS_AppTaskDelHookPtr                     0x20000098   Data           4  os_var.o(.data)
    OS_AppTaskReturnHookPtr                  0x2000009c   Data           4  os_var.o(.data)
    OS_AppIdleTaskHookPtr                    0x200000a0   Data           4  os_var.o(.data)
    OS_AppStatTaskHookPtr                    0x200000a4   Data           4  os_var.o(.data)
    OS_AppTaskSwHookPtr                      0x200000a8   Data           4  os_var.o(.data)
    OS_AppTimeTickHookPtr                    0x200000ac   Data           4  os_var.o(.data)
    OSIdleTaskCtr                            0x200000b0   Data           4  os_var.o(.data)
    OSIntNestingCtr                          0x200000b4   Data           1  os_var.o(.data)
    OSRunning                                0x200000b5   Data           1  os_var.o(.data)
    OSIntQInPtr                              0x200000b8   Data           4  os_var.o(.data)
    OSIntQOutPtr                             0x200000bc   Data           4  os_var.o(.data)
    OSIntQNbrEntries                         0x200000c0   Data           2  os_var.o(.data)
    OSIntQNbrEntriesMax                      0x200000c2   Data           2  os_var.o(.data)
    OSIntQOvfCtr                             0x200000c4   Data           2  os_var.o(.data)
    OSIntQTaskTimeMax                        0x200000c8   Data           4  os_var.o(.data)
    OSFlagDbgListPtr                         0x200000cc   Data           4  os_var.o(.data)
    OSFlagQty                                0x200000d0   Data           2  os_var.o(.data)
    OSMemDbgListPtr                          0x200000d4   Data           4  os_var.o(.data)
    OSMemQty                                 0x200000d8   Data           2  os_var.o(.data)
    OSMutexDbgListPtr                        0x200000dc   Data           4  os_var.o(.data)
    OSMutexQty                               0x200000e0   Data           2  os_var.o(.data)
    OSPrioCur                                0x200000e2   Data           1  os_var.o(.data)
    OSPrioHighRdy                            0x200000e3   Data           1  os_var.o(.data)
    OSPrioSaved                              0x200000e4   Data           1  os_var.o(.data)
    OSQDbgListPtr                            0x200000e8   Data           4  os_var.o(.data)
    OSQQty                                   0x200000ec   Data           2  os_var.o(.data)
    OSSchedLockTimeBegin                     0x200000f0   Data           4  os_var.o(.data)
    OSSchedLockTimeMax                       0x200000f4   Data           4  os_var.o(.data)
    OSSchedLockTimeMaxCur                    0x200000f8   Data           4  os_var.o(.data)
    OSSchedLockNestingCtr                    0x200000fc   Data           1  os_var.o(.data)
    OSSchedRoundRobinDfltTimeQuanta          0x20000100   Data           4  os_var.o(.data)
    OSSchedRoundRobinEn                      0x20000104   Data           1  os_var.o(.data)
    OSSemDbgListPtr                          0x20000108   Data           4  os_var.o(.data)
    OSSemQty                                 0x2000010c   Data           2  os_var.o(.data)
    OSStatResetFlag                          0x2000010e   Data           1  os_var.o(.data)
    OSStatTaskCPUUsage                       0x20000110   Data           2  os_var.o(.data)
    OSStatTaskCPUUsageMax                    0x20000112   Data           2  os_var.o(.data)
    OSStatTaskCtr                            0x20000114   Data           4  os_var.o(.data)
    OSStatTaskCtrMax                         0x20000118   Data           4  os_var.o(.data)
    OSStatTaskCtrRun                         0x2000011c   Data           4  os_var.o(.data)
    OSStatTaskRdy                            0x20000120   Data           1  os_var.o(.data)
    OSStatTaskTimeMax                        0x20000124   Data           4  os_var.o(.data)
    OSTaskCtxSwCtr                           0x20000128   Data           4  os_var.o(.data)
    OSTaskDbgListPtr                         0x2000012c   Data           4  os_var.o(.data)
    OSTaskQty                                0x20000130   Data           2  os_var.o(.data)
    OSTaskRegNextAvailID                     0x20000132   Data           1  os_var.o(.data)
    OSTickCtr                                0x20000134   Data           4  os_var.o(.data)
    OSTickTaskTimeMax                        0x20000138   Data           4  os_var.o(.data)
    OSTmrDbgListPtr                          0x2000013c   Data           4  os_var.o(.data)
    OSTmrQty                                 0x20000140   Data           2  os_var.o(.data)
    OSTmrTaskTimeMax                         0x20000144   Data           4  os_var.o(.data)
    OSTmrTickCtr                             0x20000148   Data           4  os_var.o(.data)
    OSTmrUpdateCnt                           0x2000014c   Data           4  os_var.o(.data)
    OSTmrUpdateCtr                           0x20000150   Data           4  os_var.o(.data)
    OSTCBCurPtr                              0x20000154   Data           4  os_var.o(.data)
    OSTCBHighRdyPtr                          0x20000158   Data           4  os_var.o(.data)
    OS_CPU_ExceptStkBase                     0x2000015c   Data           4  os_cpu_c.o(.data)
    StartTaskTCB                             0x20000160   Data         196  main.o(.bss)
    START_TASK_STK                           0x20000224   Data        2048  main.o(.bss)
    CORETaskTCB                              0x20000a24   Data         196  main.o(.bss)
    CORE_TASK_STK                            0x20000ae8   Data         512  main.o(.bss)
    TIMEOUTTaskTCB                           0x20000ce8   Data         196  main.o(.bss)
    TIMEOUT_TASK_STK                         0x20000dac   Data         512  main.o(.bss)
    ACTIVETaskTCB                            0x20000fac   Data         196  main.o(.bss)
    ACTIVE_TASK_STK                          0x20001070   Data         512  main.o(.bss)
    NEGATIVETaskTCB                          0x20001270   Data         196  main.o(.bss)
    NEGATIVE_TASK_STK                        0x20001334   Data         512  main.o(.bss)
    BALANCETaskTCB                           0x20001534   Data         196  main.o(.bss)
    BALANCE_TASK_STK                         0x200015f8   Data         512  main.o(.bss)
    BLUETOOTHTaskTCB                         0x200017f8   Data         196  main.o(.bss)
    BLUETOOTH_TASK_STK                       0x200018bc   Data         512  main.o(.bss)
    BATTERYTaskTCB                           0x20001abc   Data         196  main.o(.bss)
    BATTERY_TASK_STK                         0x20001b80   Data         512  main.o(.bss)
    tmr_active                               0x20001d80   Data          52  main.o(.bss)
    tmr_negative                             0x20001db4   Data          52  main.o(.bss)
    tmr_timeout                              0x20001de8   Data          52  main.o(.bss)
    tmr_sport                                0x20001e1c   Data          52  main.o(.bss)
    tmr_store                                0x20001e50   Data          52  main.o(.bss)
    ActiveSem                                0x20001e84   Data          40  main.o(.bss)
    NegativeSem                              0x20001eac   Data          40  main.o(.bss)
    store_stack                              0x20001ed4   Data          29  24cxx.o(.bss)
    USART_RX_BUF                             0x20001ef1   Data         200  usart.o(.bss)
    USART3_TX_BUF                            0x20001fb9   Data         200  usart3.o(.bss)
    USART3_RX_BUF                            0x20002081   Data         200  usart3.o(.bss)
    CPU_Name                                 0x20002149   Data          16  cpu_core.o(.bss)
    Mem_PoolHeap                             0x2000215c   Data          72  lib_mem.o(.bss)
    Mem_Heap                                 0x200021a4   Data        1024  lib_mem.o(.bss)
    OSCfg_IdleTaskStk                        0x200025a4   Data         512  os_cfg_app.o(.bss)
    OSCfg_IntQ                               0x200027a4   Data         320  os_cfg_app.o(.bss)
    OSCfg_IntQTaskStk                        0x200028e4   Data         512  os_cfg_app.o(.bss)
    OSCfg_ISRStk                             0x20002ae4   Data         512  os_cfg_app.o(.bss)
    OSCfg_MsgPool                            0x20002ce4   Data        1600  os_cfg_app.o(.bss)
    OSCfg_StatTaskStk                        0x20003324   Data         512  os_cfg_app.o(.bss)
    OSCfg_TickTaskStk                        0x20003524   Data         512  os_cfg_app.o(.bss)
    OSCfg_TickWheel                          0x20003724   Data         136  os_cfg_app.o(.bss)
    OSCfg_TmrTaskStk                         0x200037ac   Data         512  os_cfg_app.o(.bss)
    OSCfg_TmrWheel                           0x200039ac   Data         136  os_cfg_app.o(.bss)
    OSIdleTaskTCB                            0x20003a34   Data         196  os_var.o(.bss)
    OSIntQTaskTCB                            0x20003af8   Data         196  os_var.o(.bss)
    OSMsgPool                                0x20003bbc   Data          12  os_var.o(.bss)
    OSRdyList                                0x20003bc8   Data         768  os_var.o(.bss)
    OSStatTaskTCB                            0x20003ec8   Data         196  os_var.o(.bss)
    OSTickTaskTCB                            0x20003f8c   Data         196  os_var.o(.bss)
    OSTmrTaskTCB                             0x20004050   Data         196  os_var.o(.bss)
    __libspace_start                         0x20004114   Data          96  libspace.o(.bss)
    __temporary_stack_top$libspace           0x20004174   Data           0  libspace.o(.bss)



==============================================================================

Memory Map of the image

  Image Entry point : 0x08000131

  Load Region LR_IROM1 (Base: 0x08000000, Size: 0x0000ea9c, Max: 0x00040000, ABSOLUTE, COMPRESSED[0x0000e970])

    Execution Region ER_IROM1 (Base: 0x08000000, Size: 0x0000e93c, Max: 0x00040000, ABSOLUTE)

    Base Addr    Size         Type   Attr      Idx    E Section Name        Object

    0x08000000   0x00000130   Data   RO          497    RESET               startup_stm32f10x_hd.o
    0x08000130   0x00000008   Code   RO         1044  * !!!main             c_w.l(__main.o)
    0x08000138   0x00000034   Code   RO         1270    !!!scatter          c_w.l(__scatter.o)
    0x0800016c   0x0000005a   Code   RO         1268    !!dczerorl2         c_w.l(__dczerorl2.o)
    0x080001c6   0x00000002   PAD
    0x080001c8   0x0000001c   Code   RO         1272    !!handler_zi        c_w.l(__scatter_zi.o)
    0x080001e4   0x00000000   Code   RO         1035    .ARM.Collect$$_printf_percent$$00000000  c_w.l(_printf_percent.o)
    0x080001e4   0x00000006   Code   RO         1034    .ARM.Collect$$_printf_percent$$00000009  c_w.l(_printf_d.o)
    0x080001ea   0x00000004   Code   RO         1095    .ARM.Collect$$_printf_percent$$00000017  c_w.l(_printf_percent_end.o)
    0x080001ee   0x00000002   Code   RO         1143    .ARM.Collect$$libinit$$00000000  c_w.l(libinit.o)
    0x080001f0   0x00000000   Code   RO         1156    .ARM.Collect$$libinit$$00000002  c_w.l(libinit2.o)
    0x080001f0   0x00000000   Code   RO         1158    .ARM.Collect$$libinit$$00000004  c_w.l(libinit2.o)
    0x080001f0   0x00000000   Code   RO         1161    .ARM.Collect$$libinit$$0000000A  c_w.l(libinit2.o)
    0x080001f0   0x00000000   Code   RO         1163    .ARM.Collect$$libinit$$0000000C  c_w.l(libinit2.o)
    0x080001f0   0x00000000   Code   RO         1165    .ARM.Collect$$libinit$$0000000E  c_w.l(libinit2.o)
    0x080001f0   0x00000000   Code   RO         1168    .ARM.Collect$$libinit$$00000011  c_w.l(libinit2.o)
    0x080001f0   0x00000000   Code   RO         1170    .ARM.Collect$$libinit$$00000013  c_w.l(libinit2.o)
    0x080001f0   0x00000000   Code   RO         1172    .ARM.Collect$$libinit$$00000015  c_w.l(libinit2.o)
    0x080001f0   0x00000000   Code   RO         1174    .ARM.Collect$$libinit$$00000017  c_w.l(libinit2.o)
    0x080001f0   0x00000000   Code   RO         1176    .ARM.Collect$$libinit$$00000019  c_w.l(libinit2.o)
    0x080001f0   0x00000000   Code   RO         1178    .ARM.Collect$$libinit$$0000001B  c_w.l(libinit2.o)
    0x080001f0   0x00000000   Code   RO         1180    .ARM.Collect$$libinit$$0000001D  c_w.l(libinit2.o)
    0x080001f0   0x00000000   Code   RO         1182    .ARM.Collect$$libinit$$0000001F  c_w.l(libinit2.o)
    0x080001f0   0x00000000   Code   RO         1184    .ARM.Collect$$libinit$$00000021  c_w.l(libinit2.o)
    0x080001f0   0x00000000   Code   RO         1186    .ARM.Collect$$libinit$$00000023  c_w.l(libinit2.o)
    0x080001f0   0x00000000   Code   RO         1188    .ARM.Collect$$libinit$$00000025  c_w.l(libinit2.o)
    0x080001f0   0x00000000   Code   RO         1192    .ARM.Collect$$libinit$$0000002C  c_w.l(libinit2.o)
    0x080001f0   0x00000000   Code   RO         1194    .ARM.Collect$$libinit$$0000002E  c_w.l(libinit2.o)
    0x080001f0   0x00000000   Code   RO         1196    .ARM.Collect$$libinit$$00000030  c_w.l(libinit2.o)
    0x080001f0   0x00000000   Code   RO         1198    .ARM.Collect$$libinit$$00000032  c_w.l(libinit2.o)
    0x080001f0   0x00000002   Code   RO         1199    .ARM.Collect$$libinit$$00000033  c_w.l(libinit2.o)
    0x080001f2   0x00000002   Code   RO         1225    .ARM.Collect$$libshutdown$$00000000  c_w.l(libshutdown.o)
    0x080001f4   0x00000000   Code   RO         1253    .ARM.Collect$$libshutdown$$00000003  c_w.l(libshutdown2.o)
    0x080001f4   0x00000000   Code   RO         1256    .ARM.Collect$$libshutdown$$00000006  c_w.l(libshutdown2.o)
    0x080001f4   0x00000000   Code   RO         1259    .ARM.Collect$$libshutdown$$00000009  c_w.l(libshutdown2.o)
    0x080001f4   0x00000000   Code   RO         1261    .ARM.Collect$$libshutdown$$0000000B  c_w.l(libshutdown2.o)
    0x080001f4   0x00000000   Code   RO         1264    .ARM.Collect$$libshutdown$$0000000E  c_w.l(libshutdown2.o)
    0x080001f4   0x00000002   Code   RO         1265    .ARM.Collect$$libshutdown$$0000000F  c_w.l(libshutdown2.o)
    0x080001f6   0x00000000   Code   RO         1086    .ARM.Collect$$rtentry$$00000000  c_w.l(__rtentry.o)
    0x080001f6   0x00000000   Code   RO         1106    .ARM.Collect$$rtentry$$00000002  c_w.l(__rtentry2.o)
    0x080001f6   0x00000006   Code   RO         1118    .ARM.Collect$$rtentry$$00000004  c_w.l(__rtentry4.o)
    0x080001fc   0x00000000   Code   RO         1108    .ARM.Collect$$rtentry$$00000009  c_w.l(__rtentry2.o)
    0x080001fc   0x00000004   Code   RO         1109    .ARM.Collect$$rtentry$$0000000A  c_w.l(__rtentry2.o)
    0x08000200   0x00000000   Code   RO         1111    .ARM.Collect$$rtentry$$0000000C  c_w.l(__rtentry2.o)
    0x08000200   0x00000008   Code   RO         1112    .ARM.Collect$$rtentry$$0000000D  c_w.l(__rtentry2.o)
    0x08000208   0x00000002   Code   RO         1147    .ARM.Collect$$rtexit$$00000000  c_w.l(rtexit.o)
    0x0800020a   0x00000000   Code   RO         1201    .ARM.Collect$$rtexit$$00000002  c_w.l(rtexit2.o)
    0x0800020a   0x00000004   Code   RO         1202    .ARM.Collect$$rtexit$$00000003  c_w.l(rtexit2.o)
    0x0800020e   0x00000006   Code   RO         1203    .ARM.Collect$$rtexit$$00000004  c_w.l(rtexit2.o)
    0x08000214   0x000010e4   Code   RO            1    .text               main.o
    0x080012f8   0x00000016   Code   RO          192    .text               stm32f10x_it.o
    0x0800130e   0x00000002   PAD
    0x08001310   0x000001e0   Code   RO          224    .text               system_stm32f10x.o
    0x080014f0   0x0000003c   Code   RO          242    .text               led.o
    0x0800152c   0x00000148   Code   RO          254    .text               adc.o
    0x08001674   0x00000100   Code   RO          266    .text               exti.o
    0x08001774   0x00000048   Code   RO          286    .text               key.o
    0x080017bc   0x000004c0   Code   RO          298    .text               24cxx.o
    0x08001c7c   0x00000270   Code   RO          313    .text               myiic.o
    0x08001eec   0x00000070   Code   RO          325    .text               motor.o
    0x08001f5c   0x0000032c   Code   RO          337    .text               ds1302.o
    0x08002288   0x00000070   Code   RO          363    .text               bee.o
    0x080022f8   0x00000070   Code   RO          375    .text               power.o
    0x08002368   0x00000026   Code   RO          387    .text               wkup.o
    0x0800238e   0x00000002   PAD
    0x08002390   0x0000014c   Code   RO          399    .text               delay.o
    0x080024dc   0x00000150   Code   RO          430    .text               usart.o
    0x0800262c   0x00000568   Code   RO          453    .text               usart3.o
    0x08002b94   0x00000044   Code   RO          473    .text               gpio.o
    0x08002bd8   0x00000040   Code   RO          498    .text               startup_stm32f10x_hd.o
    0x08002c18   0x000000dc   Code   RO          502    .text               misc.o
    0x08002cf4   0x0000035c   Code   RO          514    .text               stm32f10x_gpio.o
    0x08003050   0x00000408   Code   RO          526    .text               stm32f10x_usart.o
    0x08003458   0x000003a4   Code   RO          538    .text               stm32f10x_rcc.o
    0x080037fc   0x0000044e   Code   RO          552    .text               stm32f10x_adc.o
    0x08003c4a   0x00000002   PAD
    0x08003c4c   0x0000011c   Code   RO          564    .text               stm32f10x_exti.o
    0x08003d68   0x000000cc   Code   RO          576    .text               stm32f10x_pwr.o
    0x08003e34   0x00000084   Code   RO          603    .text               bsp.o
    0x08003eb8   0x000002a8   Code   RO          618    .text               cpu_core.o
    0x08004160   0x00000034   Code   RO          656    .text               cpu_a.o
    0x08004194   0x00000256   Code   RO          659    .text               lib_ascii.o
    0x080043ea   0x00000002   PAD
    0x080043ec   0x000009c6   Code   RO          692    .text               lib_mem.o
    0x08004db2   0x00000002   PAD
    0x08004db4   0x0000092c   Code   RO          711    .text               lib_str.o
    0x080056e0   0x00000220   Code   RO          728    .text               lib_mem_a.o
    0x08005900   0x000000fc   Code   RO          731    .text               os_cfg_app.o
    0x080059fc   0x00000e04   Code   RO          754    .text               os_core.o
    0x08006800   0x000001b0   Code   RO          766    .text               os_dbg.o
    0x080069b0   0x00000e28   Code   RO          781    .text               os_flag.o
    0x080077d8   0x00000444   Code   RO          793    .text               os_int.o
    0x08007c1c   0x00000238   Code   RO          805    .text               os_mem.o
    0x08007e54   0x0000022c   Code   RO          817    .text               os_msg.o
    0x08008080   0x00000ad4   Code   RO          829    .text               os_mutex.o
    0x08008b54   0x0000007c   Code   RO          847    .text               os_prio.o
    0x08008bd0   0x000008d8   Code   RO          866    .text               os_q.o
    0x080094a8   0x00000830   Code   RO          878    .text               os_sem.o
    0x08009cd8   0x00000638   Code   RO          890    .text               os_stat.o
    0x0800a310   0x00001bb4   Code   RO          902    .text               os_task.o
    0x0800bec4   0x000004fc   Code   RO          914    .text               os_tick.o
    0x0800c3c0   0x00000564   Code   RO          926    .text               os_time.o
    0x0800c924   0x00000818   Code   RO          938    .text               os_tmr.o
    0x0800d13c   0x0000026c   Code   RO          967    .text               os_cpu_c.o
    0x0800d3a8   0x00000002   Code   RO         1002    .text               c_w.l(use_no_semi_2.o)
    0x0800d3aa   0x000000ee   Code   RO         1004    .text               c_w.l(lludivv7m.o)
    0x0800d498   0x00000018   Code   RO         1008    .text               c_w.l(noretval__2printf.o)
    0x0800d4b0   0x00000068   Code   RO         1010    .text               c_w.l(__printf.o)
    0x0800d518   0x00000078   Code   RO         1012    .text               c_w.l(_printf_dec.o)
    0x0800d590   0x00000096   Code   RO         1036    .text               c_w.l(strncmp.o)
    0x0800d626   0x00000044   Code   RO         1038    .text               c_w.l(rt_memclr.o)
    0x0800d66a   0x0000004e   Code   RO         1040    .text               c_w.l(rt_memclr_w.o)
    0x0800d6b8   0x00000006   Code   RO         1042    .text               c_w.l(heapauxi.o)
    0x0800d6be   0x00000002   Code   RO         1084    .text               c_w.l(use_no_semi.o)
    0x0800d6c0   0x000000b2   Code   RO         1091    .text               c_w.l(_printf_intcommon.o)
    0x0800d772   0x00000002   PAD
    0x0800d774   0x00000024   Code   RO         1093    .text               c_w.l(_printf_char_file.o)
    0x0800d798   0x00000030   Code   RO         1122    .text               c_w.l(_printf_char_common.o)
    0x0800d7c8   0x00000008   Code   RO         1124    .text               c_w.l(ferror.o)
    0x0800d7d0   0x0000004a   Code   RO         1128    .text               c_w.l(sys_stackheap_outer.o)
    0x0800d81a   0x0000000c   Code   RO         1132    .text               c_w.l(exit.o)
    0x0800d826   0x00000002   PAD
    0x0800d828   0x00000008   Code   RO         1144    .text               c_w.l(libspace.o)
    0x0800d830   0x00000098   Code   RO          964    CODE                os_cpu_a.o
    0x0800d8c8   0x00000062   Code   RO         1046    x$fpl$d2f           fz_ws.l(d2f.o)
    0x0800d92a   0x00000002   PAD
    0x0800d92c   0x00000150   Code   RO         1048    x$fpl$dadd          fz_ws.l(daddsub_clz.o)
    0x0800da7c   0x000002b0   Code   RO         1055    x$fpl$ddiv          fz_ws.l(ddiv.o)
    0x0800dd2c   0x0000005a   Code   RO         1058    x$fpl$dfixu         fz_ws.l(dfixu.o)
    0x0800dd86   0x00000002   PAD
    0x0800dd88   0x00000154   Code   RO         1062    x$fpl$dmul          fz_ws.l(dmul.o)
    0x0800dedc   0x0000009c   Code   RO         1096    x$fpl$dnaninf       fz_ws.l(dnaninf.o)
    0x0800df78   0x0000000c   Code   RO         1098    x$fpl$dretinf       fz_ws.l(dretinf.o)
    0x0800df84   0x000001d4   Code   RO         1050    x$fpl$dsub          fz_ws.l(daddsub_clz.o)
    0x0800e158   0x00000056   Code   RO         1064    x$fpl$f2d           fz_ws.l(f2d.o)
    0x0800e1ae   0x00000002   PAD
    0x0800e1b0   0x000000c4   Code   RO         1066    x$fpl$fadd          fz_ws.l(faddsub_clz.o)
    0x0800e274   0x0000003e   Code   RO         1072    x$fpl$ffixu         fz_ws.l(ffixu.o)
    0x0800e2b2   0x00000002   PAD
    0x0800e2b4   0x00000026   Code   RO         1076    x$fpl$ffltu         fz_ws.l(fflt_clz.o)
    0x0800e2da   0x00000002   PAD
    0x0800e2dc   0x00000102   Code   RO         1082    x$fpl$fmul          fz_ws.l(fmul.o)
    0x0800e3de   0x0000008c   Code   RO         1100    x$fpl$fnaninf       fz_ws.l(fnaninf.o)
    0x0800e46a   0x0000000a   Code   RO         1102    x$fpl$fretinf       fz_ws.l(fretinf.o)
    0x0800e474   0x00000014   Code   RO         1067    x$fpl$frsb          fz_ws.l(faddsub_clz.o)
    0x0800e488   0x000000ea   Code   RO         1068    x$fpl$fsub          fz_ws.l(faddsub_clz.o)
    0x0800e572   0x00000000   Code   RO         1104    x$fpl$usenofp       fz_ws.l(usenofp.o)
    0x0800e572   0x00000002   PAD
    0x0800e574   0x00000104   Data   RO          620    .constdata          cpu_core.o
    0x0800e678   0x00000094   Data   RO          712    .constdata          lib_str.o
    0x0800e70c   0x000000a4   Data   RO          733    .constdata          os_cfg_app.o
    0x0800e7b0   0x0000016c   Data   RO          767    .constdata          os_dbg.o
    0x0800e91c   0x00000020   Data   RO         1266    Region$$Table       anon$$obj.o


    Execution Region RW_IRAM1 (Base: 0x20000000, Size: 0x00004b78, Max: 0x0000c000, ABSOLUTE, COMPRESSED[0x00000034])

    Base Addr    Size         Type   Attr      Idx    E Section Name        Object

    0x20000000   0x0000002c   Data   RW            3    .data               main.o
    0x2000002c   0x00000014   Data   RW          225    .data               system_stm32f10x.o
    0x20000040   0x00000022   Data   RW          338    .data               ds1302.o
    0x20000062   0x00000004   Data   RW          400    .data               delay.o
    0x20000066   0x00000002   PAD
    0x20000068   0x00000006   Data   RW          432    .data               usart.o
    0x2000006e   0x00000002   Data   RW          455    .data               usart3.o
    0x20000070   0x00000014   Data   RW          539    .data               stm32f10x_rcc.o
    0x20000084   0x00000004   Data   RW          621    .data               cpu_core.o
    0x20000088   0x00000004   Data   RW          694    .data               lib_mem.o
    0x2000008c   0x00000008   Data   RW          848    .data               os_prio.o
    0x20000094   0x000000c8   Data   RW          951    .data               os_var.o
    0x2000015c   0x00000004   Data   RW          968    .data               os_cpu_c.o
    0x20000160   0x00001d74   Zero   RW            2    .bss                main.o
    0x20001ed4   0x0000001d   Zero   RW          299    .bss                24cxx.o
    0x20001ef1   0x000000c8   Zero   RW          431    .bss                usart.o
    0x20001fb9   0x00000190   Zero   RW          454    .bss                usart3.o
    0x20002149   0x00000010   Zero   RW          619    .bss                cpu_core.o
    0x20002159   0x00000003   PAD
    0x2000215c   0x00000448   Zero   RW          693    .bss                lib_mem.o
    0x200025a4   0x00001490   Zero   RW          732    .bss                os_cfg_app.o
    0x20003a34   0x000006e0   Zero   RW          950    .bss                os_var.o
    0x20004114   0x00000060   Zero   RW         1145    .bss                c_w.l(libspace.o)
    0x20004174   0x00000004   PAD
    0x20004178   0x00000200   Zero   RW          496    HEAP                startup_stm32f10x_hd.o
    0x20004378   0x00000800   Zero   RW          495    STACK               startup_stm32f10x_hd.o


==============================================================================

Image component sizes


      Code (inc. data)   RO Data    RW Data    ZI Data      Debug   Object Name

      1216         30          0          0         29       4041   24cxx.o
       328         16          0          0          0       1298   adc.o
       112         12          0          0          0        690   bee.o
       132         12          0          0          0       1147   bsp.o
        52          0          0          0          0        340   cpu_a.o
       680         14        260          4         16      14319   cpu_core.o
       332         28          0          4          0       1801   delay.o
       812         32          0         34          0       2690   ds1302.o
       256         10          0          0          0        919   exti.o
        68         12          0          0          0        500   gpio.o
        72         10          0          0          0        503   key.o
        60          4          0          0          0        491   led.o
       598          0          0          0          0       3704   lib_ascii.o
      2502         32          0          4       1096      21780   lib_mem.o
       544          0          0          0          0        484   lib_mem_a.o
      2348          6        148          0          0      13082   lib_str.o
      4324        632          0         44       7540     293880   main.o
       220         22          0          0          0       1841   misc.o
       112         12          0          0          0        706   motor.o
       624         14          0          0          0       2000   myiic.o
       252        166        164          0       5264      20938   os_cfg_app.o
      3588        294          0          0          0      12049   os_core.o
       152         32          0          0          0        396   os_cpu_a.o
       620         66          0          4          0       3785   os_cpu_c.o
       432        286        364          0          0       4773   os_dbg.o
      3624        110          0          0          0       7711   os_flag.o
      1092        146          0          0          0       2284   os_int.o
       568         20          0          0          0       2684   os_mem.o
       556         12          0          0          0       2747   os_msg.o
      2772        114          0          0          0       5406   os_mutex.o
       124          4          0          8          0       1776   os_prio.o
      2264         76          0          0          0       6084   os_q.o
      2096         70          0          0          0       6096   os_sem.o
      1592        180          0          0          0       2789   os_stat.o
      7092        270          0          0          0      13458   os_task.o
      1276         90          0          0          0       3241   os_tick.o
      1380         46          0          0          0       3181   os_time.o
      2072        140          0          0          0       6282   os_tmr.o
         0          0          0        200       1760      19373   os_var.o
       112         12          0          0          0        706   power.o
        64         26        304          0       2560        796   startup_stm32f10x_hd.o
      1102         26          0          0          0      10873   stm32f10x_adc.o
       284         10          0          0          0       2275   stm32f10x_exti.o
       860         38          0          0          0       5689   stm32f10x_gpio.o
        22          0          0          0          0       1003   stm32f10x_it.o
       204         14          0          0          0       1935   stm32f10x_pwr.o
       932         36          0         20          0       8868   stm32f10x_rcc.o
      1032         22          0          0          0       8408   stm32f10x_usart.o
         0          0          0          0          0         32   sys.o
       480         38          0         20          0       1755   system_stm32f10x.o
       336         18          0          6        200       3234   usart.o
      1384        172          0          2        400       3409   usart3.o
        38          0          0          0          0        584   wkup.o

    ----------------------------------------------------------------------
     53804       3432       1272        352      18868     540836   Object Totals
         0          0         32          0          0          0   (incl. Generated)
        10          0          0          2          3          0   (incl. Padding)

    ----------------------------------------------------------------------

      Code (inc. data)   RO Data    RW Data    ZI Data      Debug   Library Member Name

        90          0          0          0          0          0   __dczerorl2.o
         8          0          0          0          0         68   __main.o
       104          0          0          0          0         84   __printf.o
         0          0          0          0          0          0   __rtentry.o
        12          0          0          0          0          0   __rtentry2.o
         6          0          0          0          0          0   __rtentry4.o
        52          8          0          0          0          0   __scatter.o
        28          0          0          0          0          0   __scatter_zi.o
        48          6          0          0          0         96   _printf_char_common.o
        36          4          0          0          0         80   _printf_char_file.o
         6          0          0          0          0          0   _printf_d.o
       120         16          0          0          0         92   _printf_dec.o
       178          0          0          0          0         88   _printf_intcommon.o
         0          0          0          0          0          0   _printf_percent.o
         4          0          0          0          0          0   _printf_percent_end.o
        12          0          0          0          0         72   exit.o
         8          0          0          0          0         68   ferror.o
         6          0          0          0          0        152   heapauxi.o
         2          0          0          0          0          0   libinit.o
         2          0          0          0          0          0   libinit2.o
         2          0          0          0          0          0   libshutdown.o
         2          0          0          0          0          0   libshutdown2.o
         8          4          0          0         96         68   libspace.o
       238          0          0          0          0        100   lludivv7m.o
        24          4          0          0          0         84   noretval__2printf.o
        68          0          0          0          0         68   rt_memclr.o
        78          0          0          0          0         80   rt_memclr_w.o
         2          0          0          0          0          0   rtexit.o
        10          0          0          0          0          0   rtexit2.o
       150          0          0          0          0         80   strncmp.o
        74          0          0          0          0         80   sys_stackheap_outer.o
         2          0          0          0          0         68   use_no_semi.o
         2          0          0          0          0         68   use_no_semi_2.o
        98          4          0          0          0         92   d2f.o
       804         16          0          0          0        272   daddsub_clz.o
       688        140          0          0          0        208   ddiv.o
        90          4          0          0          0         92   dfixu.o
       340         12          0          0          0        104   dmul.o
       156          4          0          0          0         92   dnaninf.o
        12          0          0          0          0         68   dretinf.o
        86          4          0          0          0         84   f2d.o
       450          8          0          0          0        236   faddsub_clz.o
        62          4          0          0          0         84   ffixu.o
        38          0          0          0          0         68   fflt_clz.o
       258          4          0          0          0         84   fmul.o
       140          4          0          0          0         84   fnaninf.o
        10          0          0          0          0         68   fretinf.o
         0          0          0          0          0          0   usenofp.o

    ----------------------------------------------------------------------
      4632        246          0          0        100       3132   Library Totals
        18          0          0          0          4          0   (incl. Padding)

    ----------------------------------------------------------------------

      Code (inc. data)   RO Data    RW Data    ZI Data      Debug   Library Name

      1382         42          0          0         96       1496   c_w.l
      3232        204          0          0          0       1636   fz_ws.l

    ----------------------------------------------------------------------
      4632        246          0          0        100       3132   Library Totals

    ----------------------------------------------------------------------

==============================================================================


      Code (inc. data)   RO Data    RW Data    ZI Data      Debug   

     58436       3678       1272        352      18968     537880   Grand Totals
     58436       3678       1272         52      18968     537880   ELF Image Totals (compressed)
     58436       3678       1272         52          0          0   ROM Totals

==============================================================================

    Total RO  Size (Code + RO Data)                59708 (  58.31kB)
    Total RW  Size (RW Data + ZI Data)             19320 (  18.87kB)
    Total ROM Size (Code + RO Data + RW Data)      59760 (  58.36kB)

==============================================================================

