Component: ARM Compiler 5.05 update 1 (build 106) Tool: armlink [4d0efa]

==============================================================================

Section Cross References

    main.o(.text) refers to _printf_percent.o(.ARM.Collect$$_printf_percent$$00000000) for _printf_percent
    main.o(.text) refers to _printf_d.o(.ARM.Collect$$_printf_percent$$00000009) for _printf_d
    main.o(.text) refers to _printf_dec.o(.text) for _printf_int_dec
    main.o(.text) refers to adc.o(.text) for Get_Adc_Average
    main.o(.text) refers to motor.o(.text) for Motor_Contrl
    main.o(.text) refers to bee.o(.text) for Bee_Contrl
    main.o(.text) refers to os_tmr.o(.text) for OSTmrStop
    main.o(.text) refers to f2d.o(x$fpl$f2d) for __aeabi_f2d
    main.o(.text) refers to daddsub_clz.o(x$fpl$dadd) for __aeabi_dadd
    main.o(.text) refers to dfixu.o(x$fpl$dfixu) for __aeabi_d2uiz
    main.o(.text) refers to 24cxx.o(.text) for Data_Store
    main.o(.text) refers to ds1302.o(.text) for DS1302_GPIO_Init
    main.o(.text) refers to myiic.o(.text) for IIC_Off
    main.o(.text) refers to power.o(.text) for Power_Contrl
    main.o(.text) refers to stm32f10x_adc.o(.text) for ADC_Cmd
    main.o(.text) refers to stm32f10x_usart.o(.text) for USART_Cmd
    main.o(.text) refers to stm32f10x_rcc.o(.text) for RCC_APB2PeriphClockCmd
    main.o(.text) refers to exti.o(.text) for EXTIX_Init
    main.o(.text) refers to rtc_alarm.o(.text) for RTC_Alarm_Configuration
    main.o(.text) refers to wkup.o(.text) for Sys_Enter_Shutdown
    main.o(.text) refers to os_time.o(.text) for OSTimeDlyHMSM
    main.o(.text) refers to usart3.o(.text) for usart_scan
    main.o(.text) refers to delay.o(.text) for delay_ms
    main.o(.text) refers to os_sem.o(.text) for OSSemPend
    main.o(.text) refers to main.o(.data) for motor_flag
    main.o(.text) refers to main.o(.bss) for tmr_active
    main.o(.text) refers to ds1302.o(.data) for disp
    main.o(.text) refers to noretval__2printf.o(.text) for __2printf
    main.o(.text) refers to stm32f10x_gpio.o(.text) for GPIO_EXTILineConfig
    main.o(.text) refers to stm32f10x_exti.o(.text) for EXTI_Init
    main.o(.text) refers to fflt_clz.o(x$fpl$ffltu) for __aeabi_ui2f
    main.o(.text) refers to ddiv.o(x$fpl$ddiv) for __aeabi_ddiv
    main.o(.text) refers to d2f.o(x$fpl$d2f) for __aeabi_d2f
    main.o(.text) refers to faddsub_clz.o(x$fpl$frsb) for __aeabi_frsub
    main.o(.text) refers to cpu_core.o(.text) for CPU_Init
    main.o(.text) refers to os_stat.o(.text) for OSStatTaskCPUUsageInit
    main.o(.text) refers to os_core.o(.text) for OSSchedRoundRobinCfg
    main.o(.text) refers to cpu_a.o(.text) for CPU_SR_Save
    main.o(.text) refers to os_task.o(.text) for OSTaskCreate
    main.o(.text) refers to misc.o(.text) for NVIC_PriorityGroupConfig
    main.o(.text) refers to usart.o(.text) for uart_init
    main.o(.text) refers to gpio.o(.text) for Gpio_Init
    main.o(.text) refers to led.o(.text) for LED_Init
    main.o(.text) refers to os_var.o(.data) for OSSchedLockNestingCtr
    system_stm32f10x.o(.text) refers to system_stm32f10x.o(.data) for SystemCoreClock
    led.o(.text) refers to stm32f10x_rcc.o(.text) for RCC_APB2PeriphClockCmd
    led.o(.text) refers to stm32f10x_gpio.o(.text) for GPIO_Init
    adc.o(.text) refers to stm32f10x_rcc.o(.text) for RCC_APB2PeriphClockCmd
    adc.o(.text) refers to stm32f10x_gpio.o(.text) for GPIO_Init
    adc.o(.text) refers to stm32f10x_adc.o(.text) for ADC_DeInit
    adc.o(.text) refers to delay.o(.text) for delay_ms
    adc.o(.text) refers to fflt_clz.o(x$fpl$ffltu) for __aeabi_ui2f
    adc.o(.text) refers to f2d.o(x$fpl$f2d) for __aeabi_f2d
    adc.o(.text) refers to dmul.o(x$fpl$dmul) for __aeabi_dmul
    adc.o(.text) refers to d2f.o(x$fpl$d2f) for __aeabi_d2f
    adc.o(.text) refers to ffixu.o(x$fpl$ffixu) for __aeabi_f2uiz
    adc.o(.text) refers to faddsub_clz.o(x$fpl$frsb) for __aeabi_frsub
    adc.o(.text) refers to fmul.o(x$fpl$fmul) for __aeabi_fmul
    exti.o(.text) refers to stm32f10x_rcc.o(.text) for RCC_APB2PeriphClockCmd
    exti.o(.text) refers to key.o(.text) for KEY_Init
    exti.o(.text) refers to stm32f10x_gpio.o(.text) for GPIO_EXTILineConfig
    exti.o(.text) refers to stm32f10x_exti.o(.text) for EXTI_Init
    exti.o(.text) refers to misc.o(.text) for NVIC_Init
    exti.o(.text) refers to os_core.o(.text) for OSIntEnter
    exti.o(.text) refers to system_stm32f10x.o(.text) for SystemInit
    exti.o(.text) refers to usart.o(.text) for uart_init
    exti.o(.text) refers to usart3.o(.text) for uart3_init
    exti.o(.text) refers to main.o(.data) for strain_on
    key.o(.text) refers to stm32f10x_rcc.o(.text) for RCC_APB2PeriphClockCmd
    key.o(.text) refers to stm32f10x_gpio.o(.text) for GPIO_PinRemapConfig
    24cxx.o(.text) refers to myiic.o(.text) for IIC_Init
    24cxx.o(.text) refers to delay.o(.text) for delay_ms
    24cxx.o(.text) refers to ds1302.o(.text) for DS1302_GPIO_Init
[...]
    USART_SendBreak                          0x08003663   Thumb Code    10  stm32f10x_usart.o(.text)
    USART_SetGuardTime                       0x0800366d   Thumb Code    16  stm32f10x_usart.o(.text)
    USART_SetPrescaler                       0x0800367d   Thumb Code    16  stm32f10x_usart.o(.text)
    USART_SmartCardCmd                       0x0800368d   Thumb Code    24  stm32f10x_usart.o(.text)
    USART_SmartCardNACKCmd                   0x080036a5   Thumb Code    24  stm32f10x_usart.o(.text)
    USART_HalfDuplexCmd                      0x080036bd   Thumb Code    24  stm32f10x_usart.o(.text)
    USART_OverSampling8Cmd                   0x080036d5   Thumb Code    22  stm32f10x_usart.o(.text)
    USART_OneBitMethodCmd                    0x080036eb   Thumb Code    24  stm32f10x_usart.o(.text)
    USART_IrDAConfig                         0x08003703   Thumb Code    18  stm32f10x_usart.o(.text)
    USART_IrDACmd                            0x08003715   Thumb Code    24  stm32f10x_usart.o(.text)
    USART_GetFlagStatus                      0x0800372d   Thumb Code    26  stm32f10x_usart.o(.text)
    USART_ClearFlag                          0x08003747   Thumb Code    18  stm32f10x_usart.o(.text)
    USART_GetITStatus                        0x08003759   Thumb Code    84  stm32f10x_usart.o(.text)
    USART_ClearITPendingBit                  0x080037ad   Thumb Code    52  stm32f10x_usart.o(.text)
    RCC_DeInit                               0x080037e1   Thumb Code    64  stm32f10x_rcc.o(.text)
    RCC_HSEConfig                            0x08003821   Thumb Code    70  stm32f10x_rcc.o(.text)
    RCC_GetFlagStatus                        0x08003867   Thumb Code    56  stm32f10x_rcc.o(.text)
    RCC_WaitForHSEStartUp                    0x0800389f   Thumb Code    56  stm32f10x_rcc.o(.text)
    RCC_AdjustHSICalibrationValue            0x080038d7   Thumb Code    20  stm32f10x_rcc.o(.text)
    RCC_HSICmd                               0x080038eb   Thumb Code     6  stm32f10x_rcc.o(.text)
    RCC_PLLConfig                            0x080038f1   Thumb Code    24  stm32f10x_rcc.o(.text)
    RCC_PLLCmd                               0x08003909   Thumb Code     6  stm32f10x_rcc.o(.text)
    RCC_SYSCLKConfig                         0x0800390f   Thumb Code    18  stm32f10x_rcc.o(.text)
    RCC_GetSYSCLKSource                      0x08003921   Thumb Code    10  stm32f10x_rcc.o(.text)
    RCC_HCLKConfig                           0x0800392b   Thumb Code    18  stm32f10x_rcc.o(.text)
    RCC_PCLK1Config                          0x0800393d   Thumb Code    18  stm32f10x_rcc.o(.text)
    RCC_PCLK2Config                          0x0800394f   Thumb Code    20  stm32f10x_rcc.o(.text)
    RCC_ITConfig                             0x08003963   Thumb Code    26  stm32f10x_rcc.o(.text)
    RCC_USBCLKConfig                         0x0800397d   Thumb Code     8  stm32f10x_rcc.o(.text)
    RCC_ADCCLKConfig                         0x08003985   Thumb Code    18  stm32f10x_rcc.o(.text)
    RCC_LSEConfig                            0x08003997   Thumb Code    50  stm32f10x_rcc.o(.text)
    RCC_LSICmd                               0x080039c9   Thumb Code     6  stm32f10x_rcc.o(.text)
    RCC_RTCCLKConfig                         0x080039cf   Thumb Code    12  stm32f10x_rcc.o(.text)
    RCC_RTCCLKCmd                            0x080039db   Thumb Code     8  stm32f10x_rcc.o(.text)
    RCC_GetClocksFreq                        0x080039e3   Thumb Code   192  stm32f10x_rcc.o(.text)
    RCC_AHBPeriphClockCmd                    0x08003aa3   Thumb Code    26  stm32f10x_rcc.o(.text)
    RCC_APB2PeriphClockCmd                   0x08003abd   Thumb Code    26  stm32f10x_rcc.o(.text)
    RCC_APB1PeriphClockCmd                   0x08003ad7   Thumb Code    26  stm32f10x_rcc.o(.text)
    RCC_APB2PeriphResetCmd                   0x08003af1   Thumb Code    26  stm32f10x_rcc.o(.text)
    RCC_APB1PeriphResetCmd                   0x08003b0b   Thumb Code    26  stm32f10x_rcc.o(.text)
    RCC_BackupResetCmd                       0x08003b25   Thumb Code     8  stm32f10x_rcc.o(.text)
    RCC_ClockSecuritySystemCmd               0x08003b2d   Thumb Code     6  stm32f10x_rcc.o(.text)
    RCC_MCOConfig                            0x08003b33   Thumb Code     6  stm32f10x_rcc.o(.text)
    RCC_ClearFlag                            0x08003b39   Thumb Code    14  stm32f10x_rcc.o(.text)
    RCC_GetITStatus                          0x08003b47   Thumb Code    20  stm32f10x_rcc.o(.text)
    RCC_ClearITPendingBit                    0x08003b5b   Thumb Code     6  stm32f10x_rcc.o(.text)
    ADC_DeInit                               0x08003b85   Thumb Code    78  stm32f10x_adc.o(.text)
    ADC_Init                                 0x08003bd3   Thumb Code    70  stm32f10x_adc.o(.text)
    ADC_StructInit                           0x08003c19   Thumb Code    18  stm32f10x_adc.o(.text)
    ADC_Cmd                                  0x08003c2b   Thumb Code    22  stm32f10x_adc.o(.text)
    ADC_DMACmd                               0x08003c41   Thumb Code    22  stm32f10x_adc.o(.text)
    ADC_ITConfig                             0x08003c57   Thumb Code    24  stm32f10x_adc.o(.text)
    ADC_ResetCalibration                     0x08003c6f   Thumb Code    10  stm32f10x_adc.o(.text)
    ADC_GetResetCalibrationStatus            0x08003c79   Thumb Code    20  stm32f10x_adc.o(.text)
    ADC_StartCalibration                     0x08003c8d   Thumb Code    10  stm32f10x_adc.o(.text)
    ADC_GetCalibrationStatus                 0x08003c97   Thumb Code    20  stm32f10x_adc.o(.text)
    ADC_SoftwareStartConvCmd                 0x08003cab   Thumb Code    22  stm32f10x_adc.o(.text)
    ADC_GetSoftwareStartConvStatus           0x08003cc1   Thumb Code    20  stm32f10x_adc.o(.text)
    ADC_DiscModeChannelCountConfig           0x08003cd5   Thumb Code    24  stm32f10x_adc.o(.text)
    ADC_DiscModeCmd                          0x08003ced   Thumb Code    22  stm32f10x_adc.o(.text)
    ADC_RegularChannelConfig                 0x08003d03   Thumb Code   184  stm32f10x_adc.o(.text)
    ADC_ExternalTrigConvCmd                  0x08003dbb   Thumb Code    22  stm32f10x_adc.o(.text)
    ADC_GetConversionValue                   0x08003dd1   Thumb Code     8  stm32f10x_adc.o(.text)
    ADC_GetDualModeConversionValue           0x08003dd9   Thumb Code     8  stm32f10x_adc.o(.text)
    ADC_AutoInjectedConvCmd                  0x08003de1   Thumb Code    22  stm32f10x_adc.o(.text)
    ADC_InjectedDiscModeCmd                  0x08003df7   Thumb Code    22  stm32f10x_adc.o(.text)
    ADC_ExternalTrigInjectedConvConfig       0x08003e0d   Thumb Code    16  stm32f10x_adc.o(.text)
    ADC_ExternalTrigInjectedConvCmd          0x08003e1d   Thumb Code    22  stm32f10x_adc.o(.text)
    ADC_SoftwareStartInjectedConvCmd         0x08003e33   Thumb Code    22  stm32f10x_adc.o(.text)
    ADC_GetSoftwareStartInjectedConvCmdStatus 0x08003e49   Thumb Code    20  stm32f10x_adc.o(.text)
    ADC_InjectedChannelConfig                0x08003e5d   Thumb Code   130  stm32f10x_adc.o(.text)
    ADC_InjectedSequencerLengthConfig        0x08003edf   Thumb Code    24  stm32f10x_adc.o(.text)
    ADC_SetInjectedOffset                    0x08003ef7   Thumb Code    20  stm32f10x_adc.o(.text)
    ADC_GetInjectedConversionValue           0x08003f0b   Thumb Code    28  stm32f10x_adc.o(.text)
    ADC_AnalogWatchdogCmd                    0x08003f27   Thumb Code    16  stm32f10x_adc.o(.text)
    ADC_AnalogWatchdogThresholdsConfig       0x08003f37   Thumb Code     6  stm32f10x_adc.o(.text)
    ADC_AnalogWatchdogSingleChannelConfig    0x08003f3d   Thumb Code    16  stm32f10x_adc.o(.text)
    ADC_TempSensorVrefintCmd                 0x08003f4d   Thumb Code    64  stm32f10x_adc.o(.text)
    ADC_GetFlagStatus                        0x08003f8d   Thumb Code    18  stm32f10x_adc.o(.text)
    ADC_ClearFlag                            0x08003f9f   Thumb Code     6  stm32f10x_adc.o(.text)
    ADC_GetITStatus                          0x08003fa5   Thumb Code    36  stm32f10x_adc.o(.text)
    ADC_ClearITPendingBit                    0x08003fc9   Thumb Code    10  stm32f10x_adc.o(.text)
    EXTI_DeInit                              0x08003fd5   Thumb Code    28  stm32f10x_exti.o(.text)
    EXTI_Init                                0x08003ff1   Thumb Code   142  stm32f10x_exti.o(.text)
    EXTI_StructInit                          0x0800407f   Thumb Code    16  stm32f10x_exti.o(.text)
    EXTI_GenerateSWInterrupt                 0x0800408f   Thumb Code    16  stm32f10x_exti.o(.text)
    EXTI_GetFlagStatus                       0x0800409f   Thumb Code    22  stm32f10x_exti.o(.text)
    EXTI_ClearFlag                           0x080040b5   Thumb Code     8  stm32f10x_exti.o(.text)
    EXTI_GetITStatus                         0x080040bd   Thumb Code    34  stm32f10x_exti.o(.text)
    EXTI_ClearITPendingBit                   0x080040df   Thumb Code     8  stm32f10x_exti.o(.text)
    PWR_DeInit                               0x080040f1   Thumb Code    22  stm32f10x_pwr.o(.text)
    PWR_BackupAccessCmd                      0x08004107   Thumb Code     6  stm32f10x_pwr.o(.text)
    PWR_PVDCmd                               0x0800410d   Thumb Code     6  stm32f10x_pwr.o(.text)
    PWR_PVDLevelConfig                       0x08004113   Thumb Code    18  stm32f10x_pwr.o(.text)
    PWR_WakeUpPinCmd                         0x08004125   Thumb Code     8  stm32f10x_pwr.o(.text)
    PWR_EnterSTOPMode                        0x0800412d   Thumb Code    54  stm32f10x_pwr.o(.text)
    PWR_EnterSTANDBYMode                     0x08004163   Thumb Code    42  stm32f10x_pwr.o(.text)
    PWR_GetFlagStatus                        0x0800418d   Thumb Code    20  stm32f10x_pwr.o(.text)
    PWR_ClearFlag                            0x080041a1   Thumb Code    14  stm32f10x_pwr.o(.text)
    BKP_DeInit                               0x080041bd   Thumb Code    16  stm32f10x_bkp.o(.text)
    BKP_TamperPinLevelConfig                 0x080041cd   Thumb Code     6  stm32f10x_bkp.o(.text)
    BKP_TamperPinCmd                         0x080041d3   Thumb Code     8  stm32f10x_bkp.o(.text)
    BKP_ITConfig                             0x080041db   Thumb Code     8  stm32f10x_bkp.o(.text)
    BKP_RTCOutputConfig                      0x080041e3   Thumb Code    22  stm32f10x_bkp.o(.text)
    BKP_SetRTCCalibrationValue               0x080041f9   Thumb Code    22  stm32f10x_bkp.o(.text)
    BKP_WriteBackupRegister                  0x0800420f   Thumb Code    24  stm32f10x_bkp.o(.text)
    BKP_ReadBackupRegister                   0x08004227   Thumb Code    26  stm32f10x_bkp.o(.text)
    BKP_GetFlagStatus                        0x08004241   Thumb Code    10  stm32f10x_bkp.o(.text)
    BKP_ClearFlag                            0x0800424b   Thumb Code    18  stm32f10x_bkp.o(.text)
    BKP_GetITStatus                          0x0800425d   Thumb Code    10  stm32f10x_bkp.o(.text)
    BKP_ClearITPendingBit                    0x08004267   Thumb Code    18  stm32f10x_bkp.o(.text)
    RTC_ITConfig                             0x08004281   Thumb Code    26  stm32f10x_rtc.o(.text)
    RTC_EnterConfigMode                      0x0800429b   Thumb Code    18  stm32f10x_rtc.o(.text)
    RTC_ExitConfigMode                       0x080042ad   Thumb Code    20  stm32f10x_rtc.o(.text)
    RTC_GetCounter                           0x080042c1   Thumb Code    18  stm32f10x_rtc.o(.text)
    RTC_SetCounter                           0x080042d3   Thumb Code    26  stm32f10x_rtc.o(.text)
    RTC_SetPrescaler                         0x080042ed   Thumb Code    28  stm32f10x_rtc.o(.text)
    RTC_SetAlarm                             0x08004309   Thumb Code    26  stm32f10x_rtc.o(.text)
    RTC_GetDivider                           0x08004323   Thumb Code    22  stm32f10x_rtc.o(.text)
    RTC_WaitForLastTask                      0x08004339   Thumb Code    18  stm32f10x_rtc.o(.text)
    RTC_WaitForSynchro                       0x0800434b   Thumb Code    36  stm32f10x_rtc.o(.text)
    RTC_GetFlagStatus                        0x0800436f   Thumb Code    22  stm32f10x_rtc.o(.text)
    RTC_ClearFlag                            0x08004385   Thumb Code    16  stm32f10x_rtc.o(.text)
    RTC_GetITStatus                          0x08004395   Thumb Code    32  stm32f10x_rtc.o(.text)
    RTC_ClearITPendingBit                    0x080043b5   Thumb Code    16  stm32f10x_rtc.o(.text)
    BSP_CPU_ClkFreq                          0x080043c9   Thumb Code    16  bsp.o(.text)
    CPU_TS_TmrInit                           0x080043d9   Thumb Code    44  bsp.o(.text)
    CPU_TS_TmrRd                             0x08004405   Thumb Code     6  bsp.o(.text)
    CPU_TS32_to_uSec                         0x0800440b   Thumb Code    54  bsp.o(.text)
    CPU_NameClr                              0x0800444d   Thumb Code    42  cpu_core.o(.text)
    CPU_Init                                 0x0800448d   Thumb Code    12  cpu_core.o(.text)
    CPU_SW_Exception                         0x08004499   Thumb Code     4  cpu_core.o(.text)
    CPU_NameGet                              0x0800449d   Thumb Code    70  cpu_core.o(.text)
    CPU_NameSet                              0x080044e3   Thumb Code    96  cpu_core.o(.text)
    CPU_TS_Get32                             0x08004543   Thumb Code    12  cpu_core.o(.text)
    CPU_TS_Update                            0x0800454f   Thumb Code     2  cpu_core.o(.text)
    CPU_TS_TmrFreqGet                        0x08004551   Thumb Code    30  cpu_core.o(.text)
    CPU_TS_TmrFreqSet                        0x0800456f   Thumb Code     6  cpu_core.o(.text)
    CPU_CntLeadZeros08                       0x08004575   Thumb Code    18  cpu_core.o(.text)
    CPU_CntLeadZeros16                       0x08004587   Thumb Code    18  cpu_core.o(.text)
    CPU_CntLeadZeros32                       0x08004599   Thumb Code    18  cpu_core.o(.text)
    CPU_CntLeadZeros64                       0x080045ab   Thumb Code   188  cpu_core.o(.text)
    CPU_CntTrailZeros08                      0x08004667   Thumb Code    22  cpu_core.o(.text)
    CPU_CntTrailZeros16                      0x0800467d   Thumb Code    22  cpu_core.o(.text)
    CPU_CntTrailZeros32                      0x08004693   Thumb Code    22  cpu_core.o(.text)
    CPU_CntTrailZeros64                      0x080046a9   Thumb Code    62  cpu_core.o(.text)
    CPU_IntDis                               0x080046f5   Thumb Code     0  cpu_a.o(.text)
    CPU_IntEn                                0x080046f9   Thumb Code     0  cpu_a.o(.text)
    CPU_SR_Save                              0x080046fd   Thumb Code     0  cpu_a.o(.text)
    CPU_SR_Restore                           0x08004705   Thumb Code     0  cpu_a.o(.text)
    CPU_WaitForInt                           0x0800470b   Thumb Code     0  cpu_a.o(.text)
    CPU_WaitForExcept                        0x0800470f   Thumb Code     0  cpu_a.o(.text)
    CPU_CntLeadZeros                         0x08004713   Thumb Code     0  cpu_a.o(.text)
    CPU_CntTrailZeros                        0x08004719   Thumb Code     0  cpu_a.o(.text)
    CPU_RevBits                              0x08004723   Thumb Code     0  cpu_a.o(.text)
    ASCII_IsAlpha                            0x08004729   Thumb Code    48  lib_ascii.o(.text)
    ASCII_IsAlphaNum                         0x08004759   Thumb Code    76  lib_ascii.o(.text)
    ASCII_IsLower                            0x080047a5   Thumb Code    20  lib_ascii.o(.text)
    ASCII_IsUpper                            0x080047b9   Thumb Code    20  lib_ascii.o(.text)
    ASCII_IsDig                              0x080047cd   Thumb Code    20  lib_ascii.o(.text)
    ASCII_IsDigOct                           0x080047e1   Thumb Code    20  lib_ascii.o(.text)
    ASCII_IsDigHex                           0x080047f5   Thumb Code    36  lib_ascii.o(.text)
    ASCII_IsBlank                            0x08004819   Thumb Code    20  lib_ascii.o(.text)
    ASCII_IsSpace                            0x0800482d   Thumb Code    36  lib_ascii.o(.text)
    ASCII_IsPrint                            0x08004851   Thumb Code    20  lib_ascii.o(.text)
    ASCII_IsGraph                            0x08004865   Thumb Code    20  lib_ascii.o(.text)
    ASCII_IsPunct                            0x08004879   Thumb Code   134  lib_ascii.o(.text)
    ASCII_IsCtrl                             0x080048ff   Thumb Code    26  lib_ascii.o(.text)
    ASCII_ToLower                            0x08004919   Thumb Code    32  lib_ascii.o(.text)
    ASCII_ToUpper                            0x08004939   Thumb Code    32  lib_ascii.o(.text)
    ASCII_Cmp                                0x08004959   Thumb Code    38  lib_ascii.o(.text)
    Mem_Init                                 0x08004981   Thumb Code    54  lib_mem.o(.text)
    Mem_Set                                  0x080049b7   Thumb Code    84  lib_mem.o(.text)
    Mem_Clr                                  0x08004a0b   Thumb Code    18  lib_mem.o(.text)
    Mem_Move                                 0x08004a1d   Thumb Code   186  lib_mem.o(.text)
    Mem_Cmp                                  0x08004ad7   Thumb Code   192  lib_mem.o(.text)
    Mem_HeapAlloc                            0x08004c0f   Thumb Code   168  lib_mem.o(.text)
    Mem_SegGetSizeRem                        0x08004cb7   Thumb Code   108  lib_mem.o(.text)
    Mem_HeapGetSizeRem                       0x08004d23   Thumb Code    22  lib_mem.o(.text)
    Mem_PoolClr                              0x08004d39   Thumb Code    80  lib_mem.o(.text)
    Mem_PoolCreate                           0x08004d89   Thumb Code   838  lib_mem.o(.text)
    Mem_PoolBlkGetNbrAvail                   0x080050cf   Thumb Code    52  lib_mem.o(.text)
    Mem_PoolBlkGet                           0x08005103   Thumb Code   126  lib_mem.o(.text)
    Mem_PoolBlkGetUsedAtIx                   0x08005181   Thumb Code   140  lib_mem.o(.text)
    Mem_PoolBlkFree                          0x0800520d   Thumb Code   152  lib_mem.o(.text)
    Mem_PoolBlkIxGet                         0x080052a5   Thumb Code   162  lib_mem.o(.text)
    Str_Len_N                                0x08005349   Thumb Code    28  lib_str.o(.text)
    Str_Len                                  0x08005365   Thumb Code    20  lib_str.o(.text)
    Str_Copy_N                               0x08005379   Thumb Code    70  lib_str.o(.text)
    Str_Copy                                 0x080053bf   Thumb Code    24  lib_str.o(.text)
    Str_Cat_N                                0x080053d7   Thumb Code    90  lib_str.o(.text)
    Str_Cat                                  0x08005431   Thumb Code    24  lib_str.o(.text)
    Str_Cmp_N                                0x08005449   Thumb Code   156  lib_str.o(.text)
    Str_Cmp                                  0x080054e5   Thumb Code    24  lib_str.o(.text)
    Str_CmpIgnoreCase_N                      0x080054fd   Thumb Code   264  lib_str.o(.text)
    Str_CmpIgnoreCase                        0x08005605   Thumb Code    24  lib_str.o(.text)
    Str_Char_N                               0x0800561d   Thumb Code    74  lib_str.o(.text)
    Str_Char                                 0x08005667   Thumb Code    24  lib_str.o(.text)
    Str_Char_Last_N                          0x0800567f   Thumb Code    76  lib_str.o(.text)
    Str_Char_Last                            0x080056cb   Thumb Code    24  lib_str.o(.text)
    Str_Char_Replace_N                       0x080056e3   Thumb Code    52  lib_str.o(.text)
    Str_Char_Replace                         0x08005717   Thumb Code    28  lib_str.o(.text)
    Str_Str_N                                0x08005733   Thumb Code   182  lib_str.o(.text)
    Str_Str                                  0x080057e9   Thumb Code    24  lib_str.o(.text)
    Str_FmtNbr_Int32U                        0x080059dd   Thumb Code    46  lib_str.o(.text)
    Str_FmtNbr_Int32S                        0x08005a0b   Thumb Code    62  lib_str.o(.text)
    Str_ParseNbr_Int32U                      0x08005c07   Thumb Code    30  lib_str.o(.text)
    Str_ParseNbr_Int32S                      0x08005c25   Thumb Code    74  lib_str.o(.text)
    Mem_Copy                                 0x08005c75   Thumb Code     0  lib_mem_a.o(.text)
    OSCfg_Init                               0x08005e95   Thumb Code    86  os_cfg_app.o(.text)
    OS_IdleTask                              0x08005f91   Thumb Code    60  os_core.o(.text)
    OS_IdleTaskInit                          0x08005fcd   Thumb Code    68  os_core.o(.text)
    OS_RdyListInit                           0x08006011   Thumb Code    32  os_core.o(.text)
    OSInit                                   0x08006031   Thumb Code   300  os_core.o(.text)
    OSIntEnter                               0x0800615d   Thumb Code    34  os_core.o(.text)
    OSIntExit                                0x0800617f   Thumb Code   192  os_core.o(.text)
    OSSched                                  0x0800623f   Thumb Code   134  os_core.o(.text)
    OS_SchedLockTimeMeasStart                0x080062c5   Thumb Code    20  os_core.o(.text)
    OSSchedLock                              0x080062d9   Thumb Code   104  os_core.o(.text)
    OS_SchedLockTimeMeasStop                 0x08006341   Thumb Code    44  os_core.o(.text)
    OSSchedUnlock                            0x0800636d   Thumb Code   290  os_core.o(.text)
    OSSchedRoundRobinCfg                     0x0800648f   Thumb Code    88  os_core.o(.text)
    OS_RdyListMoveHeadToTail                 0x080064e7   Thumb Code    68  os_core.o(.text)
    OSSchedRoundRobinYield                   0x0800652b   Thumb Code   164  os_core.o(.text)
    OSStart                                  0x080065cf   Thumb Code    78  os_core.o(.text)
    OSVersion                                0x0800661d   Thumb Code    12  os_core.o(.text)
    OS_PendDbgNameAdd                        0x08006629   Thumb Code    66  os_core.o(.text)
    OS_PendListInsertPrio                    0x0800666b   Thumb Code   102  os_core.o(.text)
    OS_PendDataInit                          0x080066d1   Thumb Code    38  os_core.o(.text)
    OS_RdyListRemove                         0x080066f7   Thumb Code    86  os_core.o(.text)
    OS_TaskBlock                             0x0800674d   Thumb Code    56  os_core.o(.text)
    OS_Pend                                  0x08006785   Thumb Code    98  os_core.o(.text)
    OS_PendListRemove1                       0x080067e7   Thumb Code   134  os_core.o(.text)
    OS_PendListRemove                        0x0800686d   Thumb Code    48  os_core.o(.text)
    OS_PendAbort1                            0x0800689d   Thumb Code    36  os_core.o(.text)
    OS_RdyListInsertHead                     0x080068c1   Thumb Code    58  os_core.o(.text)
    OS_RdyListInsertTail                     0x080068fb   Thumb Code    56  os_core.o(.text)
    OS_RdyListInsert                         0x08006933   Thumb Code    40  os_core.o(.text)
    OS_TaskRdy                               0x0800695b   Thumb Code    28  os_core.o(.text)
    OS_PendAbort                             0x08006977   Thumb Code   166  os_core.o(.text)
    OS_PendDbgNameRemove                     0x08006a1d   Thumb Code    34  os_core.o(.text)
    OS_PendListChangePrio                    0x08006a3f   Thumb Code    70  os_core.o(.text)
    OS_PendListInit                          0x08006a85   Thumb Code    10  os_core.o(.text)
    OS_PendListInsertHead                    0x08006a8f   Thumb Code    32  os_core.o(.text)
    OS_PendObjDel1                           0x08006aaf   Thumb Code    36  os_core.o(.text)
    OS_PendObjDel                            0x08006ad3   Thumb Code   162  os_core.o(.text)
    OS_Post1                                 0x08006b75   Thumb Code    42  os_core.o(.text)
    OS_Post                                  0x08006b9f   Thumb Code   192  os_core.o(.text)
    OS_Sched0                                0x08006c5f   Thumb Code   102  os_core.o(.text)
    OS_SchedRoundRobin                       0x08006cc5   Thumb Code   190  os_core.o(.text)
    OS_Dbg_Init                              0x08006d95   Thumb Code   146  os_dbg.o(.text)
    OS_FlagDbgListAdd                        0x08006f45   Thumb Code    38  os_flag.o(.text)
    OSFlagCreate                             0x08006f6b   Thumb Code   172  os_flag.o(.text)
    OS_FlagClr                               0x08007017   Thumb Code    28  os_flag.o(.text)
    OS_FlagDbgListRemove                     0x08007033   Thumb Code    44  os_flag.o(.text)
    OSFlagDel                                0x0800705f   Thumb Code   594  os_flag.o(.text)
    OS_FlagBlock                             0x080072b1   Thumb Code    58  os_flag.o(.text)
    OSFlagPend                               0x080072eb   Thumb Code  1488  os_flag.o(.text)
    OSFlagPendAbort                          0x080078bb   Thumb Code   292  os_flag.o(.text)
    OSFlagPendGetFlagsRdy                    0x080079df   Thumb Code    68  os_flag.o(.text)
    OS_FlagTaskRdy                           0x08007a23   Thumb Code    86  os_flag.o(.text)
    OS_FlagPost                              0x08007a79   Thumb Code   570  os_flag.o(.text)
    OSFlagPost                               0x08007cb3   Thumb Code   146  os_flag.o(.text)
    OS_FlagInit                              0x08007d45   Thumb Code    14  os_flag.o(.text)
    OS_IntQPost                              0x08007d6d   Thumb Code   216  os_int.o(.text)
    OS_IntQRePost                            0x08007e45   Thumb Code   360  os_int.o(.text)
    OS_IntQTask                              0x08007fad   Thumb Code   162  os_int.o(.text)
    OS_IntQTaskInit                          0x0800804f   Thumb Code   208  os_int.o(.text)
    OS_MemDbgListAdd                         0x080081b1   Thumb Code    34  os_mem.o(.text)
    OSMemCreate                              0x080081d3   Thumb Code   288  os_mem.o(.text)
    OSMemGet                                 0x080082f3   Thumb Code   100  os_mem.o(.text)
    OSMemPut                                 0x08008357   Thumb Code   112  os_mem.o(.text)
    OS_MemInit                               0x080083c7   Thumb Code    14  os_mem.o(.text)
    OS_MsgPoolCreate                         0x080083e9   Thumb Code    54  os_msg.o(.text)
    OS_MsgPoolInit                           0x0800841f   Thumb Code    70  os_msg.o(.text)
    OS_MsgQFreeAll                           0x08008465   Thumb Code    62  os_msg.o(.text)
    OS_MsgQInit                              0x080084a3   Thumb Code    14  os_msg.o(.text)
    OS_MsgQGet                               0x080084b1   Thumb Code    98  os_msg.o(.text)
    OS_MsgQPut                               0x08008513   Thumb Code   246  os_msg.o(.text)
    OS_MutexDbgListAdd                       0x08008615   Thumb Code    38  os_mutex.o(.text)
    OSMutexCreate                            0x0800863b   Thumb Code   178  os_mutex.o(.text)
    OS_MutexClr                              0x080086ed   Thumb Code    38  os_mutex.o(.text)
    OS_MutexDbgListRemove                    0x08008713   Thumb Code    44  os_mutex.o(.text)
    OSMutexDel                               0x0800873f   Thumb Code   842  os_mutex.o(.text)
    OSMutexPend                              0x08008a89   Thumb Code   706  os_mutex.o(.text)
    OSMutexPendAbort                         0x08008d4b   Thumb Code   314  os_mutex.o(.text)
    OSMutexPost                              0x08008e85   Thumb Code   564  os_mutex.o(.text)
    OS_MutexInit                             0x080090b9   Thumb Code    14  os_mutex.o(.text)
    OS_PrioInit                              0x080090e9   Thumb Code    20  os_prio.o(.text)
    OS_PrioGetHighest                        0x080090fd   Thumb Code    36  os_prio.o(.text)
    OS_PrioInsert                            0x08009121   Thumb Code    32  os_prio.o(.text)
    OS_PrioRemove                            0x08009141   Thumb Code    32  os_prio.o(.text)
    OS_QDbgListAdd                           0x08009165   Thumb Code    38  os_q.o(.text)
    OSQCreate                                0x0800918b   Thumb Code   186  os_q.o(.text)
    OS_QClr                                  0x08009245   Thumb Code    40  os_q.o(.text)
    OS_QDbgListRemove                        0x0800926d   Thumb Code    44  os_q.o(.text)
    OSQDel                                   0x08009299   Thumb Code   362  os_q.o(.text)
    OSQFlush                                 0x08009403   Thumb Code   210  os_q.o(.text)
    OSQPend                                  0x080094d5   Thumb Code   538  os_q.o(.text)
    OSQPendAbort                             0x080096ef   Thumb Code   292  os_q.o(.text)
    OS_QPost                                 0x08009813   Thumb Code   324  os_q.o(.text)
    OSQPost                                  0x08009957   Thumb Code   198  os_q.o(.text)
    OS_QInit                                 0x08009a1d   Thumb Code    14  os_q.o(.text)
    OS_SemDbgListAdd                         0x08009a3d   Thumb Code    38  os_sem.o(.text)
    OSSemCreate                              0x08009a63   Thumb Code   172  os_sem.o(.text)
    OS_SemClr                                0x08009b0f   Thumb Code    28  os_sem.o(.text)
    OS_SemDbgListRemove                      0x08009b2b   Thumb Code    44  os_sem.o(.text)
    OSSemDel                                 0x08009b57   Thumb Code   362  os_sem.o(.text)
    OSSemPend                                0x08009cc1   Thumb Code   504  os_sem.o(.text)
    OSSemPendAbort                           0x08009eb9   Thumb Code   292  os_sem.o(.text)
    OS_SemPost                               0x08009fdd   Thumb Code   350  os_sem.o(.text)
    OSSemPost                                0x0800a13b   Thumb Code   144  os_sem.o(.text)
    OSSemSet                                 0x0800a1cb   Thumb Code   138  os_sem.o(.text)
    OS_SemInit                               0x0800a255   Thumb Code    14  os_sem.o(.text)
    OSStatReset                              0x0800a26d   Thumb Code   270  os_stat.o(.text)
    OSStatTaskCPUUsageInit                   0x0800a37b   Thumb Code   212  os_stat.o(.text)
    OS_StatTask                              0x0800a44f   Thumb Code   888  os_stat.o(.text)
    OS_StatTaskInit                          0x0800a7c7   Thumb Code   138  os_stat.o(.text)
    OSTaskChangePrio                         0x0800a8a5   Thumb Code   416  os_task.o(.text)
    OS_TaskDbgListAdd                        0x0800aa45   Thumb Code    42  os_task.o(.text)
    OS_TaskInitTCB                           0x0800aa6f   Thumb Code   186  os_task.o(.text)
    OSTaskCreate                             0x0800ab29   Thumb Code   616  os_task.o(.text)
    OS_TaskDbgListRemove                     0x0800ad91   Thumb Code    64  os_task.o(.text)
    OSTaskDel                                0x0800add1   Thumb Code   424  os_task.o(.text)
    OSTaskQFlush                             0x0800af79   Thumb Code   214  os_task.o(.text)
    OSTaskQPend                              0x0800b04f   Thumb Code   554  os_task.o(.text)
    OSTaskQPendAbort                         0x0800b279   Thumb Code   242  os_task.o(.text)
    OS_TaskQPost                             0x0800b36b   Thumb Code   526  os_task.o(.text)
    OSTaskQPost                              0x0800b579   Thumb Code   114  os_task.o(.text)
    OSTaskRegGet                             0x0800b5eb   Thumb Code    78  os_task.o(.text)
    OSTaskRegGetID                           0x0800b639   Thumb Code    84  os_task.o(.text)
    OSTaskRegSet                             0x0800b68d   Thumb Code    78  os_task.o(.text)
    OS_TaskResume                            0x0800b6db   Thumb Code   314  os_task.o(.text)
    OSTaskResume                             0x0800b815   Thumb Code   112  os_task.o(.text)
    OSTaskSemPend                            0x0800b885   Thumb Code   550  os_task.o(.text)
    OSTaskSemPendAbort                       0x0800baab   Thumb Code   270  os_task.o(.text)
    OS_TaskSemPost                           0x0800bbb9   Thumb Code  1224  os_task.o(.text)
    OSTaskSemPost                            0x0800c081   Thumb Code    98  os_task.o(.text)
    OSTaskSemSet                             0x0800c0e3   Thumb Code    80  os_task.o(.text)
    OSTaskStkChk                             0x0800c133   Thumb Code   224  os_task.o(.text)
    OS_TaskSuspend                           0x0800c213   Thumb Code   328  os_task.o(.text)
    OSTaskSuspend                            0x0800c35b   Thumb Code    78  os_task.o(.text)
    OSTaskTimeQuantaSet                      0x0800c3a9   Thumb Code    96  os_task.o(.text)
    OS_TaskInit                              0x0800c409   Thumb Code    18  os_task.o(.text)
    OS_TaskReturn                            0x0800c41b   Thumb Code    20  os_task.o(.text)
    OS_TickListRemove                        0x0800c459   Thumb Code    56  os_tick.o(.text)
    OS_TickListUpdate                        0x0800c491   Thumb Code   480  os_tick.o(.text)
    OS_TickTask                              0x0800c671   Thumb Code    38  os_tick.o(.text)
    OS_TickListInit                          0x0800c697   Thumb Code    32  os_tick.o(.text)
    OS_TickTaskInit                          0x0800c6b7   Thumb Code   130  os_tick.o(.text)
    OS_TickListInsert                        0x0800c739   Thumb Code   502  os_tick.o(.text)
    OS_TickListResetPeak                     0x0800c92f   Thumb Code    28  os_tick.o(.text)
    OSTimeDly                                0x0800c955   Thumb Code   266  os_time.o(.text)
    OSTimeDlyHMSM                            0x0800ca5f   Thumb Code   480  os_time.o(.text)
    OSTimeDlyResume                          0x0800cc3f   Thumb Code   466  os_time.o(.text)
    OSTimeGet                                0x0800ce11   Thumb Code    46  os_time.o(.text)
    OSTimeSet                                0x0800ce3f   Thumb Code    46  os_time.o(.text)
    OSTimeTick                               0x0800ce6d   Thumb Code    54  os_time.o(.text)
    OS_TmrDbgListAdd                         0x0800ceb9   Thumb Code    34  os_tmr.o(.text)
    OSTmrCreate                              0x0800cedb   Thumb Code   248  os_tmr.o(.text)
    OS_TmrClr                                0x0800cfd3   Thumb Code    36  os_tmr.o(.text)
    OS_TmrUnlink                             0x0800cff7   Thumb Code    72  os_tmr.o(.text)
    OS_TmrDbgListRemove                      0x0800d03f   Thumb Code    44  os_tmr.o(.text)
    OSTmrDel                                 0x0800d06b   Thumb Code   176  os_tmr.o(.text)
    OSTmrRemainGet                           0x0800d11b   Thumb Code   184  os_tmr.o(.text)
    OS_TmrLink                               0x0800d1d3   Thumb Code   196  os_tmr.o(.text)
    OSTmrStart                               0x0800d297   Thumb Code   210  os_tmr.o(.text)
    OSTmrStateGet                            0x0800d369   Thumb Code   134  os_tmr.o(.text)
    OSTmrStop                                0x0800d3ef   Thumb Code   232  os_tmr.o(.text)
    OS_TmrTask                               0x0800d4d7   Thumb Code   176  os_tmr.o(.text)
    OS_TmrInit                               0x0800d587   Thumb Code   208  os_tmr.o(.text)
    OS_TmrResetPeak                          0x0800d657   Thumb Code    28  os_tmr.o(.text)
    OSIdleTaskHook                           0x0800d6d1   Thumb Code    16  os_cpu_c.o(.text)
    OSInitHook                               0x0800d6e1   Thumb Code    42  os_cpu_c.o(.text)
    OSStatTaskHook                           0x0800d70b   Thumb Code    16  os_cpu_c.o(.text)
    OSTaskCreateHook                         0x0800d71b   Thumb Code    20  os_cpu_c.o(.text)
    OSTaskDelHook                            0x0800d72f   Thumb Code    20  os_cpu_c.o(.text)
    OSTaskReturnHook                         0x0800d743   Thumb Code    20  os_cpu_c.o(.text)
    OSTaskStkInit                            0x0800d757   Thumb Code   188  os_cpu_c.o(.text)
    OSTaskSwHook                             0x0800d813   Thumb Code   120  os_cpu_c.o(.text)
    OSTimeTickHook                           0x0800d88b   Thumb Code    16  os_cpu_c.o(.text)
    OS_CPU_SysTickHandler                    0x0800d89b   Thumb Code    52  os_cpu_c.o(.text)
    OS_CPU_SysTickInit                       0x0800d8cf   Thumb Code    44  os_cpu_c.o(.text)
    __use_no_semihosting                     0x0800d93d   Thumb Code     2  use_no_semi_2.o(.text)
    __aeabi_uldivmod                         0x0800d93f   Thumb Code     0  lludivv7m.o(.text)
    _ll_udiv                                 0x0800d93f   Thumb Code   238  lludivv7m.o(.text)
    __2printf                                0x0800da2d   Thumb Code    20  noretval__2printf.o(.text)
    __printf                                 0x0800da45   Thumb Code   104  __printf.o(.text)
    _printf_int_dec                          0x0800daad   Thumb Code   104  _printf_dec.o(.text)
    strncmp                                  0x0800db25   Thumb Code   150  strncmp.o(.text)
    __aeabi_memclr                           0x0800dbbb   Thumb Code     0  rt_memclr.o(.text)
    __rt_memclr                              0x0800dbbb   Thumb Code    68  rt_memclr.o(.text)
    _memset                                  0x0800dbbf   Thumb Code     0  rt_memclr.o(.text)
    __aeabi_memclr4                          0x0800dbff   Thumb Code     0  rt_memclr_w.o(.text)
    __aeabi_memclr8                          0x0800dbff   Thumb Code     0  rt_memclr_w.o(.text)
    __rt_memclr_w                            0x0800dbff   Thumb Code    78  rt_memclr_w.o(.text)
    _memset_w                                0x0800dc03   Thumb Code     0  rt_memclr_w.o(.text)
    __use_two_region_memory                  0x0800dc4d   Thumb Code     2  heapauxi.o(.text)
    __rt_heap_escrow$2region                 0x0800dc4f   Thumb Code     2  heapauxi.o(.text)
    __rt_heap_expand$2region                 0x0800dc51   Thumb Code     2  heapauxi.o(.text)
    __I$use$semihosting                      0x0800dc53   Thumb Code     0  use_no_semi.o(.text)
    __use_no_semihosting_swi                 0x0800dc53   Thumb Code     2  use_no_semi.o(.text)
    _printf_int_common                       0x0800dc55   Thumb Code   178  _printf_intcommon.o(.text)
    _printf_char_file                        0x0800dd09   Thumb Code    32  _printf_char_file.o(.text)
    _printf_char_common                      0x0800dd37   Thumb Code    32  _printf_char_common.o(.text)
    ferror                                   0x0800dd5d   Thumb Code     8  ferror.o(.text)
    __user_setup_stackheap                   0x0800dd65   Thumb Code    74  sys_stackheap_outer.o(.text)
    exit                                     0x0800ddaf   Thumb Code    12  exit.o(.text)
    __user_libspace                          0x0800ddbd   Thumb Code     8  libspace.o(.text)
    __user_perproc_libspace                  0x0800ddbd   Thumb Code     0  libspace.o(.text)
    __user_perthread_libspace                0x0800ddbd   Thumb Code     0  libspace.o(.text)
    OSStartHighRdy                           0x0800ddc5   Thumb Code     0  os_cpu_a.o(CODE)
    PendSV_Handler                           0x0800ddfb   Thumb Code     0  os_cpu_a.o(CODE)
    __aeabi_d2f                              0x0800de5d   Thumb Code     0  d2f.o(x$fpl$d2f)
    _d2f                                     0x0800de5d   Thumb Code    98  d2f.o(x$fpl$d2f)
    __aeabi_dadd                             0x0800dec1   Thumb Code     0  daddsub_clz.o(x$fpl$dadd)
    _dadd                                    0x0800dec1   Thumb Code   332  daddsub_clz.o(x$fpl$dadd)
    __aeabi_ddiv                             0x0800e011   Thumb Code     0  ddiv.o(x$fpl$ddiv)
    _ddiv                                    0x0800e011   Thumb Code   552  ddiv.o(x$fpl$ddiv)
    __aeabi_d2uiz                            0x0800e2c1   Thumb Code     0  dfixu.o(x$fpl$dfixu)
    _dfixu                                   0x0800e2c1   Thumb Code    90  dfixu.o(x$fpl$dfixu)
    __aeabi_dmul                             0x0800e31d   Thumb Code     0  dmul.o(x$fpl$dmul)
    _dmul                                    0x0800e31d   Thumb Code   332  dmul.o(x$fpl$dmul)
    __fpl_dnaninf                            0x0800e471   Thumb Code   156  dnaninf.o(x$fpl$dnaninf)
    __fpl_dretinf                            0x0800e50d   Thumb Code    12  dretinf.o(x$fpl$dretinf)
    __aeabi_dsub                             0x0800e519   Thumb Code     0  daddsub_clz.o(x$fpl$dsub)
    _dsub                                    0x0800e519   Thumb Code   464  daddsub_clz.o(x$fpl$dsub)
    __aeabi_f2d                              0x0800e6ed   Thumb Code     0  f2d.o(x$fpl$f2d)
    _f2d                                     0x0800e6ed   Thumb Code    86  f2d.o(x$fpl$f2d)
    __aeabi_fadd                             0x0800e745   Thumb Code     0  faddsub_clz.o(x$fpl$fadd)
    _fadd                                    0x0800e745   Thumb Code   196  faddsub_clz.o(x$fpl$fadd)
    __aeabi_f2uiz                            0x0800e809   Thumb Code     0  ffixu.o(x$fpl$ffixu)
    _ffixu                                   0x0800e809   Thumb Code    62  ffixu.o(x$fpl$ffixu)
    __aeabi_ui2f                             0x0800e849   Thumb Code     0  fflt_clz.o(x$fpl$ffltu)
    _ffltu                                   0x0800e849   Thumb Code    38  fflt_clz.o(x$fpl$ffltu)
    __aeabi_fmul                             0x0800e871   Thumb Code     0  fmul.o(x$fpl$fmul)
    _fmul                                    0x0800e871   Thumb Code   258  fmul.o(x$fpl$fmul)
    __fpl_fnaninf                            0x0800e973   Thumb Code   140  fnaninf.o(x$fpl$fnaninf)
    __fpl_fretinf                            0x0800e9ff   Thumb Code    10  fretinf.o(x$fpl$fretinf)
    __aeabi_frsub                            0x0800ea09   Thumb Code     0  faddsub_clz.o(x$fpl$frsb)
    _frsb                                    0x0800ea09   Thumb Code    20  faddsub_clz.o(x$fpl$frsb)
    __aeabi_fsub                             0x0800ea1d   Thumb Code     0  faddsub_clz.o(x$fpl$fsub)
    _fsub                                    0x0800ea1d   Thumb Code   234  faddsub_clz.o(x$fpl$fsub)
    __I$use$fp                               0x0800eb06   Number         0  usenofp.o(x$fpl$usenofp)
    CPU_EndiannessTest                       0x0800ec08   Data           4  cpu_core.o(.constdata)
    OSCfg_IdleTaskStkBasePtr                 0x0800eca0   Data           4  os_cfg_app.o(.constdata)
    OSCfg_IdleTaskStkLimit                   0x0800eca4   Data           4  os_cfg_app.o(.constdata)
    OSCfg_IdleTaskStkSize                    0x0800eca8   Data           4  os_cfg_app.o(.constdata)
    OSCfg_IdleTaskStkSizeRAM                 0x0800ecac   Data           4  os_cfg_app.o(.constdata)
    OSCfg_IntQBasePtr                        0x0800ecb0   Data           4  os_cfg_app.o(.constdata)
    OSCfg_IntQSize                           0x0800ecb4   Data           2  os_cfg_app.o(.constdata)
    OSCfg_IntQSizeRAM                        0x0800ecb8   Data           4  os_cfg_app.o(.constdata)
    OSCfg_IntQTaskStkBasePtr                 0x0800ecbc   Data           4  os_cfg_app.o(.constdata)
    OSCfg_IntQTaskStkLimit                   0x0800ecc0   Data           4  os_cfg_app.o(.constdata)
    OSCfg_IntQTaskStkSize                    0x0800ecc4   Data           4  os_cfg_app.o(.constdata)
    OSCfg_IntQTaskStkSizeRAM                 0x0800ecc8   Data           4  os_cfg_app.o(.constdata)
    OSCfg_ISRStkBasePtr                      0x0800eccc   Data           4  os_cfg_app.o(.constdata)
    OSCfg_ISRStkSize                         0x0800ecd0   Data           4  os_cfg_app.o(.constdata)
    OSCfg_ISRStkSizeRAM                      0x0800ecd4   Data           4  os_cfg_app.o(.constdata)
    OSCfg_MsgPoolSize                        0x0800ecd8   Data           2  os_cfg_app.o(.constdata)
    OSCfg_MsgPoolSizeRAM                     0x0800ecdc   Data           4  os_cfg_app.o(.constdata)
    OSCfg_MsgPoolBasePtr                     0x0800ece0   Data           4  os_cfg_app.o(.constdata)
    OSCfg_StatTaskPrio                       0x0800ece4   Data           1  os_cfg_app.o(.constdata)
    OSCfg_StatTaskRate_Hz                    0x0800ece8   Data           4  os_cfg_app.o(.constdata)
    OSCfg_StatTaskStkBasePtr                 0x0800ecec   Data           4  os_cfg_app.o(.constdata)
    OSCfg_StatTaskStkLimit                   0x0800ecf0   Data           4  os_cfg_app.o(.constdata)
    OSCfg_StatTaskStkSize                    0x0800ecf4   Data           4  os_cfg_app.o(.constdata)
    OSCfg_StatTaskStkSizeRAM                 0x0800ecf8   Data           4  os_cfg_app.o(.constdata)
    OSCfg_StkSizeMin                         0x0800ecfc   Data           4  os_cfg_app.o(.constdata)
    OSCfg_TickRate_Hz                        0x0800ed00   Data           4  os_cfg_app.o(.constdata)
    OSCfg_TickTaskPrio                       0x0800ed04   Data           1  os_cfg_app.o(.constdata)
    OSCfg_TickTaskStkBasePtr                 0x0800ed08   Data           4  os_cfg_app.o(.constdata)
    OSCfg_TickTaskStkLimit                   0x0800ed0c   Data           4  os_cfg_app.o(.constdata)
    OSCfg_TickTaskStkSize                    0x0800ed10   Data           4  os_cfg_app.o(.constdata)
    OSCfg_TickTaskStkSizeRAM                 0x0800ed14   Data           4  os_cfg_app.o(.constdata)
    OSCfg_TickWheelSize                      0x0800ed18   Data           2  os_cfg_app.o(.constdata)
    OSCfg_TickWheelSizeRAM                   0x0800ed1c   Data           4  os_cfg_app.o(.constdata)
    OSCfg_TmrTaskPrio                        0x0800ed20   Data           1  os_cfg_app.o(.constdata)
    OSCfg_TmrTaskRate_Hz                     0x0800ed24   Data           4  os_cfg_app.o(.constdata)
    OSCfg_TmrTaskStkBasePtr                  0x0800ed28   Data           4  os_cfg_app.o(.constdata)
    OSCfg_TmrTaskStkLimit                    0x0800ed2c   Data           4  os_cfg_app.o(.constdata)
    OSCfg_TmrTaskStkSize                     0x0800ed30   Data           4  os_cfg_app.o(.constdata)
    OSCfg_TmrTaskStkSizeRAM                  0x0800ed34   Data           4  os_cfg_app.o(.constdata)
    OSCfg_TmrWheelSize                       0x0800ed38   Data           2  os_cfg_app.o(.constdata)
    OSCfg_TmrWheelSizeRAM                    0x0800ed3c   Data           4  os_cfg_app.o(.constdata)
    OSCfg_DataSizeRAM                        0x0800ed40   Data           4  os_cfg_app.o(.constdata)
    OSDbg_DbgEn                              0x0800ed44   Data           2  os_dbg.o(.constdata)
    OSDbg_ArgChkEn                           0x0800ed46   Data           1  os_dbg.o(.constdata)
    OSDbg_AppHooksEn                         0x0800ed47   Data           1  os_dbg.o(.constdata)
    OSDbg_EndiannessTest                     0x0800ed48   Data           4  os_dbg.o(.constdata)
    OSDbg_CalledFromISRChkEn                 0x0800ed4c   Data           1  os_dbg.o(.constdata)
    OSDbg_FlagEn                             0x0800ed4d   Data           1  os_dbg.o(.constdata)
    OSDbg_FlagGrp                            0x0800ed50   Data          40  os_dbg.o(.constdata)
    OSDbg_FlagDelEn                          0x0800ed78   Data           1  os_dbg.o(.constdata)
    OSDbg_FlagModeClrEn                      0x0800ed79   Data           1  os_dbg.o(.constdata)
    OSDbg_FlagPendAbortEn                    0x0800ed7a   Data           1  os_dbg.o(.constdata)
    OSDbg_FlagGrpSize                        0x0800ed7c   Data           2  os_dbg.o(.constdata)
    OSDbg_FlagWidth                          0x0800ed7e   Data           2  os_dbg.o(.constdata)
    OSDbg_IntQ                               0x0800ed80   Data           2  os_dbg.o(.constdata)
    OSDbg_ISRPostDeferredEn                  0x0800ed82   Data           1  os_dbg.o(.constdata)
    OSDbg_Mem                                0x0800ed84   Data          32  os_dbg.o(.constdata)
    OSDbg_MemEn                              0x0800eda4   Data           1  os_dbg.o(.constdata)
    OSDbg_MemSize                            0x0800eda6   Data           2  os_dbg.o(.constdata)
    OSDbg_MsgEn                              0x0800eda8   Data           1  os_dbg.o(.constdata)
    OSDbg_MsgSize                            0x0800edaa   Data           2  os_dbg.o(.constdata)
    OSDbg_MsgPoolSize                        0x0800edac   Data           2  os_dbg.o(.constdata)
    OSDbg_MsgQSize                           0x0800edae   Data           2  os_dbg.o(.constdata)
    OSDbg_Mutex                              0x0800edb0   Data          44  os_dbg.o(.constdata)
    OSDbg_MutexEn                            0x0800eddc   Data           1  os_dbg.o(.constdata)
    OSDbg_MutexDelEn                         0x0800eddd   Data           1  os_dbg.o(.constdata)
    OSDbg_MutexPendAbortEn                   0x0800edde   Data           1  os_dbg.o(.constdata)
    OSDbg_MutexSize                          0x0800ede0   Data           2  os_dbg.o(.constdata)
    OSDbg_ObjTypeChkEn                       0x0800ede2   Data           1  os_dbg.o(.constdata)
    OSDbg_PendMultiEn                        0x0800ede3   Data           1  os_dbg.o(.constdata)
    OSDbg_PendDataSize                       0x0800ede4   Data           2  os_dbg.o(.constdata)
    OSDbg_PendListSize                       0x0800ede6   Data           2  os_dbg.o(.constdata)
    OSDbg_PendObjSize                        0x0800ede8   Data           2  os_dbg.o(.constdata)
    OSDbg_PrioMax                            0x0800edea   Data           2  os_dbg.o(.constdata)
    OSDbg_PrioTblSize                        0x0800edec   Data           2  os_dbg.o(.constdata)
    OSDbg_PtrSize                            0x0800edee   Data           2  os_dbg.o(.constdata)
    OSDbg_Q                                  0x0800edf0   Data          48  os_dbg.o(.constdata)
    OSDbg_QEn                                0x0800ee20   Data           1  os_dbg.o(.constdata)
    OSDbg_QDelEn                             0x0800ee21   Data           1  os_dbg.o(.constdata)
    OSDbg_QFlushEn                           0x0800ee22   Data           1  os_dbg.o(.constdata)
    OSDbg_QPendAbortEn                       0x0800ee23   Data           1  os_dbg.o(.constdata)
    OSDbg_QSize                              0x0800ee24   Data           2  os_dbg.o(.constdata)
    OSDbg_SchedRoundRobinEn                  0x0800ee26   Data           1  os_dbg.o(.constdata)
    OSDbg_Sem                                0x0800ee28   Data          40  os_dbg.o(.constdata)
    OSDbg_SemEn                              0x0800ee50   Data           1  os_dbg.o(.constdata)
    OSDbg_SemDelEn                           0x0800ee51   Data           1  os_dbg.o(.constdata)
    OSDbg_SemPendAbortEn                     0x0800ee52   Data           1  os_dbg.o(.constdata)
    OSDbg_SemSetEn                           0x0800ee53   Data           1  os_dbg.o(.constdata)
    OSDbg_SemSize                            0x0800ee54   Data           2  os_dbg.o(.constdata)
    OSDbg_RdyList                            0x0800ee56   Data           2  os_dbg.o(.constdata)
    OSDbg_RdyListSize                        0x0800ee58   Data           4  os_dbg.o(.constdata)
    OSDbg_StkWidth                           0x0800ee5c   Data           1  os_dbg.o(.constdata)
    OSDbg_StatTaskEn                         0x0800ee5d   Data           1  os_dbg.o(.constdata)
    OSDbg_StatTaskStkChkEn                   0x0800ee5e   Data           1  os_dbg.o(.constdata)
    OSDbg_TaskChangePrioEn                   0x0800ee5f   Data           1  os_dbg.o(.constdata)
    OSDbg_TaskDelEn                          0x0800ee60   Data           1  os_dbg.o(.constdata)
    OSDbg_TaskQEn                            0x0800ee61   Data           1  os_dbg.o(.constdata)
    OSDbg_TaskQPendAbortEn                   0x0800ee62   Data           1  os_dbg.o(.constdata)
    OSDbg_TaskProfileEn                      0x0800ee63   Data           1  os_dbg.o(.constdata)
    OSDbg_TaskRegTblSize                     0x0800ee64   Data           2  os_dbg.o(.constdata)
    OSDbg_TaskSemPendAbortEn                 0x0800ee66   Data           1  os_dbg.o(.constdata)
    OSDbg_TaskSuspendEn                      0x0800ee67   Data           1  os_dbg.o(.constdata)
    OSDbg_TCBSize                            0x0800ee68   Data           2  os_dbg.o(.constdata)
    OSDbg_TickSpokeSize                      0x0800ee6a   Data           2  os_dbg.o(.constdata)
    OSDbg_TimeDlyHMSMEn                      0x0800ee6c   Data           1  os_dbg.o(.constdata)
    OSDbg_TimeDlyResumeEn                    0x0800ee6d   Data           1  os_dbg.o(.constdata)
    OSDbg_TLS_TblSize                        0x0800ee6e   Data           2  os_dbg.o(.constdata)
    OSDbg_Tmr                                0x0800ee70   Data          52  os_dbg.o(.constdata)
    OSDbg_TmrEn                              0x0800eea4   Data           1  os_dbg.o(.constdata)
    OSDbg_TmrDelEn                           0x0800eea5   Data           1  os_dbg.o(.constdata)
    OSDbg_TmrSize                            0x0800eea6   Data           2  os_dbg.o(.constdata)
    OSDbg_TmrSpokeSize                       0x0800eea8   Data           2  os_dbg.o(.constdata)
    OSDbg_VersionNbr                         0x0800eeaa   Data           2  os_dbg.o(.constdata)
    OSDbg_DataSize                           0x0800eeac   Data           4  os_dbg.o(.constdata)
    Region$$Table$$Base                      0x0800eeb0   Number         0  anon$$obj.o(Region$$Table)
    Region$$Table$$Limit                     0x0800eed0   Number         0  anon$$obj.o(Region$$Table)
    seattime                                 0x20000000   Data           2  main.o(.data)
    power_flag                               0x20000002   Data           1  main.o(.data)
    active_flag                              0x20000003   Data           1  main.o(.data)
    negative_flag                            0x20000004   Data           1  main.o(.data)
    timeout_flag                             0x20000005   Data           1  main.o(.data)
    sport_flag                               0x20000006   Data           1  main.o(.data)
    strain_on                                0x20000007   Data           1  main.o(.data)
    bluetooth_on                             0x20000008   Data           1  main.o(.data)
    motor_flag                               0x20000009   Data           1  main.o(.data)
    bee_flag                                 0x2000000a   Data           1  main.o(.data)
    lowpower_flag                            0x2000000b   Data           1  main.o(.data)
    led_green_flag                           0x2000000c   Data           1  main.o(.data)
    led_red_flag                             0x2000000d   Data           1  main.o(.data)
    store_hour_flag                          0x2000000e   Data           1  main.o(.data)
    system_init_flag                         0x2000000f   Data           1  main.o(.data)
    balance_hour_flag                        0x20000010   Data           1  main.o(.data)
    tmr_active_correct                       0x20000014   Data           4  main.o(.data)
    balance                                  0x20000018   Data           2  main.o(.data)
    balance_level                            0x2000001a   Data           2  main.o(.data)
    posture_store                            0x2000001c   Data           1  main.o(.data)
    tmr_active_count                         0x2000001e   Data           2  main.o(.data)
    tmr_active_push                          0x20000020   Data           2  main.o(.data)
    tmr_active_timeout                       0x20000022   Data           1  main.o(.data)
    tmr_negative_count                       0x20000023   Data           1  main.o(.data)
    tmr_negative_timeout                     0x20000024   Data           1  main.o(.data)
    tmr_timeout_count                        0x20000025   Data           1  main.o(.data)
    tmr_timeout_timeout                      0x20000026   Data           1  main.o(.data)
    tmr_sport_count                          0x20000027   Data           1  main.o(.data)
    tmr_sport_timeout                        0x20000028   Data           1  main.o(.data)
    tmr_store_count                          0x2000002a   Data           2  main.o(.data)
    tmr_store_timeout                        0x2000002c   Data           1  main.o(.data)
    SystemCoreClock                          0x20000030   Data           4  system_stm32f10x.o(.data)
    AHBPrescTable                            0x20000034   Data          16  system_stm32f10x.o(.data)
    time_data                                0x20000044   Data           7  ds1302.o(.data)
    read_data                                0x2000004b   Data           7  ds1302.o(.data)
    write_add                                0x20000052   Data           7  ds1302.o(.data)
    read_add                                 0x20000059   Data           7  ds1302.o(.data)
    disp                                     0x20000060   Data           6  ds1302.o(.data)
    __stdout                                 0x2000006c   Data           4  usart.o(.data)
    USART_RX_STA                             0x20000070   Data           2  usart.o(.data)
    USART3_RX_STA                            0x20000072   Data           2  usart3.o(.data)
    CPU_TS_TmrFreq_Hz                        0x20000088   Data           4  cpu_core.o(.data)
    Mem_PoolTbl                              0x2000008c   Data           4  lib_mem.o(.data)
    OSPrioTbl                                0x20000090   Data           8  os_prio.o(.data)
    OS_AppTaskCreateHookPtr                  0x20000098   Data           4  os_var.o(.data)
    OS_AppTaskDelHookPtr                     0x2000009c   Data           4  os_var.o(.data)
    OS_AppTaskReturnHookPtr                  0x200000a0   Data           4  os_var.o(.data)
    OS_AppIdleTaskHookPtr                    0x200000a4   Data           4  os_var.o(.data)
    OS_AppStatTaskHookPtr                    0x200000a8   Data           4  os_var.o(.data)
    OS_AppTaskSwHookPtr                      0x200000ac   Data           4  os_var.o(.data)
    OS_AppTimeTickHookPtr                    0x200000b0   Data           4  os_var.o(.data)
    OSIdleTaskCtr                            0x200000b4   Data           4  os_var.o(.data)
    OSIntNestingCtr                          0x200000b8   Data           1  os_var.o(.data)
    OSRunning                                0x200000b9   Data           1  os_var.o(.data)
    OSIntQInPtr                              0x200000bc   Data           4  os_var.o(.data)
    OSIntQOutPtr                             0x200000c0   Data           4  os_var.o(.data)
    OSIntQNbrEntries                         0x200000c4   Data           2  os_var.o(.data)
    OSIntQNbrEntriesMax                      0x200000c6   Data           2  os_var.o(.data)
    OSIntQOvfCtr                             0x200000c8   Data           2  os_var.o(.data)
    OSIntQTaskTimeMax                        0x200000cc   Data           4  os_var.o(.data)
    OSFlagDbgListPtr                         0x200000d0   Data           4  os_var.o(.data)
    OSFlagQty                                0x200000d4   Data           2  os_var.o(.data)
    OSMemDbgListPtr                          0x200000d8   Data           4  os_var.o(.data)
    OSMemQty                                 0x200000dc   Data           2  os_var.o(.data)
    OSMutexDbgListPtr                        0x200000e0   Data           4  os_var.o(.data)
    OSMutexQty                               0x200000e4   Data           2  os_var.o(.data)
    OSPrioCur                                0x200000e6   Data           1  os_var.o(.data)
    OSPrioHighRdy                            0x200000e7   Data           1  os_var.o(.data)
    OSPrioSaved                              0x200000e8   Data           1  os_var.o(.data)
    OSQDbgListPtr                            0x200000ec   Data           4  os_var.o(.data)
    OSQQty                                   0x200000f0   Data           2  os_var.o(.data)
    OSSchedLockTimeBegin                     0x200000f4   Data           4  os_var.o(.data)
    OSSchedLockTimeMax                       0x200000f8   Data           4  os_var.o(.data)
    OSSchedLockTimeMaxCur                    0x200000fc   Data           4  os_var.o(.data)
    OSSchedLockNestingCtr                    0x20000100   Data           1  os_var.o(.data)
    OSSchedRoundRobinDfltTimeQuanta          0x20000104   Data           4  os_var.o(.data)
    OSSchedRoundRobinEn                      0x20000108   Data           1  os_var.o(.data)
    OSSemDbgListPtr                          0x2000010c   Data           4  os_var.o(.data)
    OSSemQty                                 0x20000110   Data           2  os_var.o(.data)
    OSStatResetFlag                          0x20000112   Data           1  os_var.o(.data)
    OSStatTaskCPUUsage                       0x20000114   Data           2  os_var.o(.data)
    OSStatTaskCPUUsageMax                    0x20000116   Data           2  os_var.o(.data)
    OSStatTaskCtr                            0x20000118   Data           4  os_var.o(.data)
    OSStatTaskCtrMax                         0x2000011c   Data           4  os_var.o(.data)
    OSStatTaskCtrRun                         0x20000120   Data           4  os_var.o(.data)
    OSStatTaskRdy                            0x20000124   Data           1  os_var.o(.data)
    OSStatTaskTimeMax                        0x20000128   Data           4  os_var.o(.data)
    OSTaskCtxSwCtr                           0x2000012c   Data           4  os_var.o(.data)
    OSTaskDbgListPtr                         0x20000130   Data           4  os_var.o(.data)
    OSTaskQty                                0x20000134   Data           2  os_var.o(.data)
    OSTaskRegNextAvailID                     0x20000136   Data           1  os_var.o(.data)
    OSTickCtr                                0x20000138   Data           4  os_var.o(.data)
    OSTickTaskTimeMax                        0x2000013c   Data           4  os_var.o(.data)
    OSTmrDbgListPtr                          0x20000140   Data           4  os_var.o(.data)
    OSTmrQty                                 0x20000144   Data           2  os_var.o(.data)
    OSTmrTaskTimeMax                         0x20000148   Data           4  os_var.o(.data)
    OSTmrTickCtr                             0x2000014c   Data           4  os_var.o(.data)
    OSTmrUpdateCnt                           0x20000150   Data           4  os_var.o(.data)
    OSTmrUpdateCtr                           0x20000154   Data           4  os_var.o(.data)
    OSTCBCurPtr                              0x20000158   Data           4  os_var.o(.data)
    OSTCBHighRdyPtr                          0x2000015c   Data           4  os_var.o(.data)
    OS_CPU_ExceptStkBase                     0x20000160   Data           4  os_cpu_c.o(.data)
    StartTaskTCB                             0x20000164   Data         196  main.o(.bss)
    START_TASK_STK                           0x20000228   Data        2048  main.o(.bss)
    CORETaskTCB                              0x20000a28   Data         196  main.o(.bss)
    CORE_TASK_STK                            0x20000aec   Data         512  main.o(.bss)
    TIMEOUTTaskTCB                           0x20000cec   Data         196  main.o(.bss)
    TIMEOUT_TASK_STK                         0x20000db0   Data         512  main.o(.bss)
    ACTIVETaskTCB                            0x20000fb0   Data         196  main.o(.bss)
    ACTIVE_TASK_STK                          0x20001074   Data         512  main.o(.bss)
    NEGATIVETaskTCB                          0x20001274   Data         196  main.o(.bss)
    NEGATIVE_TASK_STK                        0x20001338   Data         512  main.o(.bss)
    BALANCETaskTCB                           0x20001538   Data         196  main.o(.bss)
    BALANCE_TASK_STK                         0x200015fc   Data         512  main.o(.bss)
    BLUETOOTHTaskTCB                         0x200017fc   Data         196  main.o(.bss)
    BLUETOOTH_TASK_STK                       0x200018c0   Data         512  main.o(.bss)
    BATTERYTaskTCB                           0x20001ac0   Data         196  main.o(.bss)
    BATTERY_TASK_STK                         0x20001b84   Data         512  main.o(.bss)
    tmr_active                               0x20001d84   Data          52  main.o(.bss)
    tmr_negative                             0x20001db8   Data          52  main.o(.bss)
    tmr_timeout                              0x20001dec   Data          52  main.o(.bss)
    tmr_sport                                0x20001e20   Data          52  main.o(.bss)
    tmr_store                                0x20001e54   Data          52  main.o(.bss)
    ActiveSem                                0x20001e88   Data          40  main.o(.bss)
    NegativeSem                              0x20001eb0   Data          40  main.o(.bss)
    store_stack                              0x20001ed8   Data          29  24cxx.o(.bss)
    USART_RX_BUF                             0x20001ef5   Data         200  usart.o(.bss)
    USART3_TX_BUF                            0x20001fbd   Data         200  usart3.o(.bss)
    USART3_RX_BUF                            0x20002085   Data         200  usart3.o(.bss)
    CPU_Name                                 0x2000214d   Data          16  cpu_core.o(.bss)
    Mem_PoolHeap                             0x20002160   Data          72  lib_mem.o(.bss)
    Mem_Heap                                 0x200021a8   Data        1024  lib_mem.o(.bss)
    OSCfg_IdleTaskStk                        0x200025a8   Data         512  os_cfg_app.o(.bss)
    OSCfg_IntQ                               0x200027a8   Data         320  os_cfg_app.o(.bss)
    OSCfg_IntQTaskStk                        0x200028e8   Data         512  os_cfg_app.o(.bss)
    OSCfg_ISRStk                             0x20002ae8   Data         512  os_cfg_app.o(.bss)
    OSCfg_MsgPool                            0x20002ce8   Data        1600  os_cfg_app.o(.bss)
    OSCfg_StatTaskStk                        0x20003328   Data         512  os_cfg_app.o(.bss)
    OSCfg_TickTaskStk                        0x20003528   Data         512  os_cfg_app.o(.bss)
    OSCfg_TickWheel                          0x20003728   Data         136  os_cfg_app.o(.bss)
    OSCfg_TmrTaskStk                         0x200037b0   Data         512  os_cfg_app.o(.bss)
    OSCfg_TmrWheel                           0x200039b0   Data         136  os_cfg_app.o(.bss)
    OSIdleTaskTCB                            0x20003a38   Data         196  os_var.o(.bss)
    OSIntQTaskTCB                            0x20003afc   Data         196  os_var.o(.bss)
    OSMsgPool                                0x20003bc0   Data          12  os_var.o(.bss)
    OSRdyList                                0x20003bcc   Data         768  os_var.o(.bss)
    OSStatTaskTCB                            0x20003ecc   Data         196  os_var.o(.bss)
    OSTickTaskTCB                            0x20003f90   Data         196  os_var.o(.bss)
    OSTmrTaskTCB                             0x20004054   Data         196  os_var.o(.bss)
    __libspace_start                         0x20004118   Data          96  libspace.o(.bss)
    __temporary_stack_top$libspace           0x20004178   Data           0  libspace.o(.bss)



==============================================================================

Memory Map of the image

  Image Entry point : 0x08000131

  Load Region LR_IROM1 (Base: 0x08000000, Size: 0x0000f034, Max: 0x00040000, ABSOLUTE, COMPRESSED[0x0000ef08])

    Execution Region ER_IROM1 (Base: 0x08000000, Size: 0x0000eed0, Max: 0x00040000, ABSOLUTE)

    Base Addr    Size         Type   Attr      Idx    E Section Name        Object

    0x08000000   0x00000130   Data   RO          518    RESET               startup_stm32f10x_hd.o
    0x08000130   0x00000008   Code   RO         1074  * !!!main             c_w.l(__main.o)
    0x08000138   0x00000034   Code   RO         1300    !!!scatter          c_w.l(__scatter.o)
    0x0800016c   0x0000005a   Code   RO         1298    !!dczerorl2         c_w.l(__dczerorl2.o)
    0x080001c6   0x00000002   PAD
    0x080001c8   0x0000001c   Code   RO         1302    !!handler_zi        c_w.l(__scatter_zi.o)
    0x080001e4   0x00000000   Code   RO         1065    .ARM.Collect$$_printf_percent$$00000000  c_w.l(_printf_percent.o)
    0x080001e4   0x00000006   Code   RO         1064    .ARM.Collect$$_printf_percent$$00000009  c_w.l(_printf_d.o)
    0x080001ea   0x00000004   Code   RO         1125    .ARM.Collect$$_printf_percent$$00000017  c_w.l(_printf_percent_end.o)
    0x080001ee   0x00000002   Code   RO         1173    .ARM.Collect$$libinit$$00000000  c_w.l(libinit.o)
    0x080001f0   0x00000000   Code   RO         1186    .ARM.Collect$$libinit$$00000002  c_w.l(libinit2.o)
    0x080001f0   0x00000000   Code   RO         1188    .ARM.Collect$$libinit$$00000004  c_w.l(libinit2.o)
    0x080001f0   0x00000000   Code   RO         1191    .ARM.Collect$$libinit$$0000000A  c_w.l(libinit2.o)
    0x080001f0   0x00000000   Code   RO         1193    .ARM.Collect$$libinit$$0000000C  c_w.l(libinit2.o)
    0x080001f0   0x00000000   Code   RO         1195    .ARM.Collect$$libinit$$0000000E  c_w.l(libinit2.o)
    0x080001f0   0x00000000   Code   RO         1198    .ARM.Collect$$libinit$$00000011  c_w.l(libinit2.o)
    0x080001f0   0x00000000   Code   RO         1200    .ARM.Collect$$libinit$$00000013  c_w.l(libinit2.o)
    0x080001f0   0x00000000   Code   RO         1202    .ARM.Collect$$libinit$$00000015  c_w.l(libinit2.o)
    0x080001f0   0x00000000   Code   RO         1204    .ARM.Collect$$libinit$$00000017  c_w.l(libinit2.o)
    0x080001f0   0x00000000   Code   RO         1206    .ARM.Collect$$libinit$$00000019  c_w.l(libinit2.o)
    0x080001f0   0x00000000   Code   RO         1208    .ARM.Collect$$libinit$$0000001B  c_w.l(libinit2.o)
    0x080001f0   0x00000000   Code   RO         1210    .ARM.Collect$$libinit$$0000001D  c_w.l(libinit2.o)
    0x080001f0   0x00000000   Code   RO         1212    .ARM.Collect$$libinit$$0000001F  c_w.l(libinit2.o)
    0x080001f0   0x00000000   Code   RO         1214    .ARM.Collect$$libinit$$00000021  c_w.l(libinit2.o)
    0x080001f0   0x00000000   Code   RO         1216    .ARM.Collect$$libinit$$00000023  c_w.l(libinit2.o)
    0x080001f0   0x00000000   Code   RO         1218    .ARM.Collect$$libinit$$00000025  c_w.l(libinit2.o)
    0x080001f0   0x00000000   Code   RO         1222    .ARM.Collect$$libinit$$0000002C  c_w.l(libinit2.o)
    0x080001f0   0x00000000   Code   RO         1224    .ARM.Collect$$libinit$$0000002E  c_w.l(libinit2.o)
    0x080001f0   0x00000000   Code   RO         1226    .ARM.Collect$$libinit$$00000030  c_w.l(libinit2.o)
    0x080001f0   0x00000000   Code   RO         1228    .ARM.Collect$$libinit$$00000032  c_w.l(libinit2.o)
    0x080001f0   0x00000002   Code   RO         1229    .ARM.Collect$$libinit$$00000033  c_w.l(libinit2.o)
    0x080001f2   0x00000002   Code   RO         1255    .ARM.Collect$$libshutdown$$00000000  c_w.l(libshutdown.o)
    0x080001f4   0x00000000   Code   RO         1283    .ARM.Collect$$libshutdown$$00000003  c_w.l(libshutdown2.o)
    0x080001f4   0x00000000   Code   RO         1286    .ARM.Collect$$libshutdown$$00000006  c_w.l(libshutdown2.o)
    0x080001f4   0x00000000   Code   RO         1289    .ARM.Collect$$libshutdown$$00000009  c_w.l(libshutdown2.o)
    0x080001f4   0x00000000   Code   RO         1291    .ARM.Collect$$libshutdown$$0000000B  c_w.l(libshutdown2.o)
    0x080001f4   0x00000000   Code   RO         1294    .ARM.Collect$$libshutdown$$0000000E  c_w.l(libshutdown2.o)
    0x080001f4   0x00000002   Code   RO         1295    .ARM.Collect$$libshutdown$$0000000F  c_w.l(libshutdown2.o)
    0x080001f6   0x00000000   Code   RO         1116    .ARM.Collect$$rtentry$$00000000  c_w.l(__rtentry.o)
    0x080001f6   0x00000000   Code   RO         1136    .ARM.Collect$$rtentry$$00000002  c_w.l(__rtentry2.o)
    0x080001f6   0x00000006   Code   RO         1148    .ARM.Collect$$rtentry$$00000004  c_w.l(__rtentry4.o)
    0x080001fc   0x00000000   Code   RO         1138    .ARM.Collect$$rtentry$$00000009  c_w.l(__rtentry2.o)
    0x080001fc   0x00000004   Code   RO         1139    .ARM.Collect$$rtentry$$0000000A  c_w.l(__rtentry2.o)
    0x08000200   0x00000000   Code   RO         1141    .ARM.Collect$$rtentry$$0000000C  c_w.l(__rtentry2.o)
    0x08000200   0x00000008   Code   RO         1142    .ARM.Collect$$rtentry$$0000000D  c_w.l(__rtentry2.o)
    0x08000208   0x00000002   Code   RO         1177    .ARM.Collect$$rtexit$$00000000  c_w.l(rtexit.o)
    0x0800020a   0x00000000   Code   RO         1231    .ARM.Collect$$rtexit$$00000002  c_w.l(rtexit2.o)
    0x0800020a   0x00000004   Code   RO         1232    .ARM.Collect$$rtexit$$00000003  c_w.l(rtexit2.o)
    0x0800020e   0x00000006   Code   RO         1233    .ARM.Collect$$rtexit$$00000004  c_w.l(rtexit2.o)
    0x08000214   0x00001388   Code   RO            1    .text               main.o
    0x0800159c   0x00000016   Code   RO          195    .text               stm32f10x_it.o
    0x080015b2   0x00000002   PAD
    0x080015b4   0x000001e0   Code   RO          227    .text               system_stm32f10x.o
    0x08001794   0x0000003c   Code   RO          245    .text               led.o
    0x080017d0   0x00000148   Code   RO          257    .text               adc.o
    0x08001918   0x000000ac   Code   RO          269    .text               exti.o
    0x080019c4   0x00000048   Code   RO          289    .text               key.o
    0x08001a0c   0x000004cc   Code   RO          301    .text               24cxx.o
    0x08001ed8   0x00000270   Code   RO          316    .text               myiic.o
    0x08002148   0x00000070   Code   RO          328    .text               motor.o
    0x080021b8   0x0000032c   Code   RO          340    .text               ds1302.o
    0x080024e4   0x00000070   Code   RO          366    .text               bee.o
    0x08002554   0x00000070   Code   RO          378    .text               power.o
    0x080025c4   0x00000048   Code   RO          390    .text               wkup.o
    0x0800260c   0x000000e6   Code   RO          402    .text               rtc_alarm.o
    0x080026f2   0x00000002   PAD
    0x080026f4   0x0000014c   Code   RO          420    .text               delay.o
    0x08002840   0x00000150   Code   RO          451    .text               usart.o
    0x08002990   0x00000570   Code   RO          474    .text               usart3.o
    0x08002f00   0x00000060   Code   RO          494    .text               gpio.o
    0x08002f60   0x00000040   Code   RO          519    .text               startup_stm32f10x_hd.o
    0x08002fa0   0x000000dc   Code   RO          523    .text               misc.o
    0x0800307c   0x0000035c   Code   RO          535    .text               stm32f10x_gpio.o
    0x080033d8   0x00000408   Code   RO          547    .text               stm32f10x_usart.o
    0x080037e0   0x000003a4   Code   RO          559    .text               stm32f10x_rcc.o
    0x08003b84   0x0000044e   Code   RO          573    .text               stm32f10x_adc.o
    0x08003fd2   0x00000002   PAD
    0x08003fd4   0x0000011c   Code   RO          585    .text               stm32f10x_exti.o
    0x080040f0   0x000000cc   Code   RO          597    .text               stm32f10x_pwr.o
    0x080041bc   0x000000c4   Code   RO          609    .text               stm32f10x_bkp.o
    0x08004280   0x00000148   Code   RO          621    .text               stm32f10x_rtc.o
    0x080043c8   0x00000084   Code   RO          633    .text               bsp.o
    0x0800444c   0x000002a8   Code   RO          648    .text               cpu_core.o
    0x080046f4   0x00000034   Code   RO          686    .text               cpu_a.o
    0x08004728   0x00000256   Code   RO          689    .text               lib_ascii.o
    0x0800497e   0x00000002   PAD
    0x08004980   0x000009c6   Code   RO          722    .text               lib_mem.o
    0x08005346   0x00000002   PAD
    0x08005348   0x0000092c   Code   RO          741    .text               lib_str.o
    0x08005c74   0x00000220   Code   RO          758    .text               lib_mem_a.o
    0x08005e94   0x000000fc   Code   RO          761    .text               os_cfg_app.o
    0x08005f90   0x00000e04   Code   RO          784    .text               os_core.o
    0x08006d94   0x000001b0   Code   RO          796    .text               os_dbg.o
    0x08006f44   0x00000e28   Code   RO          811    .text               os_flag.o
    0x08007d6c   0x00000444   Code   RO          823    .text               os_int.o
    0x080081b0   0x00000238   Code   RO          835    .text               os_mem.o
    0x080083e8   0x0000022c   Code   RO          847    .text               os_msg.o
    0x08008614   0x00000ad4   Code   RO          859    .text               os_mutex.o
    0x080090e8   0x0000007c   Code   RO          877    .text               os_prio.o
    0x08009164   0x000008d8   Code   RO          896    .text               os_q.o
    0x08009a3c   0x00000830   Code   RO          908    .text               os_sem.o
    0x0800a26c   0x00000638   Code   RO          920    .text               os_stat.o
    0x0800a8a4   0x00001bb4   Code   RO          932    .text               os_task.o
    0x0800c458   0x000004fc   Code   RO          944    .text               os_tick.o
    0x0800c954   0x00000564   Code   RO          956    .text               os_time.o
    0x0800ceb8   0x00000818   Code   RO          968    .text               os_tmr.o
    0x0800d6d0   0x0000026c   Code   RO          997    .text               os_cpu_c.o
    0x0800d93c   0x00000002   Code   RO         1032    .text               c_w.l(use_no_semi_2.o)
    0x0800d93e   0x000000ee   Code   RO         1034    .text               c_w.l(lludivv7m.o)
    0x0800da2c   0x00000018   Code   RO         1038    .text               c_w.l(noretval__2printf.o)
    0x0800da44   0x00000068   Code   RO         1040    .text               c_w.l(__printf.o)
    0x0800daac   0x00000078   Code   RO         1042    .text               c_w.l(_printf_dec.o)
    0x0800db24   0x00000096   Code   RO         1066    .text               c_w.l(strncmp.o)
    0x0800dbba   0x00000044   Code   RO         1068    .text               c_w.l(rt_memclr.o)
    0x0800dbfe   0x0000004e   Code   RO         1070    .text               c_w.l(rt_memclr_w.o)
    0x0800dc4c   0x00000006   Code   RO         1072    .text               c_w.l(heapauxi.o)
    0x0800dc52   0x00000002   Code   RO         1114    .text               c_w.l(use_no_semi.o)
    0x0800dc54   0x000000b2   Code   RO         1121    .text               c_w.l(_printf_intcommon.o)
    0x0800dd06   0x00000002   PAD
    0x0800dd08   0x00000024   Code   RO         1123    .text               c_w.l(_printf_char_file.o)
    0x0800dd2c   0x00000030   Code   RO         1152    .text               c_w.l(_printf_char_common.o)
    0x0800dd5c   0x00000008   Code   RO         1154    .text               c_w.l(ferror.o)
    0x0800dd64   0x0000004a   Code   RO         1158    .text               c_w.l(sys_stackheap_outer.o)
    0x0800ddae   0x0000000c   Code   RO         1162    .text               c_w.l(exit.o)
    0x0800ddba   0x00000002   PAD
    0x0800ddbc   0x00000008   Code   RO         1174    .text               c_w.l(libspace.o)
    0x0800ddc4   0x00000098   Code   RO          994    CODE                os_cpu_a.o
    0x0800de5c   0x00000062   Code   RO         1076    x$fpl$d2f           fz_ws.l(d2f.o)
    0x0800debe   0x00000002   PAD
    0x0800dec0   0x00000150   Code   RO         1078    x$fpl$dadd          fz_ws.l(daddsub_clz.o)
    0x0800e010   0x000002b0   Code   RO         1085    x$fpl$ddiv          fz_ws.l(ddiv.o)
    0x0800e2c0   0x0000005a   Code   RO         1088    x$fpl$dfixu         fz_ws.l(dfixu.o)
    0x0800e31a   0x00000002   PAD
    0x0800e31c   0x00000154   Code   RO         1092    x$fpl$dmul          fz_ws.l(dmul.o)
    0x0800e470   0x0000009c   Code   RO         1126    x$fpl$dnaninf       fz_ws.l(dnaninf.o)
    0x0800e50c   0x0000000c   Code   RO         1128    x$fpl$dretinf       fz_ws.l(dretinf.o)
    0x0800e518   0x000001d4   Code   RO         1080    x$fpl$dsub          fz_ws.l(daddsub_clz.o)
    0x0800e6ec   0x00000056   Code   RO         1094    x$fpl$f2d           fz_ws.l(f2d.o)
    0x0800e742   0x00000002   PAD
    0x0800e744   0x000000c4   Code   RO         1096    x$fpl$fadd          fz_ws.l(faddsub_clz.o)
    0x0800e808   0x0000003e   Code   RO         1102    x$fpl$ffixu         fz_ws.l(ffixu.o)
    0x0800e846   0x00000002   PAD
    0x0800e848   0x00000026   Code   RO         1106    x$fpl$ffltu         fz_ws.l(fflt_clz.o)
    0x0800e86e   0x00000002   PAD
    0x0800e870   0x00000102   Code   RO         1112    x$fpl$fmul          fz_ws.l(fmul.o)
    0x0800e972   0x0000008c   Code   RO         1130    x$fpl$fnaninf       fz_ws.l(fnaninf.o)
    0x0800e9fe   0x0000000a   Code   RO         1132    x$fpl$fretinf       fz_ws.l(fretinf.o)
    0x0800ea08   0x00000014   Code   RO         1097    x$fpl$frsb          fz_ws.l(faddsub_clz.o)
    0x0800ea1c   0x000000ea   Code   RO         1098    x$fpl$fsub          fz_ws.l(faddsub_clz.o)
    0x0800eb06   0x00000000   Code   RO         1134    x$fpl$usenofp       fz_ws.l(usenofp.o)
    0x0800eb06   0x00000002   PAD
    0x0800eb08   0x00000104   Data   RO          650    .constdata          cpu_core.o
    0x0800ec0c   0x00000094   Data   RO          742    .constdata          lib_str.o
    0x0800eca0   0x000000a4   Data   RO          763    .constdata          os_cfg_app.o
    0x0800ed44   0x0000016c   Data   RO          797    .constdata          os_dbg.o
    0x0800eeb0   0x00000020   Data   RO         1296    Region$$Table       anon$$obj.o


    Execution Region RW_IRAM1 (Base: 0x20000000, Size: 0x00004b78, Max: 0x0000c000, ABSOLUTE, COMPRESSED[0x00000038])

    Base Addr    Size         Type   Attr      Idx    E Section Name        Object

    0x20000000   0x0000002d   Data   RW            3    .data               main.o
    0x2000002d   0x00000003   PAD
    0x20000030   0x00000014   Data   RW          228    .data               system_stm32f10x.o
    0x20000044   0x00000022   Data   RW          341    .data               ds1302.o
    0x20000066   0x00000004   Data   RW          421    .data               delay.o
    0x2000006a   0x00000002   PAD
    0x2000006c   0x00000006   Data   RW          453    .data               usart.o
    0x20000072   0x00000002   Data   RW          476    .data               usart3.o
    0x20000074   0x00000014   Data   RW          560    .data               stm32f10x_rcc.o
    0x20000088   0x00000004   Data   RW          651    .data               cpu_core.o
    0x2000008c   0x00000004   Data   RW          724    .data               lib_mem.o
    0x20000090   0x00000008   Data   RW          878    .data               os_prio.o
    0x20000098   0x000000c8   Data   RW          981    .data               os_var.o
    0x20000160   0x00000004   Data   RW          998    .data               os_cpu_c.o
    0x20000164   0x00001d74   Zero   RW            2    .bss                main.o
    0x20001ed8   0x0000001d   Zero   RW          302    .bss                24cxx.o
    0x20001ef5   0x000000c8   Zero   RW          452    .bss                usart.o
    0x20001fbd   0x00000190   Zero   RW          475    .bss                usart3.o
    0x2000214d   0x00000010   Zero   RW          649    .bss                cpu_core.o
    0x2000215d   0x00000003   PAD
    0x20002160   0x00000448   Zero   RW          723    .bss                lib_mem.o
    0x200025a8   0x00001490   Zero   RW          762    .bss                os_cfg_app.o
    0x20003a38   0x000006e0   Zero   RW          980    .bss                os_var.o
    0x20004118   0x00000060   Zero   RW         1175    .bss                c_w.l(libspace.o)
    0x20004178   0x00000200   Zero   RW          517    HEAP                startup_stm32f10x_hd.o
    0x20004378   0x00000800   Zero   RW          516    STACK               startup_stm32f10x_hd.o


==============================================================================

Image component sizes


      Code (inc. data)   RO Data    RW Data    ZI Data      Debug   Object Name

      1228         30          0          0         29       4053   24cxx.o
       328         16          0          0          0       1298   adc.o
       112         12          0          0          0        690   bee.o
       132         12          0          0          0       1147   bsp.o
        52          0          0          0          0        340   cpu_a.o
       680         14        260          4         16      14319   cpu_core.o
       332         28          0          4          0       1801   delay.o
       812         32          0         34          0       2690   ds1302.o
       172          6          0          0          0        865   exti.o
        96         18          0          0          0        512   gpio.o
        72         10          0          0          0        503   key.o
        60          4          0          0          0        491   led.o
       598          0          0          0          0       3704   lib_ascii.o
      2502         32          0          4       1096      21780   lib_mem.o
       544          0          0          0          0        484   lib_mem_a.o
      2348          6        148          0          0      13082   lib_str.o
      5000        792          0         45       7540     294126   main.o
       220         22          0          0          0       1841   misc.o
       112         12          0          0          0        706   motor.o
       624         14          0          0          0       2000   myiic.o
       252        166        164          0       5264      20938   os_cfg_app.o
      3588        294          0          0          0      12049   os_core.o
       152         32          0          0          0        396   os_cpu_a.o
       620         66          0          4          0       3785   os_cpu_c.o
       432        286        364          0          0       4773   os_dbg.o
      3624        110          0          0          0       7711   os_flag.o
      1092        146          0          0          0       2284   os_int.o
       568         20          0          0          0       2684   os_mem.o
       556         12          0          0          0       2747   os_msg.o
      2772        114          0          0          0       5406   os_mutex.o
       124          4          0          8          0       1776   os_prio.o
      2264         76          0          0          0       6084   os_q.o
      2096         70          0          0          0       6096   os_sem.o
      1592        180          0          0          0       2789   os_stat.o
      7092        270          0          0          0      13458   os_task.o
      1276         90          0          0          0       3241   os_tick.o
      1380         46          0          0          0       3181   os_time.o
      2072        140          0          0          0       6282   os_tmr.o
         0          0          0        200       1760      19373   os_var.o
       112         12          0          0          0        706   power.o
       230          0          0          0          0       1183   rtc_alarm.o
        64         26        304          0       2560        796   startup_stm32f10x_hd.o
      1102         26          0          0          0      10873   stm32f10x_adc.o
       196          8          0          0          0       3504   stm32f10x_bkp.o
       284         10          0          0          0       2275   stm32f10x_exti.o
       860         38          0          0          0       5689   stm32f10x_gpio.o
        22          0          0          0          0       1003   stm32f10x_it.o
       204         14          0          0          0       1935   stm32f10x_pwr.o
       932         36          0         20          0       8868   stm32f10x_rcc.o
       328          4          0          0          0       2686   stm32f10x_rtc.o
      1032         22          0          0          0       8408   stm32f10x_usart.o
         0          0          0          0          0         32   sys.o
       480         38          0         20          0       1755   system_stm32f10x.o
       336         18          0          6        200       3234   usart.o
      1392        172          0          2        400       3413   usart3.o
        72          0          0          0          0        836   wkup.o

    ----------------------------------------------------------------------
     55232       3606       1272        356      18868     548681   Object Totals
         0          0         32          0          0          0   (incl. Generated)
        10          0          0          5          3          0   (incl. Padding)

    ----------------------------------------------------------------------

      Code (inc. data)   RO Data    RW Data    ZI Data      Debug   Library Member Name

        90          0          0          0          0          0   __dczerorl2.o
         8          0          0          0          0         68   __main.o
       104          0          0          0          0         84   __printf.o
         0          0          0          0          0          0   __rtentry.o
        12          0          0          0          0          0   __rtentry2.o
         6          0          0          0          0          0   __rtentry4.o
        52          8          0          0          0          0   __scatter.o
        28          0          0          0          0          0   __scatter_zi.o
        48          6          0          0          0         96   _printf_char_common.o
        36          4          0          0          0         80   _printf_char_file.o
         6          0          0          0          0          0   _printf_d.o
       120         16          0          0          0         92   _printf_dec.o
       178          0          0          0          0         88   _printf_intcommon.o
         0          0          0          0          0          0   _printf_percent.o
         4          0          0          0          0          0   _printf_percent_end.o
        12          0          0          0          0         72   exit.o
         8          0          0          0          0         68   ferror.o
         6          0          0          0          0        152   heapauxi.o
         2          0          0          0          0          0   libinit.o
         2          0          0          0          0          0   libinit2.o
         2          0          0          0          0          0   libshutdown.o
         2          0          0          0          0          0   libshutdown2.o
         8          4          0          0         96         68   libspace.o
       238          0          0          0          0        100   lludivv7m.o
        24          4          0          0          0         84   noretval__2printf.o
        68          0          0          0          0         68   rt_memclr.o
        78          0          0          0          0         80   rt_memclr_w.o
         2          0          0          0          0          0   rtexit.o
        10          0          0          0          0          0   rtexit2.o
       150          0          0          0          0         80   strncmp.o
        74          0          0          0          0         80   sys_stackheap_outer.o
         2          0          0          0          0         68   use_no_semi.o
         2          0          0          0          0         68   use_no_semi_2.o
        98          4          0          0          0         92   d2f.o
       804         16          0          0          0        272   daddsub_clz.o
       688        140          0          0          0        208   ddiv.o
        90          4          0          0          0         92   dfixu.o
       340         12          0          0          0        104   dmul.o
       156          4          0          0          0         92   dnaninf.o
        12          0          0          0          0         68   dretinf.o
        86          4          0          0          0         84   f2d.o
       450          8          0          0          0        236   faddsub_clz.o
        62          4          0          0          0         84   ffixu.o
        38          0          0          0          0         68   fflt_clz.o
       258          4          0          0          0         84   fmul.o
       140          4          0          0          0         84   fnaninf.o
        10          0          0          0          0         68   fretinf.o
         0          0          0          0          0          0   usenofp.o

    ----------------------------------------------------------------------
      4632        246          0          0         96       3132   Library Totals
        18          0          0          0          0          0   (incl. Padding)

    ----------------------------------------------------------------------

      Code (inc. data)   RO Data    RW Data    ZI Data      Debug   Library Name

      1382         42          0          0         96       1496   c_w.l
      3232        204          0          0          0       1636   fz_ws.l

    ----------------------------------------------------------------------
      4632        246          0          0         96       3132   Library Totals

    ----------------------------------------------------------------------

==============================================================================


      Code (inc. data)   RO Data    RW Data    ZI Data      Debug   

     59864       3852       1272        356      18964     545257   Grand Totals
     59864       3852       1272         56      18964     545257   ELF Image Totals (compressed)
     59864       3852       1272         56          0          0   ROM Totals

==============================================================================

    Total RO  Size (Code + RO Data)                61136 (  59.70kB)
    Total RW  Size (RW Data + ZI Data)             19320 (  18.87kB)
    Total ROM Size (Code + RO Data + RW Data)      61192 (  59.76kB)

==============================================================================

